Archive member included to satisfy reference by file (symbol)

../Middlewares/ST/AI/Lib\NetworkRuntime400_CM4_GCC.a(ai_platform_interface.o)
                              Src/imageclassify.o (ai_platform_api_get_network_report)
../Middlewares/ST/AI/Lib\NetworkRuntime400_CM4_GCC.a(core_common.o)
                              ../Middlewares/ST/AI/Lib\NetworkRuntime400_CM4_GCC.a(ai_platform_interface.o) (core_get_error)
../Middlewares/ST/AI/Lib\NetworkRuntime400_CM4_GCC.a(layers.o)
                              ../Middlewares/ST/AI/Lib\NetworkRuntime400_CM4_GCC.a(ai_platform_interface.o) (ai_check_custom_types)
../Middlewares/ST/AI/Lib\NetworkRuntime400_CM4_GCC.a(layers_conv2d_generic_float.o)
                              Src/imageclassify.o (forward_dense)
../Middlewares/ST/AI/Lib\NetworkRuntime400_CM4_GCC.a(layers_nl_generic_float.o)
                              Src/imageclassify.o (forward_relu)
../Middlewares/ST/AI/Lib\NetworkRuntime400_CM4_GCC.a(ai_datatypes_format.o)
                              ../Middlewares/ST/AI/Lib\NetworkRuntime400_CM4_GCC.a(ai_platform_interface.o) (ai_array_get_byte_size)
../Middlewares/ST/AI/Lib\NetworkRuntime400_CM4_GCC.a(ai_math_helpers.o)
                              ../Middlewares/ST/AI/Lib\NetworkRuntime400_CM4_GCC.a(layers_nl_generic_float.o) (ai_math_sqrt)
c:/st/stm32cubeide_1.0.2/stm32cubeide/plugins/com.st.stm32cube.ide.mcu.externaltools.gnu-tools-for-stm32.7-2018-q2-update.win32_1.0.0.201904181610/tools/bin/../lib/gcc/arm-none-eabi/7.3.1/../../../../arm-none-eabi/lib/thumb/v7e-m/fpv4-sp/hard\libc_nano.a(lib_a-aeabi_memclr.o)
                              ../Middlewares/ST/AI/Lib\NetworkRuntime400_CM4_GCC.a(layers_conv2d_generic_float.o) (__aeabi_memclr)
c:/st/stm32cubeide_1.0.2/stm32cubeide/plugins/com.st.stm32cube.ide.mcu.externaltools.gnu-tools-for-stm32.7-2018-q2-update.win32_1.0.0.201904181610/tools/bin/../lib/gcc/arm-none-eabi/7.3.1/../../../../arm-none-eabi/lib/thumb/v7e-m/fpv4-sp/hard\libc_nano.a(lib_a-aeabi_memcpy.o)
                              ../Middlewares/ST/AI/Lib\NetworkRuntime400_CM4_GCC.a(ai_platform_interface.o) (__aeabi_memcpy)
c:/st/stm32cubeide_1.0.2/stm32cubeide/plugins/com.st.stm32cube.ide.mcu.externaltools.gnu-tools-for-stm32.7-2018-q2-update.win32_1.0.0.201904181610/tools/bin/../lib/gcc/arm-none-eabi/7.3.1/../../../../arm-none-eabi/lib/thumb/v7e-m/fpv4-sp/hard\libc_nano.a(lib_a-aeabi_memset-soft.o)
                              c:/st/stm32cubeide_1.0.2/stm32cubeide/plugins/com.st.stm32cube.ide.mcu.externaltools.gnu-tools-for-stm32.7-2018-q2-update.win32_1.0.0.201904181610/tools/bin/../lib/gcc/arm-none-eabi/7.3.1/../../../../arm-none-eabi/lib/thumb/v7e-m/fpv4-sp/hard\libc_nano.a(lib_a-aeabi_memclr.o) (__aeabi_memset)
c:/st/stm32cubeide_1.0.2/stm32cubeide/plugins/com.st.stm32cube.ide.mcu.externaltools.gnu-tools-for-stm32.7-2018-q2-update.win32_1.0.0.201904181610/tools/bin/../lib/gcc/arm-none-eabi/7.3.1/../../../../arm-none-eabi/lib/thumb/v7e-m/fpv4-sp/hard\libc_nano.a(lib_a-errno.o)
                              Src/syscalls.o (__errno)
c:/st/stm32cubeide_1.0.2/stm32cubeide/plugins/com.st.stm32cube.ide.mcu.externaltools.gnu-tools-for-stm32.7-2018-q2-update.win32_1.0.0.201904181610/tools/bin/../lib/gcc/arm-none-eabi/7.3.1/../../../../arm-none-eabi/lib/thumb/v7e-m/fpv4-sp/hard\libc_nano.a(lib_a-exit.o)
                              c:/st/stm32cubeide_1.0.2/stm32cubeide/plugins/com.st.stm32cube.ide.mcu.externaltools.gnu-tools-for-stm32.7-2018-q2-update.win32_1.0.0.201904181610/tools/bin/../lib/gcc/arm-none-eabi/7.3.1/../../../../arm-none-eabi/lib/thumb/v7e-m/fpv4-sp/hard/crt0.o (exit)
c:/st/stm32cubeide_1.0.2/stm32cubeide/plugins/com.st.stm32cube.ide.mcu.externaltools.gnu-tools-for-stm32.7-2018-q2-update.win32_1.0.0.201904181610/tools/bin/../lib/gcc/arm-none-eabi/7.3.1/../../../../arm-none-eabi/lib/thumb/v7e-m/fpv4-sp/hard\libc_nano.a(lib_a-impure.o)
                              c:/st/stm32cubeide_1.0.2/stm32cubeide/plugins/com.st.stm32cube.ide.mcu.externaltools.gnu-tools-for-stm32.7-2018-q2-update.win32_1.0.0.201904181610/tools/bin/../lib/gcc/arm-none-eabi/7.3.1/../../../../arm-none-eabi/lib/thumb/v7e-m/fpv4-sp/hard\libc_nano.a(lib_a-exit.o) (_global_impure_ptr)
c:/st/stm32cubeide_1.0.2/stm32cubeide/plugins/com.st.stm32cube.ide.mcu.externaltools.gnu-tools-for-stm32.7-2018-q2-update.win32_1.0.0.201904181610/tools/bin/../lib/gcc/arm-none-eabi/7.3.1/../../../../arm-none-eabi/lib/thumb/v7e-m/fpv4-sp/hard\libc_nano.a(lib_a-init.o)
                              c:/st/stm32cubeide_1.0.2/stm32cubeide/plugins/com.st.stm32cube.ide.mcu.externaltools.gnu-tools-for-stm32.7-2018-q2-update.win32_1.0.0.201904181610/tools/bin/../lib/gcc/arm-none-eabi/7.3.1/../../../../arm-none-eabi/lib/thumb/v7e-m/fpv4-sp/hard/crt0.o (__libc_init_array)
[...]
Memory Configuration

Name             Origin             Length             Attributes
CCMRAM           0x0000000010000000 0x0000000000010000 xrw
RAM              0x0000000020000000 0x0000000000020000 xrw
FLASH            0x0000000008000000 0x0000000000100000 xr
*default*        0x0000000000000000 0xffffffffffffffff

Linker script and memory map

LOAD c:/st/stm32cubeide_1.0.2/stm32cubeide/plugins/com.st.stm32cube.ide.mcu.externaltools.gnu-tools-for-stm32.7-2018-q2-update.win32_1.0.0.201904181610/tools/bin/../lib/gcc/arm-none-eabi/7.3.1/thumb/v7e-m/fpv4-sp/hard/crti.o
LOAD c:/st/stm32cubeide_1.0.2/stm32cubeide/plugins/com.st.stm32cube.ide.mcu.externaltools.gnu-tools-for-stm32.7-2018-q2-update.win32_1.0.0.201904181610/tools/bin/../lib/gcc/arm-none-eabi/7.3.1/thumb/v7e-m/fpv4-sp/hard/crtbegin.o
LOAD c:/st/stm32cubeide_1.0.2/stm32cubeide/plugins/com.st.stm32cube.ide.mcu.externaltools.gnu-tools-for-stm32.7-2018-q2-update.win32_1.0.0.201904181610/tools/bin/../lib/gcc/arm-none-eabi/7.3.1/../../../../arm-none-eabi/lib/thumb/v7e-m/fpv4-sp/hard/crt0.o
LOAD Drivers/CMSIS/DSP/Source/BasicMathFunctions/arm_dot_prod_f32.o
LOAD Drivers/CMSIS/DSP/Source/BasicMathFunctions/arm_shift_q15.o
LOAD Drivers/CMSIS/DSP/Source/BasicMathFunctions/arm_shift_q7.o
LOAD Drivers/CMSIS/DSP/Source/MatrixFunctions/arm_mat_init_f32.o
LOAD Drivers/CMSIS/DSP/Source/SupportFunctions/arm_float_to_q15.o
LOAD Drivers/CMSIS/DSP/Source/SupportFunctions/arm_float_to_q7.o
LOAD Drivers/CMSIS/DSP/Source/SupportFunctions/arm_q15_to_float.o
LOAD Drivers/CMSIS/DSP/Source/SupportFunctions/arm_q15_to_q7.o
LOAD Drivers/CMSIS/DSP/Source/SupportFunctions/arm_q7_to_float.o
LOAD Drivers/CMSIS/DSP/Source/SupportFunctions/arm_q7_to_q15.o
LOAD Drivers/STM32F4xx_HAL_Driver/Src/stm32f4xx_hal.o
LOAD Drivers/STM32F4xx_HAL_Driver/Src/stm32f4xx_hal_cortex.o
LOAD Drivers/STM32F4xx_HAL_Driver/Src/stm32f4xx_hal_crc.o
LOAD Drivers/STM32F4xx_HAL_Driver/Src/stm32f4xx_hal_dcmi.o
LOAD Drivers/STM32F4xx_HAL_Driver/Src/stm32f4xx_hal_dcmi_ex.o
LOAD Drivers/STM32F4xx_HAL_Driver/Src/stm32f4xx_hal_dma.o
LOAD Drivers/STM32F4xx_HAL_Driver/Src/stm32f4xx_hal_dma_ex.o
LOAD Drivers/STM32F4xx_HAL_Driver/Src/stm32f4xx_hal_exti.o
LOAD Drivers/STM32F4xx_HAL_Driver/Src/stm32f4xx_hal_flash.o
LOAD Drivers/STM32F4xx_HAL_Driver/Src/stm32f4xx_hal_flash_ex.o
LOAD Drivers/STM32F4xx_HAL_Driver/Src/stm32f4xx_hal_flash_ramfunc.o
LOAD Drivers/STM32F4xx_HAL_Driver/Src/stm32f4xx_hal_gpio.o
LOAD Drivers/STM32F4xx_HAL_Driver/Src/stm32f4xx_hal_i2c.o
LOAD Drivers/STM32F4xx_HAL_Driver/Src/stm32f4xx_hal_i2c_ex.o
LOAD Drivers/STM32F4xx_HAL_Driver/Src/stm32f4xx_hal_pwr.o
LOAD Drivers/STM32F4xx_HAL_Driver/Src/stm32f4xx_hal_pwr_ex.o
LOAD Drivers/STM32F4xx_HAL_Driver/Src/stm32f4xx_hal_rcc.o
LOAD Drivers/STM32F4xx_HAL_Driver/Src/stm32f4xx_hal_rcc_ex.o
LOAD Drivers/STM32F4xx_HAL_Driver/Src/stm32f4xx_hal_sram.o
LOAD Drivers/STM32F4xx_HAL_Driver/Src/stm32f4xx_hal_tim.o
LOAD Drivers/STM32F4xx_HAL_Driver/Src/stm32f4xx_hal_tim_ex.o
LOAD Drivers/STM32F4xx_HAL_Driver/Src/stm32f4xx_hal_uart.o
LOAD Drivers/STM32F4xx_HAL_Driver/Src/stm32f4xx_ll_fsmc.o
LOAD Src/app_x-cube-ai.o
LOAD Src/dcmi_ov9655.o
LOAD Src/ili9325.o
LOAD Src/imageclassify.o
LOAD Src/imageclassify_data.o
LOAD Src/main.o
LOAD Src/sccb.o
LOAD Src/stm32_lcd_bsp.o
LOAD Src/stm32f4xx_hal_msp.o
LOAD Src/stm32f4xx_it.o
LOAD Src/syscalls.o
LOAD Src/sysmem.o
LOAD Src/system_stm32f4xx.o
LOAD Startup/startup_stm32f407igtx.o
LOAD ../Middlewares/ST/AI/Lib\NetworkRuntime400_CM4_GCC.a
START GROUP
LOAD c:/st/stm32cubeide_1.0.2/stm32cubeide/plugins/com.st.stm32cube.ide.mcu.externaltools.gnu-tools-for-stm32.7-2018-q2-update.win32_1.0.0.201904181610/tools/bin/../lib/gcc/arm-none-eabi/7.3.1/../../../../arm-none-eabi/lib/thumb/v7e-m/fpv4-sp/hard\libc_nano.a
LOAD c:/st/stm32cubeide_1.0.2/stm32cubeide/plugins/com.st.stm32cube.ide.mcu.externaltools.gnu-tools-for-stm32.7-2018-q2-update.win32_1.0.0.201904181610/tools/bin/../lib/gcc/arm-none-eabi/7.3.1/../../../../arm-none-eabi/lib/thumb/v7e-m/fpv4-sp/hard\libm.a
END GROUP
START GROUP
LOAD c:/st/stm32cubeide_1.0.2/stm32cubeide/plugins/com.st.stm32cube.ide.mcu.externaltools.gnu-tools-for-stm32.7-2018-q2-update.win32_1.0.0.201904181610/tools/bin/../lib/gcc/arm-none-eabi/7.3.1/thumb/v7e-m/fpv4-sp/hard\libgcc.a
LOAD c:/st/stm32cubeide_1.0.2/stm32cubeide/plugins/com.st.stm32cube.ide.mcu.externaltools.gnu-tools-for-stm32.7-2018-q2-update.win32_1.0.0.201904181610/tools/bin/../lib/gcc/arm-none-eabi/7.3.1/../../../../arm-none-eabi/lib/thumb/v7e-m/fpv4-sp/hard\libc_nano.a
END GROUP
START GROUP
LOAD c:/st/stm32cubeide_1.0.2/stm32cubeide/plugins/com.st.stm32cube.ide.mcu.externaltools.gnu-tools-for-stm32.7-2018-q2-update.win32_1.0.0.201904181610/tools/bin/../lib/gcc/arm-none-eabi/7.3.1/thumb/v7e-m/fpv4-sp/hard\libgcc.a
LOAD c:/st/stm32cubeide_1.0.2/stm32cubeide/plugins/com.st.stm32cube.ide.mcu.externaltools.gnu-tools-for-stm32.7-2018-q2-update.win32_1.0.0.201904181610/tools/bin/../lib/gcc/arm-none-eabi/7.3.1/../../../../arm-none-eabi/lib/thumb/v7e-m/fpv4-sp/hard\libc_nano.a
LOAD c:/st/stm32cubeide_1.0.2/stm32cubeide/plugins/com.st.stm32cube.ide.mcu.externaltools.gnu-tools-for-stm32.7-2018-q2-update.win32_1.0.0.201904181610/tools/bin/../lib/gcc/arm-none-eabi/7.3.1/../../../../arm-none-eabi/lib/thumb/v7e-m/fpv4-sp/hard\libnosys.a
END GROUP
START GROUP
LOAD c:/st/stm32cubeide_1.0.2/stm32cubeide/plugins/com.st.stm32cube.ide.mcu.externaltools.gnu-tools-for-stm32.7-2018-q2-update.win32_1.0.0.201904181610/tools/bin/../lib/gcc/arm-none-eabi/7.3.1/thumb/v7e-m/fpv4-sp/hard\libgcc.a
LOAD c:/st/stm32cubeide_1.0.2/stm32cubeide/plugins/com.st.stm32cube.ide.mcu.externaltools.gnu-tools-for-stm32.7-2018-q2-update.win32_1.0.0.201904181610/tools/bin/../lib/gcc/arm-none-eabi/7.3.1/../../../../arm-none-eabi/lib/thumb/v7e-m/fpv4-sp/hard\libc_nano.a
LOAD c:/st/stm32cubeide_1.0.2/stm32cubeide/plugins/com.st.stm32cube.ide.mcu.externaltools.gnu-tools-for-stm32.7-2018-q2-update.win32_1.0.0.201904181610/tools/bin/../lib/gcc/arm-none-eabi/7.3.1/../../../../arm-none-eabi/lib/thumb/v7e-m/fpv4-sp/hard\libnosys.a
END GROUP
LOAD c:/st/stm32cubeide_1.0.2/stm32cubeide/plugins/com.st.stm32cube.ide.mcu.externaltools.gnu-tools-for-stm32.7-2018-q2-update.win32_1.0.0.201904181610/tools/bin/../lib/gcc/arm-none-eabi/7.3.1/thumb/v7e-m/fpv4-sp/hard/crtend.o
LOAD c:/st/stm32cubeide_1.0.2/stm32cubeide/plugins/com.st.stm32cube.ide.mcu.externaltools.gnu-tools-for-stm32.7-2018-q2-update.win32_1.0.0.201904181610/tools/bin/../lib/gcc/arm-none-eabi/7.3.1/thumb/v7e-m/fpv4-sp/hard/crtn.o
                0x0000000020020000                _estack = 0x20020000
                0x0000000000002000                _Min_Heap_Size = 0x2000
                0x0000000000006000                _Min_Stack_Size = 0x6000

.isr_vector     0x0000000008000000      0x188
                0x0000000008000000                . = ALIGN (0x4)
 *(.isr_vector)
 .isr_vector    0x0000000008000000      0x188 Startup/startup_stm32f407igtx.o
                0x0000000008000000                g_pfnVectors
                0x0000000008000188                . = ALIGN (0x4)

.text           0x0000000008000190    0x11088
                0x0000000008000190                . = ALIGN (0x4)
 *(.text)
 .text          0x0000000008000190       0x40 c:/st/stm32cubeide_1.0.2/stm32cubeide/plugins/com.st.stm32cube.ide.mcu.externaltools.gnu-tools-for-stm32.7-2018-q2-update.win32_1.0.0.201904181610/tools/bin/../lib/gcc/arm-none-eabi/7.3.1/thumb/v7e-m/fpv4-sp/hard/crtbegin.o
 .text          0x00000000080001d0      0x86c ../Middlewares/ST/AI/Lib\NetworkRuntime400_CM4_GCC.a(ai_platform_interface.o)
                0x0000000008000550                ai_platform_runtime_get_revision
                0x0000000008000580                ai_platform_runtime_get_version
                0x00000000080005b4                ai_platform_api_get_version
                0x00000000080005e8                ai_platform_interface_api_get_version
                0x000000000800061c                ai_platform_context_acquire
                0x0000000008000658                ai_platform_context_release
                0x0000000008000660                ai_platform_network_get_error
                0x00000000080006ac                ai_platform_network_set_error
                0x00000000080006b8                ai_platform_api_get_network_report
                0x000000000800082c                ai_platform_network_create
                0x00000000080008a4                ai_platform_network_destroy
                0x00000000080008e2                ai_platform_network_init
                0x000000000800098e                ai_platform_network_process
 .text          0x0000000008000a3c       0x24 ../Middlewares/ST/AI/Lib\NetworkRuntime400_CM4_GCC.a(core_common.o)
                0x0000000008000a3c                core_init
                0x0000000008000a40                core_get_error
                0x0000000008000a4a                core_set_error
 .text          0x0000000008000a60      0x25c ../Middlewares/ST/AI/Lib\NetworkRuntime400_CM4_GCC.a(layers.o)
                0x0000000008000a60                ai_layers_forward_layer
                0x0000000008000a74                ai_check_custom_types
                0x0000000008000a9c                ai_layer_type_name
                0x0000000008000bac                ai_layer_type_is_valid
                0x0000000008000bc8                ai_layers_forward_all
 .text          0x0000000008000cbc     0x1734 ../Middlewares/ST/AI/Lib\NetworkRuntime400_CM4_GCC.a(layers_conv2d_generic_float.o)
                0x0000000008001350                ai_dict8_dot_array_f32
                0x0000000008001628                ai_dict4_dot_array_f32
                0x00000000080016c8                ai_dict_decompress_f32
                0x000000000800179c                forward_conv2d
                0x00000000080019b4                forward_conv2d_nl_pool
                0x0000000008001d98                forward_dense
                0x00000000080021e8                forward_gemm
                0x0000000008002294                forward_matmul
 .text          0x00000000080023f0      0xca6 ../Middlewares/ST/AI/Lib\NetworkRuntime400_CM4_GCC.a(layers_nl_generic_float.o)
                0x00000000080023f0                nl_func_sm_channel_f32
                0x0000000008002514                nl_func_sm_array_f32
                0x0000000008002558                nl_func_tanh_array_f32
                0x0000000008002584                nl_func_sigmoid_array_f32
                0x00000000080025c4                nl_func_hard_sigmoid_array_f32
                0x000000000800261c                nl_func_exp_array_f32
                0x0000000008002648                nl_func_sqrt_array_f32
                0x0000000008002674                nl_func_soft_plus_array_f32
                0x00000000080026ac                nl_func_soft_sign_array_f32
                0x00000000080026e0                nl_func_sign_array_f32
                0x0000000008002720                nl_func_clip_array_f32
                0x0000000008002768                nl_func_hardmax_array_f32
                0x0000000008002844                nl_func_relu_array_f32
                0x000000000800287c                nl_func_relu_generic_array_f32
                0x0000000008002930                nl_func_relu_thresholded_array_f32
                0x0000000008002964                nl_func_elu_array_f32
                0x00000000080029ec                nl_func_selu_array_f32
                0x0000000008002a78                nl_func_prelu_array_f32
                0x0000000008002ad4                forward_relu
                0x0000000008002b4c                forward_relu_thresholded
                0x0000000008002bac                forward_elu
                0x0000000008002c52                forward_selu
                0x0000000008002c7e                forward_prelu
                0x0000000008002cec                forward_sign
                0x0000000008002d50                forward_clip
                0x0000000008002dc0                forward_sigmoid
                0x0000000008002e20                forward_hard_sigmoid
                0x0000000008002eac                forward_exp
                0x0000000008002ef8                forward_sqrt
                0x0000000008002f44                forward_soft_plus
                0x0000000008002f9c                forward_soft_sign
                0x0000000008002ff4                forward_tanh
                0x000000000800303e                forward_sm
                0x0000000008003074                forward_hardmax
 *fill*         0x0000000008003096        0x2 
 .text          0x0000000008003098      0x8f0 ../Middlewares/ST/AI/Lib\NetworkRuntime400_CM4_GCC.a(ai_datatypes_format.o)
                0x0000000008003098                ai_array_fmt_name
                0x0000000008003242                ai_array_fmt_exported
                0x0000000008003326                ai_array_fmt_valid
                0x000000000800340c                ai_array_fmt_get_formats
                0x000000000800341c                ai_buffer_fmt_name
                0x00000000080034e2                ai_buffer_fmt_valid
                0x0000000008003550                ai_buffer_fmt_get_formats
                0x0000000008003558                ai_array_to_buffer_fmt
                0x0000000008003604                ai_buffer_to_array_fmt
                0x0000000008003708                ai_array_get_byte_size
                0x000000000800375e                ai_array_get_data_byte_size
                0x0000000008003786                ai_array_get_elems_from_size
 .text          0x0000000008003988      0x128 ../Middlewares/ST/AI/Lib\NetworkRuntime400_CM4_GCC.a(ai_math_helpers.o)
                0x0000000008003988                ai_math_dot_array
                0x00000000080039b4                ai_math_sqrt
                0x00000000080039cc                ai_math_exp
                0x00000000080039d0                ai_math_pow
                0x00000000080039d4                ai_math_tanh
                0x00000000080039d8                ai_math_relu
                0x00000000080039e8                ai_math_prelu
                0x00000000080039f8                ai_math_sigmoid
                0x0000000008003a18                ai_math_hard_sigmoid
                0x0000000008003a4c                ai_math_sign
                0x0000000008003a78                ai_sum
                0x0000000008003a7e                ai_sub
                0x0000000008003a84                ai_mul
                0x0000000008003a8a                ai_div
                0x0000000008003a90                ai_max
                0x0000000008003aa0                ai_min
 .text          0x0000000008003ab0       0x9a c:/st/stm32cubeide_1.0.2/stm32cubeide/plugins/com.st.stm32cube.ide.mcu.externaltools.gnu-tools-for-stm32.7-2018-q2-update.win32_1.0.0.201904181610/tools/bin/../lib/gcc/arm-none-eabi/7.3.1/../../../../arm-none-eabi/lib/thumb/v7e-m/fpv4-sp/hard\libc_nano.a(lib_a-aeabi_memset-soft.o)
                0x0000000008003ab0                __aeabi_memset8
                0x0000000008003ab0                __aeabi_memset4
                0x0000000008003ab0                __aeabi_memset
 .text          0x0000000008003b4a       0x10 c:/st/stm32cubeide_1.0.2/stm32cubeide/plugins/com.st.stm32cube.ide.mcu.externaltools.gnu-tools-for-stm32.7-2018-q2-update.win32_1.0.0.201904181610/tools/bin/../lib/gcc/arm-none-eabi/7.3.1/../../../../arm-none-eabi/lib/thumb/v7e-m/fpv4-sp/hard\libc_nano.a(lib_a-strlen.o)
                0x0000000008003b4a                strlen
 *fill*         0x0000000008003b5a        0x6 
 .text          0x0000000008003b60       0xa0 c:/st/stm32cubeide_1.0.2/stm32cubeide/plugins/com.st.stm32cube.ide.mcu.externaltools.gnu-tools-for-stm32.7-2018-q2-update.win32_1.0.0.201904181610/tools/bin/../lib/gcc/arm-none-eabi/7.3.1/../../../../arm-none-eabi/lib/thumb/v7e-m/fpv4-sp/hard\libc_nano.a(lib_a-memchr.o)
                0x0000000008003b60                memchr
 .text          0x0000000008003c00      0x378 c:/st/stm32cubeide_1.0.2/stm32cubeide/plugins/com.st.stm32cube.ide.mcu.externaltools.gnu-tools-for-stm32.7-2018-q2-update.win32_1.0.0.201904181610/tools/bin/../lib/gcc/arm-none-eabi/7.3.1/thumb/v7e-m/fpv4-sp/hard\libgcc.a(_arm_addsubdf3.o)
                0x0000000008003c00                __aeabi_drsub
                0x0000000008003c08                __aeabi_dsub
                0x0000000008003c08                __subdf3
                0x0000000008003c0c                __aeabi_dadd
                0x0000000008003c0c                __adddf3
                0x0000000008003e84                __floatunsidf
                0x0000000008003e84                __aeabi_ui2d
                0x0000000008003ea4                __floatsidf
                0x0000000008003ea4                __aeabi_i2d
                0x0000000008003ec8                __aeabi_f2d
                0x0000000008003ec8                __extendsfdf2
                0x0000000008003f0c                __floatundidf
                0x0000000008003f0c                __aeabi_ul2d
                0x0000000008003f1c                __floatdidf
                0x0000000008003f1c                __aeabi_l2d
 .text          0x0000000008003f78      0x424 c:/st/stm32cubeide_1.0.2/stm32cubeide/plugins/com.st.stm32cube.ide.mcu.externaltools.gnu-tools-for-stm32.7-2018-q2-update.win32_1.0.0.201904181610/tools/bin/../lib/gcc/arm-none-eabi/7.3.1/thumb/v7e-m/fpv4-sp/hard\libgcc.a(_arm_muldivdf3.o)
                0x0000000008003f78                __aeabi_dmul
                0x0000000008003f78                __muldf3
                0x00000000080041cc                __divdf3
                0x00000000080041cc                __aeabi_ddiv
 .text          0x000000000800439c      0x110 c:/st/stm32cubeide_1.0.2/stm32cubeide/plugins/com.st.stm32cube.ide.mcu.externaltools.gnu-tools-for-stm32.7-2018-q2-update.win32_1.0.0.201904181610/tools/bin/../lib/gcc/arm-none-eabi/7.3.1/thumb/v7e-m/fpv4-sp/hard\libgcc.a(_arm_cmpdf2.o)
                0x000000000800439c                __gtdf2
                0x000000000800439c                __gedf2
                0x00000000080043a4                __ltdf2
                0x00000000080043a4                __ledf2
                0x00000000080043ac                __nedf2
                0x00000000080043ac                __eqdf2
                0x00000000080043ac                __cmpdf2
                0x0000000008004428                __aeabi_cdrcmple
                0x0000000008004438                __aeabi_cdcmpeq
                0x0000000008004438                __aeabi_cdcmple
                0x0000000008004448                __aeabi_dcmpeq
                0x000000000800445c                __aeabi_dcmplt
                0x0000000008004470                __aeabi_dcmple
                0x0000000008004484                __aeabi_dcmpge
                0x0000000008004498                __aeabi_dcmpgt
 .text          0x00000000080044ac       0x2c c:/st/stm32cubeide_1.0.2/stm32cubeide/plugins/com.st.stm32cube.ide.mcu.externaltools.gnu-tools-for-stm32.7-2018-q2-update.win32_1.0.0.201904181610/tools/bin/../lib/gcc/arm-none-eabi/7.3.1/thumb/v7e-m/fpv4-sp/hard\libgcc.a(_arm_unorddf2.o)
                0x00000000080044ac                __unorddf2
                0x00000000080044ac                __aeabi_dcmpun
 .text          0x00000000080044d8       0x50 c:/st/stm32cubeide_1.0.2/stm32cubeide/plugins/com.st.stm32cube.ide.mcu.externaltools.gnu-tools-for-stm32.7-2018-q2-update.win32_1.0.0.201904181610/tools/bin/../lib/gcc/arm-none-eabi/7.3.1/thumb/v7e-m/fpv4-sp/hard\libgcc.a(_arm_fixdfsi.o)
                0x00000000080044d8                __aeabi_d2iz
                0x00000000080044d8                __fixdfsi
 .text          0x0000000008004528       0x40 c:/st/stm32cubeide_1.0.2/stm32cubeide/plugins/com.st.stm32cube.ide.mcu.externaltools.gnu-tools-for-stm32.7-2018-q2-update.win32_1.0.0.201904181610/tools/bin/../lib/gcc/arm-none-eabi/7.3.1/thumb/v7e-m/fpv4-sp/hard\libgcc.a(_arm_fixunsdfsi.o)
                0x0000000008004528                __aeabi_d2uiz
                0x0000000008004528                __fixunsdfsi
 .text          0x0000000008004568       0xa0 c:/st/stm32cubeide_1.0.2/stm32cubeide/plugins/com.st.stm32cube.ide.mcu.externaltools.gnu-tools-for-stm32.7-2018-q2-update.win32_1.0.0.201904181610/tools/bin/../lib/gcc/arm-none-eabi/7.3.1/thumb/v7e-m/fpv4-sp/hard\libgcc.a(_arm_truncdfsf2.o)
                0x0000000008004568                __truncdfsf2
                0x0000000008004568                __aeabi_d2f
 .text          0x0000000008004608       0x30 c:/st/stm32cubeide_1.0.2/stm32cubeide/plugins/com.st.stm32cube.ide.mcu.externaltools.gnu-tools-for-stm32.7-2018-q2-update.win32_1.0.0.201904181610/tools/bin/../lib/gcc/arm-none-eabi/7.3.1/thumb/v7e-m/fpv4-sp/hard\libgcc.a(_aeabi_uldivmod.o)
                0x0000000008004608                __aeabi_uldivmod
 .text          0x0000000008004638      0x2cc c:/st/stm32cubeide_1.0.2/stm32cubeide/plugins/com.st.stm32cube.ide.mcu.externaltools.gnu-tools-for-stm32.7-2018-q2-update.win32_1.0.0.201904181610/tools/bin/../lib/gcc/arm-none-eabi/7.3.1/thumb/v7e-m/fpv4-sp/hard\libgcc.a(_udivmoddi4.o)
                0x0000000008004638                __udivmoddi4
 .text          0x0000000008004904        0x4 c:/st/stm32cubeide_1.0.2/stm32cubeide/plugins/com.st.stm32cube.ide.mcu.externaltools.gnu-tools-for-stm32.7-2018-q2-update.win32_1.0.0.201904181610/tools/bin/../lib/gcc/arm-none-eabi/7.3.1/thumb/v7e-m/fpv4-sp/hard\libgcc.a(_dvmd_tls.o)
                0x0000000008004904                __aeabi_idiv0
                0x0000000008004904                __aeabi_ldiv0
 *(.text*)
 .text.arm_dot_prod_f32
                0x0000000008004908      0x104 Drivers/CMSIS/DSP/Source/BasicMathFunctions/arm_dot_prod_f32.o
                0x0000000008004908                arm_dot_prod_f32
 .text.arm_mat_init_f32
                0x0000000008004a0c       0x30 Drivers/CMSIS/DSP/Source/MatrixFunctions/arm_mat_init_f32.o
                0x0000000008004a0c                arm_mat_init_f32
 .text.HAL_Init
                0x0000000008004a3c       0x44 Drivers/STM32F4xx_HAL_Driver/Src/stm32f4xx_hal.o
                0x0000000008004a3c                HAL_Init
 .text.HAL_InitTick
                0x0000000008004a80       0x60 Drivers/STM32F4xx_HAL_Driver/Src/stm32f4xx_hal.o
                0x0000000008004a80                HAL_InitTick
 .text.HAL_IncTick
                0x0000000008004ae0       0x28 Drivers/STM32F4xx_HAL_Driver/Src/stm32f4xx_hal.o
                0x0000000008004ae0                HAL_IncTick
 .text.HAL_GetTick
                0x0000000008004b08       0x18 Drivers/STM32F4xx_HAL_Driver/Src/stm32f4xx_hal.o
                0x0000000008004b08                HAL_GetTick
 .text.HAL_Delay
                0x0000000008004b20       0x44 Drivers/STM32F4xx_HAL_Driver/Src/stm32f4xx_hal.o
                0x0000000008004b20                HAL_Delay
 .text.__NVIC_SetPriorityGrouping
                0x0000000008004b64       0x48 Drivers/STM32F4xx_HAL_Driver/Src/stm32f4xx_hal_cortex.o
 .text.__NVIC_GetPriorityGrouping
                0x0000000008004bac       0x1c Drivers/STM32F4xx_HAL_Driver/Src/stm32f4xx_hal_cortex.o
 .text.__NVIC_EnableIRQ
                0x0000000008004bc8       0x3c Drivers/STM32F4xx_HAL_Driver/Src/stm32f4xx_hal_cortex.o
 .text.__NVIC_SetPriority
                0x0000000008004c04       0x54 Drivers/STM32F4xx_HAL_Driver/Src/stm32f4xx_hal_cortex.o
 .text.NVIC_EncodePriority
                0x0000000008004c58       0x66 Drivers/STM32F4xx_HAL_Driver/Src/stm32f4xx_hal_cortex.o
 *fill*         0x0000000008004cbe        0x2 
 .text.SysTick_Config
                0x0000000008004cc0       0x44 Drivers/STM32F4xx_HAL_Driver/Src/stm32f4xx_hal_cortex.o
 .text.HAL_NVIC_SetPriorityGrouping
                0x0000000008004d04       0x16 Drivers/STM32F4xx_HAL_Driver/Src/stm32f4xx_hal_cortex.o
                0x0000000008004d04                HAL_NVIC_SetPriorityGrouping
 .text.HAL_NVIC_SetPriority
                0x0000000008004d1a       0x38 Drivers/STM32F4xx_HAL_Driver/Src/stm32f4xx_hal_cortex.o
                0x0000000008004d1a                HAL_NVIC_SetPriority
 .text.HAL_NVIC_EnableIRQ
                0x0000000008004d52       0x1c Drivers/STM32F4xx_HAL_Driver/Src/stm32f4xx_hal_cortex.o
                0x0000000008004d52                HAL_NVIC_EnableIRQ
 .text.HAL_SYSTICK_Config
                0x0000000008004d6e       0x18 Drivers/STM32F4xx_HAL_Driver/Src/stm32f4xx_hal_cortex.o
                0x0000000008004d6e                HAL_SYSTICK_Config
 *fill*         0x0000000008004d86        0x2 
 .text.HAL_SYSTICK_CLKSourceConfig
                0x0000000008004d88       0x38 Drivers/STM32F4xx_HAL_Driver/Src/stm32f4xx_hal_cortex.o
                0x0000000008004d88                HAL_SYSTICK_CLKSourceConfig
 .text.HAL_CRC_Init
                0x0000000008004dc0       0x3e Drivers/STM32F4xx_HAL_Driver/Src/stm32f4xx_hal_crc.o
                0x0000000008004dc0                HAL_CRC_Init
 *fill*         0x0000000008004dfe        0x2 
 .text.HAL_DCMI_Start_DMA
                0x0000000008004e00      0x140 Drivers/STM32F4xx_HAL_Driver/Src/stm32f4xx_hal_dcmi.o
                0x0000000008004e00                HAL_DCMI_Start_DMA
 .text.HAL_DCMI_IRQHandler
                0x0000000008004f40       0xfc Drivers/STM32F4xx_HAL_Driver/Src/stm32f4xx_hal_dcmi.o
                0x0000000008004f40                HAL_DCMI_IRQHandler
 .text.HAL_DCMI_ErrorCallback
                0x000000000800503c       0x14 Drivers/STM32F4xx_HAL_Driver/Src/stm32f4xx_hal_dcmi.o
                0x000000000800503c                HAL_DCMI_ErrorCallback
 .text.HAL_DCMI_LineEventCallback
                0x0000000008005050       0x14 Drivers/STM32F4xx_HAL_Driver/Src/stm32f4xx_hal_dcmi.o
                0x0000000008005050                HAL_DCMI_LineEventCallback
 .text.HAL_DCMI_VsyncEventCallback
                0x0000000008005064       0x14 Drivers/STM32F4xx_HAL_Driver/Src/stm32f4xx_hal_dcmi.o
                0x0000000008005064                HAL_DCMI_VsyncEventCallback
 .text.HAL_DCMI_FrameEventCallback
                0x0000000008005078       0x14 Drivers/STM32F4xx_HAL_Driver/Src/stm32f4xx_hal_dcmi.o
                0x0000000008005078                HAL_DCMI_FrameEventCallback
 .text.DCMI_DMAXferCplt
                0x000000000800508c      0x12a Drivers/STM32F4xx_HAL_Driver/Src/stm32f4xx_hal_dcmi.o
 .text.DCMI_DMAError
                0x00000000080051b6       0x2e Drivers/STM32F4xx_HAL_Driver/Src/stm32f4xx_hal_dcmi.o
 .text.HAL_DCMI_Init
                0x00000000080051e4       0xcc Drivers/STM32F4xx_HAL_Driver/Src/stm32f4xx_hal_dcmi_ex.o
                0x00000000080051e4                HAL_DCMI_Init
 .text.HAL_DMA_Init
                0x00000000080052b0      0x15c Drivers/STM32F4xx_HAL_Driver/Src/stm32f4xx_hal_dma.o
                0x00000000080052b0                HAL_DMA_Init
 .text.HAL_DMA_Start_IT
                0x000000000800540c       0xc0 Drivers/STM32F4xx_HAL_Driver/Src/stm32f4xx_hal_dma.o
                0x000000000800540c                HAL_DMA_Start_IT
 .text.HAL_DMA_Abort_IT
                0x00000000080054cc       0x44 Drivers/STM32F4xx_HAL_Driver/Src/stm32f4xx_hal_dma.o
                0x00000000080054cc                HAL_DMA_Abort_IT
 .text.HAL_DMA_IRQHandler
                0x0000000008005510      0x314 Drivers/STM32F4xx_HAL_Driver/Src/stm32f4xx_hal_dma.o
                0x0000000008005510                HAL_DMA_IRQHandler
 .text.DMA_SetConfig
                0x0000000008005824       0x5c Drivers/STM32F4xx_HAL_Driver/Src/stm32f4xx_hal_dma.o
 .text.DMA_CalcBaseAndBitshift
                0x0000000008005880       0x6c Drivers/STM32F4xx_HAL_Driver/Src/stm32f4xx_hal_dma.o
 .text.DMA_CheckFifoParam
                0x00000000080058ec       0xf4 Drivers/STM32F4xx_HAL_Driver/Src/stm32f4xx_hal_dma.o
 .text.HAL_DMAEx_MultiBufferStart_IT
                0x00000000080059e0     0x1290 Drivers/STM32F4xx_HAL_Driver/Src/stm32f4xx_hal_dma_ex.o
                0x00000000080059e0                HAL_DMAEx_MultiBufferStart_IT
 .text.HAL_DMAEx_ChangeMemory
                0x0000000008006c70       0x34 Drivers/STM32F4xx_HAL_Driver/Src/stm32f4xx_hal_dma_ex.o
                0x0000000008006c70                HAL_DMAEx_ChangeMemory
 .text.DMA_MultiBufferSetConfig
                0x0000000008006ca4       0x4c Drivers/STM32F4xx_HAL_Driver/Src/stm32f4xx_hal_dma_ex.o
 .text.HAL_GPIO_Init
                0x0000000008006cf0      0x334 Drivers/STM32F4xx_HAL_Driver/Src/stm32f4xx_hal_gpio.o
                0x0000000008006cf0                HAL_GPIO_Init
 .text.HAL_GPIO_ReadPin
                0x0000000008007024       0x30 Drivers/STM32F4xx_HAL_Driver/Src/stm32f4xx_hal_gpio.o
                0x0000000008007024                HAL_GPIO_ReadPin
 .text.HAL_GPIO_WritePin
                0x0000000008007054       0x32 Drivers/STM32F4xx_HAL_Driver/Src/stm32f4xx_hal_gpio.o
                0x0000000008007054                HAL_GPIO_WritePin
 *fill*         0x0000000008007086        0x2 
 .text.HAL_I2C_Init
                0x0000000008007088      0x250 Drivers/STM32F4xx_HAL_Driver/Src/stm32f4xx_hal_i2c.o
                0x0000000008007088                HAL_I2C_Init
 .text.HAL_I2C_Mem_Write
                0x00000000080072d8      0x1f4 Drivers/STM32F4xx_HAL_Driver/Src/stm32f4xx_hal_i2c.o
                0x00000000080072d8                HAL_I2C_Mem_Write
 .text.I2C_RequestMemoryWrite
                0x00000000080074cc      0x114 Drivers/STM32F4xx_HAL_Driver/Src/stm32f4xx_hal_i2c.o
 .text.I2C_WaitOnFlagUntilTimeout
                0x00000000080075e0       0xae Drivers/STM32F4xx_HAL_Driver/Src/stm32f4xx_hal_i2c.o
 .text.I2C_WaitOnMasterAddressFlagUntilTimeout
                0x000000000800768e       0xfe Drivers/STM32F4xx_HAL_Driver/Src/stm32f4xx_hal_i2c.o
 .text.I2C_WaitOnTXEFlagUntilTimeout
                0x000000000800778c       0x82 Drivers/STM32F4xx_HAL_Driver/Src/stm32f4xx_hal_i2c.o
 .text.I2C_WaitOnBTFFlagUntilTimeout
                0x000000000800780e       0x82 Drivers/STM32F4xx_HAL_Driver/Src/stm32f4xx_hal_i2c.o
 .text.I2C_IsAcknowledgeFailed
                0x0000000008007890       0x5e Drivers/STM32F4xx_HAL_Driver/Src/stm32f4xx_hal_i2c.o
 *fill*         0x00000000080078ee        0x2 
 .text.HAL_RCC_OscConfig
                0x00000000080078f0      0x484 Drivers/STM32F4xx_HAL_Driver/Src/stm32f4xx_hal_rcc.o
                0x00000000080078f0                HAL_RCC_OscConfig
 .text.HAL_RCC_ClockConfig
                0x0000000008007d74      0x1c4 Drivers/STM32F4xx_HAL_Driver/Src/stm32f4xx_hal_rcc.o
                0x0000000008007d74                HAL_RCC_ClockConfig
 .text.HAL_RCC_MCOConfig
                0x0000000008007f38       0xd0 Drivers/STM32F4xx_HAL_Driver/Src/stm32f4xx_hal_rcc.o
                0x0000000008007f38                HAL_RCC_MCOConfig
 .text.HAL_RCC_GetSysClockFreq
                0x0000000008008008      0x1b0 Drivers/STM32F4xx_HAL_Driver/Src/stm32f4xx_hal_rcc.o
                0x0000000008008008                HAL_RCC_GetSysClockFreq
 .text.HAL_RCC_GetHCLKFreq
                0x00000000080081b8       0x18 Drivers/STM32F4xx_HAL_Driver/Src/stm32f4xx_hal_rcc.o
                0x00000000080081b8                HAL_RCC_GetHCLKFreq
 .text.HAL_RCC_GetPCLK1Freq
                0x00000000080081d0       0x28 Drivers/STM32F4xx_HAL_Driver/Src/stm32f4xx_hal_rcc.o
                0x00000000080081d0                HAL_RCC_GetPCLK1Freq
 .text.HAL_RCC_GetPCLK2Freq
                0x00000000080081f8       0x28 Drivers/STM32F4xx_HAL_Driver/Src/stm32f4xx_hal_rcc.o
                0x00000000080081f8                HAL_RCC_GetPCLK2Freq
 .text.HAL_SRAM_Init
                0x0000000008008220       0x88 Drivers/STM32F4xx_HAL_Driver/Src/stm32f4xx_hal_sram.o
                0x0000000008008220                HAL_SRAM_Init
 .text.HAL_UART_Init
                0x00000000080082a8       0x9a Drivers/STM32F4xx_HAL_Driver/Src/stm32f4xx_hal_uart.o
                0x00000000080082a8                HAL_UART_Init
 .text.HAL_UART_Transmit
                0x0000000008008342      0x132 Drivers/STM32F4xx_HAL_Driver/Src/stm32f4xx_hal_uart.o
                0x0000000008008342                HAL_UART_Transmit
 .text.UART_WaitOnFlagUntilTimeout
                0x0000000008008474       0x94 Drivers/STM32F4xx_HAL_Driver/Src/stm32f4xx_hal_uart.o
 .text.UART_SetConfig
                0x0000000008008508      0x414 Drivers/STM32F4xx_HAL_Driver/Src/stm32f4xx_hal_uart.o
 .text.FSMC_NORSRAM_Init
                0x000000000800891c       0xa4 Drivers/STM32F4xx_HAL_Driver/Src/stm32f4xx_ll_fsmc.o
                0x000000000800891c                FSMC_NORSRAM_Init
 .text.FSMC_NORSRAM_Timing_Init
                0x00000000080089c0       0x7a Drivers/STM32F4xx_HAL_Driver/Src/stm32f4xx_ll_fsmc.o
                0x00000000080089c0                FSMC_NORSRAM_Timing_Init
 *fill*         0x0000000008008a3a        0x2 
 .text.FSMC_NORSRAM_Extended_Timing_Init
                0x0000000008008a3c       0x80 Drivers/STM32F4xx_HAL_Driver/Src/stm32f4xx_ll_fsmc.o
                0x0000000008008a3c                FSMC_NORSRAM_Extended_Timing_Init
 .text.aiInit   0x0000000008008abc       0xb4 Src/app_x-cube-ai.o
                0x0000000008008abc                aiInit
 .text.aiRun    0x0000000008008b70       0x80 Src/app_x-cube-ai.o
                0x0000000008008b70                aiRun
 .text.MX_X_CUBE_AI_Init
                0x0000000008008bf0       0x14 Src/app_x-cube-ai.o
                0x0000000008008bf0                MX_X_CUBE_AI_Init
 .text.MX_X_CUBE_AI_Process
                0x0000000008008c04      0x148 Src/app_x-cube-ai.o
                0x0000000008008c04                MX_X_CUBE_AI_Process
 .text.bubblesort
                0x0000000008008d4c       0xca Src/app_x-cube-ai.o
 .text.DCMI_OV9655Config
                0x0000000008008e16       0x58 Src/dcmi_ov9655.o
                0x0000000008008e16                DCMI_OV9655Config
 .text.DCMI_Config
                0x0000000008008e6e        0xe Src/dcmi_ov9655.o
                0x0000000008008e6e                DCMI_Config
 .text.MCO1_Init
                0x0000000008008e7c        0xe Src/dcmi_ov9655.o
                0x0000000008008e7c                MCO1_Init
 .text.DCMI_OV9655_QVGASizeSetup
                0x0000000008008e8a      0x97a Src/dcmi_ov9655.o
                0x0000000008008e8a                DCMI_OV9655_QVGASizeSetup
 .text.Delay    0x0000000008009804       0x20 Src/dcmi_ov9655.o
 .text.Delay_ms
                0x0000000008009824       0x24 Src/dcmi_ov9655.o
 .text.LCD_IO_Init
                0x0000000008009848        0xe Src/ili9325.o
                0x0000000008009848                LCD_IO_Init
 *fill*         0x0000000008009856        0x2 
 .text.LCD_IO_WriteMultipleData
                0x0000000008009858       0x44 Src/ili9325.o
                0x0000000008009858                LCD_IO_WriteMultipleData
 .text.LCD_IO_WriteReg
                0x000000000800989c       0x20 Src/ili9325.o
                0x000000000800989c                LCD_IO_WriteReg
 .text.LCD_IO_ReadData
                0x00000000080098bc       0x18 Src/ili9325.o
                0x00000000080098bc                LCD_IO_ReadData
 .text.ili9325_Init
                0x00000000080098d4      0x1f0 Src/ili9325.o
                0x00000000080098d4                ili9325_Init
 .text.ili9325_DisplayOn
                0x0000000008009ac4       0x62 Src/ili9325.o
                0x0000000008009ac4                ili9325_DisplayOn
 .text.ili9325_DisplayOff
                0x0000000008009b26       0x38 Src/ili9325.o
                0x0000000008009b26                ili9325_DisplayOff
 .text.ili9325_GetLcdPixelWidth
                0x0000000008009b5e       0x12 Src/ili9325.o
                0x0000000008009b5e                ili9325_GetLcdPixelWidth
 .text.ili9325_GetLcdPixelHeight
                0x0000000008009b70       0x10 Src/ili9325.o
                0x0000000008009b70                ili9325_GetLcdPixelHeight
 .text.ili9325_ReadID
                0x0000000008009b80       0x14 Src/ili9325.o
                0x0000000008009b80                ili9325_ReadID
 .text.ili9325_SetCursor
                0x0000000008009b94       0x32 Src/ili9325.o
                0x0000000008009b94                ili9325_SetCursor
 .text.ili9325_WritePixel
                0x0000000008009bc6       0x36 Src/ili9325.o
                0x0000000008009bc6                ili9325_WritePixel
 .text.ili9325_ReadPixel
                0x0000000008009bfc       0x34 Src/ili9325.o
                0x0000000008009bfc                ili9325_ReadPixel
 .text.ili9325_WriteReg
                0x0000000008009c30       0x2a Src/ili9325.o
                0x0000000008009c30                ili9325_WriteReg
 .text.ili9325_ReadReg
                0x0000000008009c5a       0x20 Src/ili9325.o
                0x0000000008009c5a                ili9325_ReadReg
 .text.ili9325_SetDisplayWindow
                0x0000000008009c7a       0x6c Src/ili9325.o
                0x0000000008009c7a                ili9325_SetDisplayWindow
 *fill*         0x0000000008009ce6        0x2 
 .text.ili9325_DrawHLine
                0x0000000008009ce8       0x6c Src/ili9325.o
                0x0000000008009ce8                ili9325_DrawHLine
 .text.ili9325_DrawVLine
                0x0000000008009d54       0x80 Src/ili9325.o
                0x0000000008009d54                ili9325_DrawVLine
 .text.ili9325_DrawBitmap
                0x0000000008009dd4       0x9c Src/ili9325.o
                0x0000000008009dd4                ili9325_DrawBitmap
 .text.ili9325_DrawRGBImage
                0x0000000008009e70       0x52 Src/ili9325.o
                0x0000000008009e70                ili9325_DrawRGBImage
 *fill*         0x0000000008009ec2        0x2 
 .text.ili9325_Clear
                0x0000000008009ec4       0x3c Src/ili9325.o
                0x0000000008009ec4                ili9325_Clear
 .text.imageclassify_configure_activations
                0x0000000008009f00       0x7c Src/imageclassify.o
 .text.imageclassify_configure_weights
                0x0000000008009f7c       0xb8 Src/imageclassify.o
 .text.ai_imageclassify_get_error
                0x000000000800a034       0x18 Src/imageclassify.o
                0x000000000800a034                ai_imageclassify_get_error
 .text.ai_imageclassify_create
                0x000000000800a04c       0x2c Src/imageclassify.o
                0x000000000800a04c                ai_imageclassify_create
 .text.ai_imageclassify_destroy
                0x000000000800a078       0x18 Src/imageclassify.o
                0x000000000800a078                ai_imageclassify_destroy
 .text.ai_imageclassify_init
                0x000000000800a090       0x66 Src/imageclassify.o
                0x000000000800a090                ai_imageclassify_init
 .text.ai_imageclassify_run
                0x000000000800a0f6       0x20 Src/imageclassify.o
                0x000000000800a0f6                ai_imageclassify_run
 *fill*         0x000000000800a116        0x2 
 .text.ai_imageclassify_data_weights_get
                0x000000000800a118       0x14 Src/imageclassify_data.o
                0x000000000800a118                ai_imageclassify_data_weights_get
 .text.main     0x000000000800a12c      0x1b4 Src/main.o
                0x000000000800a12c                main
 .text.SystemClock_Config
                0x000000000800a2e0       0xe8 Src/main.o
                0x000000000800a2e0                SystemClock_Config
 .text.MX_CRC_Init
                0x000000000800a3c8       0x28 Src/main.o
 .text.MX_DCMI_Init
                0x000000000800a3f0       0x50 Src/main.o
 .text.MX_I2C2_Init
                0x000000000800a440       0x5c Src/main.o
 .text.MX_USART1_UART_Init
                0x000000000800a49c       0x54 Src/main.o
 .text.MX_DMA_Init
                0x000000000800a4f0       0x40 Src/main.o
 .text.MX_GPIO_Init
                0x000000000800a530      0x27c Src/main.o
 .text.MX_FSMC_Init
                0x000000000800a7ac      0x158 Src/main.o
 .text.ImageResize
                0x000000000800a904      0x2c8 Src/main.o
                0x000000000800a904                ImageResize
 *fill*         0x000000000800abcc        0x4 
 .text.convert_8Bit_Grayscale
                0x000000000800abd0      0x104 Src/main.o
                0x000000000800abd0                convert_8Bit_Grayscale
 .text.__io_putchar
                0x000000000800acd4       0x24 Src/main.o
                0x000000000800acd4                __io_putchar
 .text.Error_Handler
                0x000000000800acf8        0xe Src/main.o
                0x000000000800acf8                Error_Handler
 *fill*         0x000000000800ad06        0x2 
 .text.DCMI_SingleRandomWrite
                0x000000000800ad08       0x44 Src/sccb.o
                0x000000000800ad08                DCMI_SingleRandomWrite
 .text.BSP_LCD_Init
                0x000000000800ad4c       0x74 Src/stm32_lcd_bsp.o
                0x000000000800ad4c                BSP_LCD_Init
 .text.BSP_LCD_GetXSize
                0x000000000800adc0       0x18 Src/stm32_lcd_bsp.o
                0x000000000800adc0                BSP_LCD_GetXSize
 .text.BSP_LCD_GetYSize
                0x000000000800add8       0x18 Src/stm32_lcd_bsp.o
                0x000000000800add8                BSP_LCD_GetYSize
 .text.BSP_LCD_SetTextColor
                0x000000000800adf0       0x20 Src/stm32_lcd_bsp.o
                0x000000000800adf0                BSP_LCD_SetTextColor
 .text.BSP_LCD_SetFont
                0x000000000800ae10       0x20 Src/stm32_lcd_bsp.o
                0x000000000800ae10                BSP_LCD_SetFont
 .text.BSP_LCD_Clear
                0x000000000800ae30       0x68 Src/stm32_lcd_bsp.o
                0x000000000800ae30                BSP_LCD_Clear
 .text.BSP_LCD_DisplayChar
                0x000000000800ae98       0x54 Src/stm32_lcd_bsp.o
                0x000000000800ae98                BSP_LCD_DisplayChar
 .text.BSP_LCD_DisplayStringAt
                0x000000000800aeec      0x114 Src/stm32_lcd_bsp.o
                0x000000000800aeec                BSP_LCD_DisplayStringAt
 .text.BSP_LCD_DrawHLine
                0x000000000800b000       0x74 Src/stm32_lcd_bsp.o
                0x000000000800b000                BSP_LCD_DrawHLine
 .text.BSP_LCD_DrawBitmap
                0x000000000800b074       0x98 Src/stm32_lcd_bsp.o
                0x000000000800b074                BSP_LCD_DrawBitmap
 .text.LCD_DrawPixel
                0x000000000800b10c       0x38 Src/stm32_lcd_bsp.o
 .text.LCD_DrawChar
                0x000000000800b144      0x1e4 Src/stm32_lcd_bsp.o
 .text.LCD_SetDisplayWindow
                0x000000000800b328       0x44 Src/stm32_lcd_bsp.o
 .text.HAL_MspInit
                0x000000000800b36c       0x50 Src/stm32f4xx_hal_msp.o
                0x000000000800b36c                HAL_MspInit
 .text.HAL_CRC_MspInit
                0x000000000800b3bc       0x44 Src/stm32f4xx_hal_msp.o
                0x000000000800b3bc                HAL_CRC_MspInit
 .text.HAL_DCMI_MspInit
                0x000000000800b400      0x188 Src/stm32f4xx_hal_msp.o
                0x000000000800b400                HAL_DCMI_MspInit
 .text.HAL_I2C_MspInit
                0x000000000800b588       0x64 Src/stm32f4xx_hal_msp.o
                0x000000000800b588                HAL_I2C_MspInit
 .text.HAL_UART_MspInit
                0x000000000800b5ec       0x90 Src/stm32f4xx_hal_msp.o
                0x000000000800b5ec                HAL_UART_MspInit
 .text.HAL_FSMC_MspInit
                0x000000000800b67c       0xe0 Src/stm32f4xx_hal_msp.o
 .text.HAL_SRAM_MspInit
                0x000000000800b75c       0x14 Src/stm32f4xx_hal_msp.o
                0x000000000800b75c                HAL_SRAM_MspInit
 .text.NMI_Handler
                0x000000000800b770        0xe Src/stm32f4xx_it.o
                0x000000000800b770                NMI_Handler
 .text.HardFault_Handler
                0x000000000800b77e        0x6 Src/stm32f4xx_it.o
                0x000000000800b77e                HardFault_Handler
 .text.MemManage_Handler
                0x000000000800b784        0x6 Src/stm32f4xx_it.o
                0x000000000800b784                MemManage_Handler
 .text.BusFault_Handler
                0x000000000800b78a        0x6 Src/stm32f4xx_it.o
                0x000000000800b78a                BusFault_Handler
 .text.UsageFault_Handler
                0x000000000800b790        0x6 Src/stm32f4xx_it.o
                0x000000000800b790                UsageFault_Handler
 .text.SVC_Handler
                0x000000000800b796        0xe Src/stm32f4xx_it.o
                0x000000000800b796                SVC_Handler
 .text.DebugMon_Handler
                0x000000000800b7a4        0xe Src/stm32f4xx_it.o
                0x000000000800b7a4                DebugMon_Handler
 .text.PendSV_Handler
                0x000000000800b7b2        0xe Src/stm32f4xx_it.o
                0x000000000800b7b2                PendSV_Handler
 .text.SysTick_Handler
                0x000000000800b7c0        0xc Src/stm32f4xx_it.o
                0x000000000800b7c0                SysTick_Handler
 .text.DMA2_Stream1_IRQHandler
                0x000000000800b7cc       0x14 Src/stm32f4xx_it.o
                0x000000000800b7cc                DMA2_Stream1_IRQHandler
 .text.DCMI_IRQHandler
                0x000000000800b7e0       0x14 Src/stm32f4xx_it.o
                0x000000000800b7e0                DCMI_IRQHandler
 .text._read    0x000000000800b7f4       0x3a Src/syscalls.o
                0x000000000800b7f4                _read
 .text._write   0x000000000800b82e       0x38 Src/syscalls.o
                0x000000000800b82e                _write
 .text._close   0x000000000800b866       0x18 Src/syscalls.o
                0x000000000800b866                _close
 .text._fstat   0x000000000800b87e       0x20 Src/syscalls.o
                0x000000000800b87e                _fstat
 .text._isatty  0x000000000800b89e       0x16 Src/syscalls.o
                0x000000000800b89e                _isatty
 .text._lseek   0x000000000800b8b4       0x1a Src/syscalls.o
                0x000000000800b8b4                _lseek
 *fill*         0x000000000800b8ce        0x2 
 .text._sbrk    0x000000000800b8d0       0x58 Src/sysmem.o
                0x000000000800b8d0                _sbrk
 .text.SystemInit
                0x000000000800b928       0x74 Src/system_stm32f4xx.o
                0x000000000800b928                SystemInit
 .text.Reset_Handler
                0x000000000800b99c       0x50 Startup/startup_stm32f407igtx.o
                0x000000000800b99c                Reset_Handler
 .text.Default_Handler
                0x000000000800b9ec        0x2 Startup/startup_stm32f407igtx.o
                0x000000000800b9ec                RTC_Alarm_IRQHandler
                0x000000000800b9ec                HASH_RNG_IRQHandler
                0x000000000800b9ec                EXTI2_IRQHandler
                0x000000000800b9ec                TIM8_CC_IRQHandler
                0x000000000800b9ec                TIM1_CC_IRQHandler
                0x000000000800b9ec                DMA2_Stream5_IRQHandler
                0x000000000800b9ec                DMA1_Stream5_IRQHandler
                0x000000000800b9ec                PVD_IRQHandler
                0x000000000800b9ec                SDIO_IRQHandler
                0x000000000800b9ec                TAMP_STAMP_IRQHandler
                0x000000000800b9ec                CAN2_RX1_IRQHandler
                0x000000000800b9ec                EXTI3_IRQHandler
                0x000000000800b9ec                TIM8_TRG_COM_TIM14_IRQHandler
                0x000000000800b9ec                TIM1_UP_TIM10_IRQHandler
                0x000000000800b9ec                TIM8_UP_TIM13_IRQHandler
                0x000000000800b9ec                I2C3_ER_IRQHandler
                0x000000000800b9ec                EXTI0_IRQHandler
                0x000000000800b9ec                I2C2_EV_IRQHandler
                0x000000000800b9ec                DMA1_Stream2_IRQHandler
                0x000000000800b9ec                CAN1_RX0_IRQHandler
                0x000000000800b9ec                FPU_IRQHandler
                0x000000000800b9ec                OTG_HS_WKUP_IRQHandler
                0x000000000800b9ec                CAN2_SCE_IRQHandler
                0x000000000800b9ec                DMA2_Stream2_IRQHandler
                0x000000000800b9ec                SPI1_IRQHandler
                0x000000000800b9ec                TIM6_DAC_IRQHandler
                0x000000000800b9ec                TIM1_BRK_TIM9_IRQHandler
                0x000000000800b9ec                CAN2_RX0_IRQHandler
                0x000000000800b9ec                DMA2_Stream3_IRQHandler
                0x000000000800b9ec                USART6_IRQHandler
                0x000000000800b9ec                USART3_IRQHandler
                0x000000000800b9ec                CAN1_RX1_IRQHandler
                0x000000000800b9ec                UART5_IRQHandler
                0x000000000800b9ec                DMA2_Stream0_IRQHandler
                0x000000000800b9ec                TIM4_IRQHandler
                0x000000000800b9ec                I2C1_EV_IRQHandler
                0x000000000800b9ec                DMA1_Stream6_IRQHandler
                0x000000000800b9ec                DMA1_Stream1_IRQHandler
                0x000000000800b9ec                UART4_IRQHandler
                0x000000000800b9ec                TIM3_IRQHandler
                0x000000000800b9ec                RCC_IRQHandler
                0x000000000800b9ec                TIM8_BRK_TIM12_IRQHandler
                0x000000000800b9ec                Default_Handler
                0x000000000800b9ec                EXTI15_10_IRQHandler
                0x000000000800b9ec                ADC_IRQHandler
                0x000000000800b9ec                DMA1_Stream7_IRQHandler
                0x000000000800b9ec                TIM7_IRQHandler
                0x000000000800b9ec                CAN2_TX_IRQHandler
                0x000000000800b9ec                TIM5_IRQHandler
                0x000000000800b9ec                DMA2_Stream7_IRQHandler
                0x000000000800b9ec                I2C3_EV_IRQHandler
                0x000000000800b9ec                EXTI9_5_IRQHandler
                0x000000000800b9ec                RTC_WKUP_IRQHandler
                0x000000000800b9ec                ETH_WKUP_IRQHandler
                0x000000000800b9ec                SPI2_IRQHandler
                0x000000000800b9ec                OTG_HS_EP1_IN_IRQHandler
                0x000000000800b9ec                DMA1_Stream0_IRQHandler
                0x000000000800b9ec                CAN1_TX_IRQHandler
                0x000000000800b9ec                EXTI4_IRQHandler
                0x000000000800b9ec                FSMC_IRQHandler
                0x000000000800b9ec                ETH_IRQHandler
                0x000000000800b9ec                OTG_HS_EP1_OUT_IRQHandler
                0x000000000800b9ec                WWDG_IRQHandler
                0x000000000800b9ec                TIM2_IRQHandler
                0x000000000800b9ec                OTG_FS_WKUP_IRQHandler
                0x000000000800b9ec                TIM1_TRG_COM_TIM11_IRQHandler
                0x000000000800b9ec                OTG_HS_IRQHandler
                0x000000000800b9ec                EXTI1_IRQHandler
                0x000000000800b9ec                USART2_IRQHandler
                0x000000000800b9ec                I2C2_ER_IRQHandler
                0x000000000800b9ec                CAN1_SCE_IRQHandler
                0x000000000800b9ec                FLASH_IRQHandler
                0x000000000800b9ec                DMA2_Stream4_IRQHandler
                0x000000000800b9ec                USART1_IRQHandler
                0x000000000800b9ec                OTG_FS_IRQHandler
                0x000000000800b9ec                SPI3_IRQHandler
                0x000000000800b9ec                DMA1_Stream4_IRQHandler
                0x000000000800b9ec                I2C1_ER_IRQHandler
                0x000000000800b9ec                DMA2_Stream6_IRQHandler
                0x000000000800b9ec                DMA1_Stream3_IRQHandler
 .text.__aeabi_memclr
                0x000000000800b9ee        0x6 c:/st/stm32cubeide_1.0.2/stm32cubeide/plugins/com.st.stm32cube.ide.mcu.externaltools.gnu-tools-for-stm32.7-2018-q2-update.win32_1.0.0.201904181610/tools/bin/../lib/gcc/arm-none-eabi/7.3.1/../../../../arm-none-eabi/lib/thumb/v7e-m/fpv4-sp/hard\libc_nano.a(lib_a-aeabi_memclr.o)
                0x000000000800b9ee                __aeabi_memclr
                0x000000000800b9ee                __aeabi_memclr4
                0x000000000800b9ee                __aeabi_memclr8
 .text.__aeabi_memcpy
                0x000000000800b9f4        0x4 c:/st/stm32cubeide_1.0.2/stm32cubeide/plugins/com.st.stm32cube.ide.mcu.externaltools.gnu-tools-for-stm32.7-2018-q2-update.win32_1.0.0.201904181610/tools/bin/../lib/gcc/arm-none-eabi/7.3.1/../../../../arm-none-eabi/lib/thumb/v7e-m/fpv4-sp/hard\libc_nano.a(lib_a-aeabi_memcpy.o)
                0x000000000800b9f4                __aeabi_memcpy4
                0x000000000800b9f4                __aeabi_memcpy8
                0x000000000800b9f4                __aeabi_memcpy
 .text.__errno  0x000000000800b9f8        0xc c:/st/stm32cubeide_1.0.2/stm32cubeide/plugins/com.st.stm32cube.ide.mcu.externaltools.gnu-tools-for-stm32.7-2018-q2-update.win32_1.0.0.201904181610/tools/bin/../lib/gcc/arm-none-eabi/7.3.1/../../../../arm-none-eabi/lib/thumb/v7e-m/fpv4-sp/hard\libc_nano.a(lib_a-errno.o)
                0x000000000800b9f8                __errno
 .text.__libc_init_array
                0x000000000800ba04       0x48 c:/st/stm32cubeide_1.0.2/stm32cubeide/plugins/com.st.stm32cube.ide.mcu.externaltools.gnu-tools-for-stm32.7-2018-q2-update.win32_1.0.0.201904181610/tools/bin/../lib/gcc/arm-none-eabi/7.3.1/../../../../arm-none-eabi/lib/thumb/v7e-m/fpv4-sp/hard\libc_nano.a(lib_a-init.o)
                0x000000000800ba04                __libc_init_array
 .text.memcmp   0x000000000800ba4c       0x1e c:/st/stm32cubeide_1.0.2/stm32cubeide/plugins/com.st.stm32cube.ide.mcu.externaltools.gnu-tools-for-stm32.7-2018-q2-update.win32_1.0.0.201904181610/tools/bin/../lib/gcc/arm-none-eabi/7.3.1/../../../../arm-none-eabi/lib/thumb/v7e-m/fpv4-sp/hard\libc_nano.a(lib_a-memcmp.o)
                0x000000000800ba4c                memcmp
 .text.memcpy   0x000000000800ba6a       0x16 c:/st/stm32cubeide_1.0.2/stm32cubeide/plugins/com.st.stm32cube.ide.mcu.externaltools.gnu-tools-for-stm32.7-2018-q2-update.win32_1.0.0.201904181610/tools/bin/../lib/gcc/arm-none-eabi/7.3.1/../../../../arm-none-eabi/lib/thumb/v7e-m/fpv4-sp/hard\libc_nano.a(lib_a-memcpy-stub.o)
                0x000000000800ba6a                memcpy
 .text.memset   0x000000000800ba80       0x10 c:/st/stm32cubeide_1.0.2/stm32cubeide/plugins/com.st.stm32cube.ide.mcu.externaltools.gnu-tools-for-stm32.7-2018-q2-update.win32_1.0.0.201904181610/tools/bin/../lib/gcc/arm-none-eabi/7.3.1/../../../../arm-none-eabi/lib/thumb/v7e-m/fpv4-sp/hard\libc_nano.a(lib_a-memset.o)
                0x000000000800ba80                memset
 .text.__cvt    0x000000000800ba90       0xc2 c:/st/stm32cubeide_1.0.2/stm32cubeide/plugins/com.st.stm32cube.ide.mcu.externaltools.gnu-tools-for-stm32.7-2018-q2-update.win32_1.0.0.201904181610/tools/bin/../lib/gcc/arm-none-eabi/7.3.1/../../../../arm-none-eabi/lib/thumb/v7e-m/fpv4-sp/hard\libc_nano.a(lib_a-nano-vfprintf_float.o)
                0x000000000800ba90                __cvt
 .text.__exponent
                0x000000000800bb52       0x66 c:/st/stm32cubeide_1.0.2/stm32cubeide/plugins/com.st.stm32cube.ide.mcu.externaltools.gnu-tools-for-stm32.7-2018-q2-update.win32_1.0.0.201904181610/tools/bin/../lib/gcc/arm-none-eabi/7.3.1/../../../../arm-none-eabi/lib/thumb/v7e-m/fpv4-sp/hard\libc_nano.a(lib_a-nano-vfprintf_float.o)
                0x000000000800bb52                __exponent
 .text._printf_float
                0x000000000800bbb8      0x480 c:/st/stm32cubeide_1.0.2/stm32cubeide/plugins/com.st.stm32cube.ide.mcu.externaltools.gnu-tools-for-stm32.7-2018-q2-update.win32_1.0.0.201904181610/tools/bin/../lib/gcc/arm-none-eabi/7.3.1/../../../../arm-none-eabi/lib/thumb/v7e-m/fpv4-sp/hard\libc_nano.a(lib_a-nano-vfprintf_float.o)
                0x000000000800bbb8                _printf_float
 .text._printf_common
                0x000000000800c038       0xea c:/st/stm32cubeide_1.0.2/stm32cubeide/plugins/com.st.stm32cube.ide.mcu.externaltools.gnu-tools-for-stm32.7-2018-q2-update.win32_1.0.0.201904181610/tools/bin/../lib/gcc/arm-none-eabi/7.3.1/../../../../arm-none-eabi/lib/thumb/v7e-m/fpv4-sp/hard\libc_nano.a(lib_a-nano-vfprintf_i.o)
                0x000000000800c038                _printf_common
 *fill*         0x000000000800c122        0x2 
 .text._printf_i
                0x000000000800c124      0x224 c:/st/stm32cubeide_1.0.2/stm32cubeide/plugins/com.st.stm32cube.ide.mcu.externaltools.gnu-tools-for-stm32.7-2018-q2-update.win32_1.0.0.201904181610/tools/bin/../lib/gcc/arm-none-eabi/7.3.1/../../../../arm-none-eabi/lib/thumb/v7e-m/fpv4-sp/hard\libc_nano.a(lib_a-nano-vfprintf_i.o)
                0x000000000800c124                _printf_i
 .text._scanf_float
                0x000000000800c348      0x3c4 c:/st/stm32cubeide_1.0.2/stm32cubeide/plugins/com.st.stm32cube.ide.mcu.externaltools.gnu-tools-for-stm32.7-2018-q2-update.win32_1.0.0.201904181610/tools/bin/../lib/gcc/arm-none-eabi/7.3.1/../../../../arm-none-eabi/lib/thumb/v7e-m/fpv4-sp/hard\libc_nano.a(lib_a-nano-vfscanf_float.o)
                0x000000000800c348                _scanf_float
 .text.printf   0x000000000800c70c       0x30 c:/st/stm32cubeide_1.0.2/stm32cubeide/plugins/com.st.stm32cube.ide.mcu.externaltools.gnu-tools-for-stm32.7-2018-q2-update.win32_1.0.0.201904181610/tools/bin/../lib/gcc/arm-none-eabi/7.3.1/../../../../arm-none-eabi/lib/thumb/v7e-m/fpv4-sp/hard\libc_nano.a(lib_a-printf.o)
                0x000000000800c70c                iprintf
                0x000000000800c70c                printf
 .text.putchar  0x000000000800c73c       0x28 c:/st/stm32cubeide_1.0.2/stm32cubeide/plugins/com.st.stm32cube.ide.mcu.externaltools.gnu-tools-for-stm32.7-2018-q2-update.win32_1.0.0.201904181610/tools/bin/../lib/gcc/arm-none-eabi/7.3.1/../../../../arm-none-eabi/lib/thumb/v7e-m/fpv4-sp/hard\libc_nano.a(lib_a-putchar.o)
                0x000000000800c73c                putchar
 .text._puts_r  0x000000000800c764       0xb8 c:/st/stm32cubeide_1.0.2/stm32cubeide/plugins/com.st.stm32cube.ide.mcu.externaltools.gnu-tools-for-stm32.7-2018-q2-update.win32_1.0.0.201904181610/tools/bin/../lib/gcc/arm-none-eabi/7.3.1/../../../../arm-none-eabi/lib/thumb/v7e-m/fpv4-sp/hard\libc_nano.a(lib_a-puts.o)
                0x000000000800c764                _puts_r
 .text.puts     0x000000000800c81c       0x10 c:/st/stm32cubeide_1.0.2/stm32cubeide/plugins/com.st.stm32cube.ide.mcu.externaltools.gnu-tools-for-stm32.7-2018-q2-update.win32_1.0.0.201904181610/tools/bin/../lib/gcc/arm-none-eabi/7.3.1/../../../../arm-none-eabi/lib/thumb/v7e-m/fpv4-sp/hard\libc_nano.a(lib_a-puts.o)
                0x000000000800c81c                puts
 .text.nanf     0x000000000800c82c        0xc c:/st/stm32cubeide_1.0.2/stm32cubeide/plugins/com.st.stm32cube.ide.mcu.externaltools.gnu-tools-for-stm32.7-2018-q2-update.win32_1.0.0.201904181610/tools/bin/../lib/gcc/arm-none-eabi/7.3.1/../../../../arm-none-eabi/lib/thumb/v7e-m/fpv4-sp/hard\libc_nano.a(lib_a-sf_nan.o)
                0x000000000800c82c                nanf
 .text.sprintf  0x000000000800c838       0x40 c:/st/stm32cubeide_1.0.2/stm32cubeide/plugins/com.st.stm32cube.ide.mcu.externaltools.gnu-tools-for-stm32.7-2018-q2-update.win32_1.0.0.201904181610/tools/bin/../lib/gcc/arm-none-eabi/7.3.1/../../../../arm-none-eabi/lib/thumb/v7e-m/fpv4-sp/hard\libc_nano.a(lib_a-sprintf.o)
                0x000000000800c838                siprintf
                0x000000000800c838                sprintf
 .text.unlikely.sulp
                0x000000000800c878       0x38 c:/st/stm32cubeide_1.0.2/stm32cubeide/plugins/com.st.stm32cube.ide.mcu.externaltools.gnu-tools-for-stm32.7-2018-q2-update.win32_1.0.0.201904181610/tools/bin/../lib/gcc/arm-none-eabi/7.3.1/../../../../arm-none-eabi/lib/thumb/v7e-m/fpv4-sp/hard\libc_nano.a(lib_a-strtod.o)
 .text._strtod_l
                0x000000000800c8b0      0xbe8 c:/st/stm32cubeide_1.0.2/stm32cubeide/plugins/com.st.stm32cube.ide.mcu.externaltools.gnu-tools-for-stm32.7-2018-q2-update.win32_1.0.0.201904181610/tools/bin/../lib/gcc/arm-none-eabi/7.3.1/../../../../arm-none-eabi/lib/thumb/v7e-m/fpv4-sp/hard\libc_nano.a(lib_a-strtod.o)
                0x000000000800c8b0                _strtod_l
 .text._strtod_r
                0x000000000800d498       0x20 c:/st/stm32cubeide_1.0.2/stm32cubeide/plugins/com.st.stm32cube.ide.mcu.externaltools.gnu-tools-for-stm32.7-2018-q2-update.win32_1.0.0.201904181610/tools/bin/../lib/gcc/arm-none-eabi/7.3.1/../../../../arm-none-eabi/lib/thumb/v7e-m/fpv4-sp/hard\libc_nano.a(lib_a-strtod.o)
                0x000000000800d498                _strtod_r
 .text._strtol_l.isra.0
                0x000000000800d4b8       0xf6 c:/st/stm32cubeide_1.0.2/stm32cubeide/plugins/com.st.stm32cube.ide.mcu.externaltools.gnu-tools-for-stm32.7-2018-q2-update.win32_1.0.0.201904181610/tools/bin/../lib/gcc/arm-none-eabi/7.3.1/../../../../arm-none-eabi/lib/thumb/v7e-m/fpv4-sp/hard\libc_nano.a(lib_a-strtol.o)
 *fill*         0x000000000800d5ae        0x2 
 .text._strtol_r
                0x000000000800d5b0       0x24 c:/st/stm32cubeide_1.0.2/stm32cubeide/plugins/com.st.stm32cube.ide.mcu.externaltools.gnu-tools-for-stm32.7-2018-q2-update.win32_1.0.0.201904181610/tools/bin/../lib/gcc/arm-none-eabi/7.3.1/../../../../arm-none-eabi/lib/thumb/v7e-m/fpv4-sp/hard\libc_nano.a(lib_a-strtol.o)
                0x000000000800d5b0                _strtol_r
 .text.__swbuf_r
                0x000000000800d5d4       0xa4 c:/st/stm32cubeide_1.0.2/stm32cubeide/plugins/com.st.stm32cube.ide.mcu.externaltools.gnu-tools-for-stm32.7-2018-q2-update.win32_1.0.0.201904181610/tools/bin/../lib/gcc/arm-none-eabi/7.3.1/../../../../arm-none-eabi/lib/thumb/v7e-m/fpv4-sp/hard\libc_nano.a(lib_a-wbuf.o)
                0x000000000800d5d4                __swbuf_r
 .text.__swsetup_r
                0x000000000800d678       0xdc c:/st/stm32cubeide_1.0.2/stm32cubeide/plugins/com.st.stm32cube.ide.mcu.externaltools.gnu-tools-for-stm32.7-2018-q2-update.win32_1.0.0.201904181610/tools/bin/../lib/gcc/arm-none-eabi/7.3.1/../../../../arm-none-eabi/lib/thumb/v7e-m/fpv4-sp/hard\libc_nano.a(lib_a-wsetup.o)
                0x000000000800d678                __swsetup_r
 .text.quorem   0x000000000800d754      0x118 c:/st/stm32cubeide_1.0.2/stm32cubeide/plugins/com.st.stm32cube.ide.mcu.externaltools.gnu-tools-for-stm32.7-2018-q2-update.win32_1.0.0.201904181610/tools/bin/../lib/gcc/arm-none-eabi/7.3.1/../../../../arm-none-eabi/lib/thumb/v7e-m/fpv4-sp/hard\libc_nano.a(lib_a-dtoa.o)
 *fill*         0x000000000800d86c        0x4 
 .text._dtoa_r  0x000000000800d870      0xb70 c:/st/stm32cubeide_1.0.2/stm32cubeide/plugins/com.st.stm32cube.ide.mcu.externaltools.gnu-tools-for-stm32.7-2018-q2-update.win32_1.0.0.201904181610/tools/bin/../lib/gcc/arm-none-eabi/7.3.1/../../../../arm-none-eabi/lib/thumb/v7e-m/fpv4-sp/hard\libc_nano.a(lib_a-dtoa.o)
                0x000000000800d870                _dtoa_r
 .text.__sflush_r
                0x000000000800e3e0      0x10c c:/st/stm32cubeide_1.0.2/stm32cubeide/plugins/com.st.stm32cube.ide.mcu.externaltools.gnu-tools-for-stm32.7-2018-q2-update.win32_1.0.0.201904181610/tools/bin/../lib/gcc/arm-none-eabi/7.3.1/../../../../arm-none-eabi/lib/thumb/v7e-m/fpv4-sp/hard\libc_nano.a(lib_a-fflush.o)
                0x000000000800e3e0                __sflush_r
 .text._fflush_r
                0x000000000800e4ec       0x54 c:/st/stm32cubeide_1.0.2/stm32cubeide/plugins/com.st.stm32cube.ide.mcu.externaltools.gnu-tools-for-stm32.7-2018-q2-update.win32_1.0.0.201904181610/tools/bin/../lib/gcc/arm-none-eabi/7.3.1/../../../../arm-none-eabi/lib/thumb/v7e-m/fpv4-sp/hard\libc_nano.a(lib_a-fflush.o)
                0x000000000800e4ec                _fflush_r
 .text.std      0x000000000800e540       0x48 c:/st/stm32cubeide_1.0.2/stm32cubeide/plugins/com.st.stm32cube.ide.mcu.externaltools.gnu-tools-for-stm32.7-2018-q2-update.win32_1.0.0.201904181610/tools/bin/../lib/gcc/arm-none-eabi/7.3.1/../../../../arm-none-eabi/lib/thumb/v7e-m/fpv4-sp/hard\libc_nano.a(lib_a-findfp.o)
 .text._cleanup_r
                0x000000000800e588        0xc c:/st/stm32cubeide_1.0.2/stm32cubeide/plugins/com.st.stm32cube.ide.mcu.externaltools.gnu-tools-for-stm32.7-2018-q2-update.win32_1.0.0.201904181610/tools/bin/../lib/gcc/arm-none-eabi/7.3.1/../../../../arm-none-eabi/lib/thumb/v7e-m/fpv4-sp/hard\libc_nano.a(lib_a-findfp.o)
                0x000000000800e588                _cleanup_r
 .text.__sfmoreglue
                0x000000000800e594       0x2c c:/st/stm32cubeide_1.0.2/stm32cubeide/plugins/com.st.stm32cube.ide.mcu.externaltools.gnu-tools-for-stm32.7-2018-q2-update.win32_1.0.0.201904181610/tools/bin/../lib/gcc/arm-none-eabi/7.3.1/../../../../arm-none-eabi/lib/thumb/v7e-m/fpv4-sp/hard\libc_nano.a(lib_a-findfp.o)
                0x000000000800e594                __sfmoreglue
 .text.__sinit  0x000000000800e5c0       0x60 c:/st/stm32cubeide_1.0.2/stm32cubeide/plugins/com.st.stm32cube.ide.mcu.externaltools.gnu-tools-for-stm32.7-2018-q2-update.win32_1.0.0.201904181610/tools/bin/../lib/gcc/arm-none-eabi/7.3.1/../../../../arm-none-eabi/lib/thumb/v7e-m/fpv4-sp/hard\libc_nano.a(lib_a-findfp.o)
                0x000000000800e5c0                __sinit
 .text.__sfp    0x000000000800e620       0x78 c:/st/stm32cubeide_1.0.2/stm32cubeide/plugins/com.st.stm32cube.ide.mcu.externaltools.gnu-tools-for-stm32.7-2018-q2-update.win32_1.0.0.201904181610/tools/bin/../lib/gcc/arm-none-eabi/7.3.1/../../../../arm-none-eabi/lib/thumb/v7e-m/fpv4-sp/hard\libc_nano.a(lib_a-findfp.o)
                0x000000000800e620                __sfp
 .text._fwalk_reent
                0x000000000800e698       0x3c c:/st/stm32cubeide_1.0.2/stm32cubeide/plugins/com.st.stm32cube.ide.mcu.externaltools.gnu-tools-for-stm32.7-2018-q2-update.win32_1.0.0.201904181610/tools/bin/../lib/gcc/arm-none-eabi/7.3.1/../../../../arm-none-eabi/lib/thumb/v7e-m/fpv4-sp/hard\libc_nano.a(lib_a-fwalk.o)
                0x000000000800e698                _fwalk_reent
 .text.rshift   0x000000000800e6d4       0x74 c:/st/stm32cubeide_1.0.2/stm32cubeide/plugins/com.st.stm32cube.ide.mcu.externaltools.gnu-tools-for-stm32.7-2018-q2-update.win32_1.0.0.201904181610/tools/bin/../lib/gcc/arm-none-eabi/7.3.1/../../../../arm-none-eabi/lib/thumb/v7e-m/fpv4-sp/hard\libc_nano.a(lib_a-gdtoa-gethex.o)
 .text.__hexdig_fun
                0x000000000800e748       0x2a c:/st/stm32cubeide_1.0.2/stm32cubeide/plugins/com.st.stm32cube.ide.mcu.externaltools.gnu-tools-for-stm32.7-2018-q2-update.win32_1.0.0.201904181610/tools/bin/../lib/gcc/arm-none-eabi/7.3.1/../../../../arm-none-eabi/lib/thumb/v7e-m/fpv4-sp/hard\libc_nano.a(lib_a-gdtoa-gethex.o)
                0x000000000800e748                __hexdig_fun
 .text.__gethex
                0x000000000800e772      0x442 c:/st/stm32cubeide_1.0.2/stm32cubeide/plugins/com.st.stm32cube.ide.mcu.externaltools.gnu-tools-for-stm32.7-2018-q2-update.win32_1.0.0.201904181610/tools/bin/../lib/gcc/arm-none-eabi/7.3.1/../../../../arm-none-eabi/lib/thumb/v7e-m/fpv4-sp/hard\libc_nano.a(lib_a-gdtoa-gethex.o)
                0x000000000800e772                __gethex
 .text.L_shift  0x000000000800ebb4       0x24 c:/st/stm32cubeide_1.0.2/stm32cubeide/plugins/com.st.stm32cube.ide.mcu.externaltools.gnu-tools-for-stm32.7-2018-q2-update.win32_1.0.0.201904181610/tools/bin/../lib/gcc/arm-none-eabi/7.3.1/../../../../arm-none-eabi/lib/thumb/v7e-m/fpv4-sp/hard\libc_nano.a(lib_a-gdtoa-hexnan.o)
 .text.__match  0x000000000800ebd8       0x28 c:/st/stm32cubeide_1.0.2/stm32cubeide/plugins/com.st.stm32cube.ide.mcu.externaltools.gnu-tools-for-stm32.7-2018-q2-update.win32_1.0.0.201904181610/tools/bin/../lib/gcc/arm-none-eabi/7.3.1/../../../../arm-none-eabi/lib/thumb/v7e-m/fpv4-sp/hard\libc_nano.a(lib_a-gdtoa-hexnan.o)
                0x000000000800ebd8                __match
 .text.__hexnan
                0x000000000800ec00      0x120 c:/st/stm32cubeide_1.0.2/stm32cubeide/plugins/com.st.stm32cube.ide.mcu.externaltools.gnu-tools-for-stm32.7-2018-q2-update.win32_1.0.0.201904181610/tools/bin/../lib/gcc/arm-none-eabi/7.3.1/../../../../arm-none-eabi/lib/thumb/v7e-m/fpv4-sp/hard\libc_nano.a(lib_a-gdtoa-hexnan.o)
                0x000000000800ec00                __hexnan
 .text.__locale_ctype_ptr_l
                0x000000000800ed20        0x6 c:/st/stm32cubeide_1.0.2/stm32cubeide/plugins/com.st.stm32cube.ide.mcu.externaltools.gnu-tools-for-stm32.7-2018-q2-update.win32_1.0.0.201904181610/tools/bin/../lib/gcc/arm-none-eabi/7.3.1/../../../../arm-none-eabi/lib/thumb/v7e-m/fpv4-sp/hard\libc_nano.a(lib_a-locale.o)
                0x000000000800ed20                __locale_ctype_ptr_l
 .text.__localeconv_l
                0x000000000800ed26        0x4 c:/st/stm32cubeide_1.0.2/stm32cubeide/plugins/com.st.stm32cube.ide.mcu.externaltools.gnu-tools-for-stm32.7-2018-q2-update.win32_1.0.0.201904181610/tools/bin/../lib/gcc/arm-none-eabi/7.3.1/../../../../arm-none-eabi/lib/thumb/v7e-m/fpv4-sp/hard\libc_nano.a(lib_a-localeconv.o)
                0x000000000800ed26                __localeconv_l
 *fill*         0x000000000800ed2a        0x2 
 .text._localeconv_r
                0x000000000800ed2c       0x1c c:/st/stm32cubeide_1.0.2/stm32cubeide/plugins/com.st.stm32cube.ide.mcu.externaltools.gnu-tools-for-stm32.7-2018-q2-update.win32_1.0.0.201904181610/tools/bin/../lib/gcc/arm-none-eabi/7.3.1/../../../../arm-none-eabi/lib/thumb/v7e-m/fpv4-sp/hard\libc_nano.a(lib_a-localeconv.o)
                0x000000000800ed2c                _localeconv_r
 .text.__swhatbuf_r
                0x000000000800ed48       0x48 c:/st/stm32cubeide_1.0.2/stm32cubeide/plugins/com.st.stm32cube.ide.mcu.externaltools.gnu-tools-for-stm32.7-2018-q2-update.win32_1.0.0.201904181610/tools/bin/../lib/gcc/arm-none-eabi/7.3.1/../../../../arm-none-eabi/lib/thumb/v7e-m/fpv4-sp/hard\libc_nano.a(lib_a-makebuf.o)
                0x000000000800ed48                __swhatbuf_r
 .text.__smakebuf_r
                0x000000000800ed90       0x80 c:/st/stm32cubeide_1.0.2/stm32cubeide/plugins/com.st.stm32cube.ide.mcu.externaltools.gnu-tools-for-stm32.7-2018-q2-update.win32_1.0.0.201904181610/tools/bin/../lib/gcc/arm-none-eabi/7.3.1/../../../../arm-none-eabi/lib/thumb/v7e-m/fpv4-sp/hard\libc_nano.a(lib_a-makebuf.o)
                0x000000000800ed90                __smakebuf_r
 .text.malloc   0x000000000800ee10       0x10 c:/st/stm32cubeide_1.0.2/stm32cubeide/plugins/com.st.stm32cube.ide.mcu.externaltools.gnu-tools-for-stm32.7-2018-q2-update.win32_1.0.0.201904181610/tools/bin/../lib/gcc/arm-none-eabi/7.3.1/../../../../arm-none-eabi/lib/thumb/v7e-m/fpv4-sp/hard\libc_nano.a(lib_a-malloc.o)
                0x000000000800ee10                malloc
 .text.__ascii_mbtowc
                0x000000000800ee20       0x24 c:/st/stm32cubeide_1.0.2/stm32cubeide/plugins/com.st.stm32cube.ide.mcu.externaltools.gnu-tools-for-stm32.7-2018-q2-update.win32_1.0.0.201904181610/tools/bin/../lib/gcc/arm-none-eabi/7.3.1/../../../../arm-none-eabi/lib/thumb/v7e-m/fpv4-sp/hard\libc_nano.a(lib_a-mbtowc_r.o)
                0x000000000800ee20                __ascii_mbtowc
 .text._Balloc  0x000000000800ee44       0x68 c:/st/stm32cubeide_1.0.2/stm32cubeide/plugins/com.st.stm32cube.ide.mcu.externaltools.gnu-tools-for-stm32.7-2018-q2-update.win32_1.0.0.201904181610/tools/bin/../lib/gcc/arm-none-eabi/7.3.1/../../../../arm-none-eabi/lib/thumb/v7e-m/fpv4-sp/hard\libc_nano.a(lib_a-mprec.o)
                0x000000000800ee44                _Balloc
 .text._Bfree   0x000000000800eeac       0x2e c:/st/stm32cubeide_1.0.2/stm32cubeide/plugins/com.st.stm32cube.ide.mcu.externaltools.gnu-tools-for-stm32.7-2018-q2-update.win32_1.0.0.201904181610/tools/bin/../lib/gcc/arm-none-eabi/7.3.1/../../../../arm-none-eabi/lib/thumb/v7e-m/fpv4-sp/hard\libc_nano.a(lib_a-mprec.o)
                0x000000000800eeac                _Bfree
 .text.__multadd
                0x000000000800eeda       0x76 c:/st/stm32cubeide_1.0.2/stm32cubeide/plugins/com.st.stm32cube.ide.mcu.externaltools.gnu-tools-for-stm32.7-2018-q2-update.win32_1.0.0.201904181610/tools/bin/../lib/gcc/arm-none-eabi/7.3.1/../../../../arm-none-eabi/lib/thumb/v7e-m/fpv4-sp/hard\libc_nano.a(lib_a-mprec.o)
                0x000000000800eeda                __multadd
 .text.__s2b    0x000000000800ef50       0x7c c:/st/stm32cubeide_1.0.2/stm32cubeide/plugins/com.st.stm32cube.ide.mcu.externaltools.gnu-tools-for-stm32.7-2018-q2-update.win32_1.0.0.201904181610/tools/bin/../lib/gcc/arm-none-eabi/7.3.1/../../../../arm-none-eabi/lib/thumb/v7e-m/fpv4-sp/hard\libc_nano.a(lib_a-mprec.o)
                0x000000000800ef50                __s2b
 .text.__hi0bits
                0x000000000800efcc       0x3e c:/st/stm32cubeide_1.0.2/stm32cubeide/plugins/com.st.stm32cube.ide.mcu.externaltools.gnu-tools-for-stm32.7-2018-q2-update.win32_1.0.0.201904181610/tools/bin/../lib/gcc/arm-none-eabi/7.3.1/../../../../arm-none-eabi/lib/thumb/v7e-m/fpv4-sp/hard\libc_nano.a(lib_a-mprec.o)
                0x000000000800efcc                __hi0bits
 .text.__lo0bits
                0x000000000800f00a       0x5e c:/st/stm32cubeide_1.0.2/stm32cubeide/plugins/com.st.stm32cube.ide.mcu.externaltools.gnu-tools-for-stm32.7-2018-q2-update.win32_1.0.0.201904181610/tools/bin/../lib/gcc/arm-none-eabi/7.3.1/../../../../arm-none-eabi/lib/thumb/v7e-m/fpv4-sp/hard\libc_nano.a(lib_a-mprec.o)
                0x000000000800f00a                __lo0bits
 .text.__i2b    0x000000000800f068       0x12 c:/st/stm32cubeide_1.0.2/stm32cubeide/plugins/com.st.stm32cube.ide.mcu.externaltools.gnu-tools-for-stm32.7-2018-q2-update.win32_1.0.0.201904181610/tools/bin/../lib/gcc/arm-none-eabi/7.3.1/../../../../arm-none-eabi/lib/thumb/v7e-m/fpv4-sp/hard\libc_nano.a(lib_a-mprec.o)
                0x000000000800f068                __i2b
 .text.__multiply
                0x000000000800f07a      0x12c c:/st/stm32cubeide_1.0.2/stm32cubeide/plugins/com.st.stm32cube.ide.mcu.externaltools.gnu-tools-for-stm32.7-2018-q2-update.win32_1.0.0.201904181610/tools/bin/../lib/gcc/arm-none-eabi/7.3.1/../../../../arm-none-eabi/lib/thumb/v7e-m/fpv4-sp/hard\libc_nano.a(lib_a-mprec.o)
                0x000000000800f07a                __multiply
 *fill*         0x000000000800f1a6        0x2 
 .text.__pow5mult
                0x000000000800f1a8       0x9c c:/st/stm32cubeide_1.0.2/stm32cubeide/plugins/com.st.stm32cube.ide.mcu.externaltools.gnu-tools-for-stm32.7-2018-q2-update.win32_1.0.0.201904181610/tools/bin/../lib/gcc/arm-none-eabi/7.3.1/../../../../arm-none-eabi/lib/thumb/v7e-m/fpv4-sp/hard\libc_nano.a(lib_a-mprec.o)
                0x000000000800f1a8                __pow5mult
 .text.__lshift
                0x000000000800f244       0xa8 c:/st/stm32cubeide_1.0.2/stm32cubeide/plugins/com.st.stm32cube.ide.mcu.externaltools.gnu-tools-for-stm32.7-2018-q2-update.win32_1.0.0.201904181610/tools/bin/../lib/gcc/arm-none-eabi/7.3.1/../../../../arm-none-eabi/lib/thumb/v7e-m/fpv4-sp/hard\libc_nano.a(lib_a-mprec.o)
                0x000000000800f244                __lshift
 .text.__mcmp   0x000000000800f2ec       0x34 c:/st/stm32cubeide_1.0.2/stm32cubeide/plugins/com.st.stm32cube.ide.mcu.externaltools.gnu-tools-for-stm32.7-2018-q2-update.win32_1.0.0.201904181610/tools/bin/../lib/gcc/arm-none-eabi/7.3.1/../../../../arm-none-eabi/lib/thumb/v7e-m/fpv4-sp/hard\libc_nano.a(lib_a-mprec.o)
                0x000000000800f2ec                __mcmp
 .text.__mdiff  0x000000000800f320       0xba c:/st/stm32cubeide_1.0.2/stm32cubeide/plugins/com.st.stm32cube.ide.mcu.externaltools.gnu-tools-for-stm32.7-2018-q2-update.win32_1.0.0.201904181610/tools/bin/../lib/gcc/arm-none-eabi/7.3.1/../../../../arm-none-eabi/lib/thumb/v7e-m/fpv4-sp/hard\libc_nano.a(lib_a-mprec.o)
                0x000000000800f320                __mdiff
 *fill*         0x000000000800f3da        0x2 
 .text.__ulp    0x000000000800f3dc       0x50 c:/st/stm32cubeide_1.0.2/stm32cubeide/plugins/com.st.stm32cube.ide.mcu.externaltools.gnu-tools-for-stm32.7-2018-q2-update.win32_1.0.0.201904181610/tools/bin/../lib/gcc/arm-none-eabi/7.3.1/../../../../arm-none-eabi/lib/thumb/v7e-m/fpv4-sp/hard\libc_nano.a(lib_a-mprec.o)
                0x000000000800f3dc                __ulp
 .text.__b2d    0x000000000800f42c       0x9c c:/st/stm32cubeide_1.0.2/stm32cubeide/plugins/com.st.stm32cube.ide.mcu.externaltools.gnu-tools-for-stm32.7-2018-q2-update.win32_1.0.0.201904181610/tools/bin/../lib/gcc/arm-none-eabi/7.3.1/../../../../arm-none-eabi/lib/thumb/v7e-m/fpv4-sp/hard\libc_nano.a(lib_a-mprec.o)
                0x000000000800f42c                __b2d
 .text.__d2b    0x000000000800f4c8       0x9e c:/st/stm32cubeide_1.0.2/stm32cubeide/plugins/com.st.stm32cube.ide.mcu.externaltools.gnu-tools-for-stm32.7-2018-q2-update.win32_1.0.0.201904181610/tools/bin/../lib/gcc/arm-none-eabi/7.3.1/../../../../arm-none-eabi/lib/thumb/v7e-m/fpv4-sp/hard\libc_nano.a(lib_a-mprec.o)
                0x000000000800f4c8                __d2b
 .text.__ratio  0x000000000800f566       0x66 c:/st/stm32cubeide_1.0.2/stm32cubeide/plugins/com.st.stm32cube.ide.mcu.externaltools.gnu-tools-for-stm32.7-2018-q2-update.win32_1.0.0.201904181610/tools/bin/../lib/gcc/arm-none-eabi/7.3.1/../../../../arm-none-eabi/lib/thumb/v7e-m/fpv4-sp/hard\libc_nano.a(lib_a-mprec.o)
                0x000000000800f566                __ratio
 .text.__copybits
                0x000000000800f5cc       0x34 c:/st/stm32cubeide_1.0.2/stm32cubeide/plugins/com.st.stm32cube.ide.mcu.externaltools.gnu-tools-for-stm32.7-2018-q2-update.win32_1.0.0.201904181610/tools/bin/../lib/gcc/arm-none-eabi/7.3.1/../../../../arm-none-eabi/lib/thumb/v7e-m/fpv4-sp/hard\libc_nano.a(lib_a-mprec.o)
                0x000000000800f5cc                __copybits
 .text.__any_on
                0x000000000800f600       0x42 c:/st/stm32cubeide_1.0.2/stm32cubeide/plugins/com.st.stm32cube.ide.mcu.externaltools.gnu-tools-for-stm32.7-2018-q2-update.win32_1.0.0.201904181610/tools/bin/../lib/gcc/arm-none-eabi/7.3.1/../../../../arm-none-eabi/lib/thumb/v7e-m/fpv4-sp/hard\libc_nano.a(lib_a-mprec.o)
                0x000000000800f600                __any_on
 .text._calloc_r
                0x000000000800f642       0x1c c:/st/stm32cubeide_1.0.2/stm32cubeide/plugins/com.st.stm32cube.ide.mcu.externaltools.gnu-tools-for-stm32.7-2018-q2-update.win32_1.0.0.201904181610/tools/bin/../lib/gcc/arm-none-eabi/7.3.1/../../../../arm-none-eabi/lib/thumb/v7e-m/fpv4-sp/hard\libc_nano.a(lib_a-nano-callocr.o)
                0x000000000800f642                _calloc_r
 *fill*         0x000000000800f65e        0x2 
 .text._free_r  0x000000000800f660       0x9c c:/st/stm32cubeide_1.0.2/stm32cubeide/plugins/com.st.stm32cube.ide.mcu.externaltools.gnu-tools-for-stm32.7-2018-q2-update.win32_1.0.0.201904181610/tools/bin/../lib/gcc/arm-none-eabi/7.3.1/../../../../arm-none-eabi/lib/thumb/v7e-m/fpv4-sp/hard\libc_nano.a(lib_a-nano-freer.o)
                0x000000000800f660                _free_r
 .text._malloc_r
                0x000000000800f6fc       0xb4 c:/st/stm32cubeide_1.0.2/stm32cubeide/plugins/com.st.stm32cube.ide.mcu.externaltools.gnu-tools-for-stm32.7-2018-q2-update.win32_1.0.0.201904181610/tools/bin/../lib/gcc/arm-none-eabi/7.3.1/../../../../arm-none-eabi/lib/thumb/v7e-m/fpv4-sp/hard\libc_nano.a(lib_a-nano-mallocr.o)
                0x000000000800f6fc                _malloc_r
 .text.__ssputs_r
                0x000000000800f7b0       0xb4 c:/st/stm32cubeide_1.0.2/stm32cubeide/plugins/com.st.stm32cube.ide.mcu.externaltools.gnu-tools-for-stm32.7-2018-q2-update.win32_1.0.0.201904181610/tools/bin/../lib/gcc/arm-none-eabi/7.3.1/../../../../arm-none-eabi/lib/thumb/v7e-m/fpv4-sp/hard\libc_nano.a(lib_a-nano-svfprintf.o)
                0x000000000800f7b0                __ssputs_r
 .text._svfprintf_r
                0x000000000800f864      0x1f0 c:/st/stm32cubeide_1.0.2/stm32cubeide/plugins/com.st.stm32cube.ide.mcu.externaltools.gnu-tools-for-stm32.7-2018-q2-update.win32_1.0.0.201904181610/tools/bin/../lib/gcc/arm-none-eabi/7.3.1/../../../../arm-none-eabi/lib/thumb/v7e-m/fpv4-sp/hard\libc_nano.a(lib_a-nano-svfprintf.o)
                0x000000000800f864                _svfiprintf_r
                0x000000000800f864                _svfprintf_r
 .text.__sfputc_r
                0x000000000800fa54       0x2e c:/st/stm32cubeide_1.0.2/stm32cubeide/plugins/com.st.stm32cube.ide.mcu.externaltools.gnu-tools-for-stm32.7-2018-q2-update.win32_1.0.0.201904181610/tools/bin/../lib/gcc/arm-none-eabi/7.3.1/../../../../arm-none-eabi/lib/thumb/v7e-m/fpv4-sp/hard\libc_nano.a(lib_a-nano-vfprintf.o)
 .text.__sfputs_r
                0x000000000800fa82       0x24 c:/st/stm32cubeide_1.0.2/stm32cubeide/plugins/com.st.stm32cube.ide.mcu.externaltools.gnu-tools-for-stm32.7-2018-q2-update.win32_1.0.0.201904181610/tools/bin/../lib/gcc/arm-none-eabi/7.3.1/../../../../arm-none-eabi/lib/thumb/v7e-m/fpv4-sp/hard\libc_nano.a(lib_a-nano-vfprintf.o)
                0x000000000800fa82                __sfputs_r
 *fill*         0x000000000800faa6        0x2 
 .text._vfprintf_r
                0x000000000800faa8      0x22c c:/st/stm32cubeide_1.0.2/stm32cubeide/plugins/com.st.stm32cube.ide.mcu.externaltools.gnu-tools-for-stm32.7-2018-q2-update.win32_1.0.0.201904181610/tools/bin/../lib/gcc/arm-none-eabi/7.3.1/../../../../arm-none-eabi/lib/thumb/v7e-m/fpv4-sp/hard\libc_nano.a(lib_a-nano-vfprintf.o)
                0x000000000800faa8                _vfprintf_r
                0x000000000800faa8                _vfiprintf_r
 .text._putc_r  0x000000000800fcd4       0x6c c:/st/stm32cubeide_1.0.2/stm32cubeide/plugins/com.st.stm32cube.ide.mcu.externaltools.gnu-tools-for-stm32.7-2018-q2-update.win32_1.0.0.201904181610/tools/bin/../lib/gcc/arm-none-eabi/7.3.1/../../../../arm-none-eabi/lib/thumb/v7e-m/fpv4-sp/hard\libc_nano.a(lib_a-putc.o)
                0x000000000800fcd4                _putc_r
 .text._sbrk_r  0x000000000800fd40       0x20 c:/st/stm32cubeide_1.0.2/stm32cubeide/plugins/com.st.stm32cube.ide.mcu.externaltools.gnu-tools-for-stm32.7-2018-q2-update.win32_1.0.0.201904181610/tools/bin/../lib/gcc/arm-none-eabi/7.3.1/../../../../arm-none-eabi/lib/thumb/v7e-m/fpv4-sp/hard\libc_nano.a(lib_a-sbrkr.o)
                0x000000000800fd40                _sbrk_r
 .text.__sread  0x000000000800fd60       0x22 c:/st/stm32cubeide_1.0.2/stm32cubeide/plugins/com.st.stm32cube.ide.mcu.externaltools.gnu-tools-for-stm32.7-2018-q2-update.win32_1.0.0.201904181610/tools/bin/../lib/gcc/arm-none-eabi/7.3.1/../../../../arm-none-eabi/lib/thumb/v7e-m/fpv4-sp/hard\libc_nano.a(lib_a-stdio.o)
                0x000000000800fd60                __sread
 .text.__swrite
                0x000000000800fd82       0x38 c:/st/stm32cubeide_1.0.2/stm32cubeide/plugins/com.st.stm32cube.ide.mcu.externaltools.gnu-tools-for-stm32.7-2018-q2-update.win32_1.0.0.201904181610/tools/bin/../lib/gcc/arm-none-eabi/7.3.1/../../../../arm-none-eabi/lib/thumb/v7e-m/fpv4-sp/hard\libc_nano.a(lib_a-stdio.o)
                0x000000000800fd82                __swrite
 .text.__sseek  0x000000000800fdba       0x24 c:/st/stm32cubeide_1.0.2/stm32cubeide/plugins/com.st.stm32cube.ide.mcu.externaltools.gnu-tools-for-stm32.7-2018-q2-update.win32_1.0.0.201904181610/tools/bin/../lib/gcc/arm-none-eabi/7.3.1/../../../../arm-none-eabi/lib/thumb/v7e-m/fpv4-sp/hard\libc_nano.a(lib_a-stdio.o)
                0x000000000800fdba                __sseek
 .text.__sclose
                0x000000000800fdde        0x8 c:/st/stm32cubeide_1.0.2/stm32cubeide/plugins/com.st.stm32cube.ide.mcu.externaltools.gnu-tools-for-stm32.7-2018-q2-update.win32_1.0.0.201904181610/tools/bin/../lib/gcc/arm-none-eabi/7.3.1/../../../../arm-none-eabi/lib/thumb/v7e-m/fpv4-sp/hard\libc_nano.a(lib_a-stdio.o)
                0x000000000800fdde                __sclose
 .text.strncmp  0x000000000800fde6       0x24 c:/st/stm32cubeide_1.0.2/stm32cubeide/plugins/com.st.stm32cube.ide.mcu.externaltools.gnu-tools-for-stm32.7-2018-q2-update.win32_1.0.0.201904181610/tools/bin/../lib/gcc/arm-none-eabi/7.3.1/../../../../arm-none-eabi/lib/thumb/v7e-m/fpv4-sp/hard\libc_nano.a(lib_a-strncmp.o)
                0x000000000800fde6                strncmp
 .text.__ascii_wctomb
                0x000000000800fe0a       0x1a c:/st/stm32cubeide_1.0.2/stm32cubeide/plugins/com.st.stm32cube.ide.mcu.externaltools.gnu-tools-for-stm32.7-2018-q2-update.win32_1.0.0.201904181610/tools/bin/../lib/gcc/arm-none-eabi/7.3.1/../../../../arm-none-eabi/lib/thumb/v7e-m/fpv4-sp/hard\libc_nano.a(lib_a-wctomb_r.o)
                0x000000000800fe0a                __ascii_wctomb
 .text._write_r
                0x000000000800fe24       0x24 c:/st/stm32cubeide_1.0.2/stm32cubeide/plugins/com.st.stm32cube.ide.mcu.externaltools.gnu-tools-for-stm32.7-2018-q2-update.win32_1.0.0.201904181610/tools/bin/../lib/gcc/arm-none-eabi/7.3.1/../../../../arm-none-eabi/lib/thumb/v7e-m/fpv4-sp/hard\libc_nano.a(lib_a-writer.o)
                0x000000000800fe24                _write_r
 .text._close_r
                0x000000000800fe48       0x20 c:/st/stm32cubeide_1.0.2/stm32cubeide/plugins/com.st.stm32cube.ide.mcu.externaltools.gnu-tools-for-stm32.7-2018-q2-update.win32_1.0.0.201904181610/tools/bin/../lib/gcc/arm-none-eabi/7.3.1/../../../../arm-none-eabi/lib/thumb/v7e-m/fpv4-sp/hard\libc_nano.a(lib_a-closer.o)
                0x000000000800fe48                _close_r
 .text._fstat_r
                0x000000000800fe68       0x24 c:/st/stm32cubeide_1.0.2/stm32cubeide/plugins/com.st.stm32cube.ide.mcu.externaltools.gnu-tools-for-stm32.7-2018-q2-update.win32_1.0.0.201904181610/tools/bin/../lib/gcc/arm-none-eabi/7.3.1/../../../../arm-none-eabi/lib/thumb/v7e-m/fpv4-sp/hard\libc_nano.a(lib_a-fstatr.o)
                0x000000000800fe68                _fstat_r
 .text._isatty_r
                0x000000000800fe8c       0x20 c:/st/stm32cubeide_1.0.2/stm32cubeide/plugins/com.st.stm32cube.ide.mcu.externaltools.gnu-tools-for-stm32.7-2018-q2-update.win32_1.0.0.201904181610/tools/bin/../lib/gcc/arm-none-eabi/7.3.1/../../../../arm-none-eabi/lib/thumb/v7e-m/fpv4-sp/hard\libc_nano.a(lib_a-isattyr.o)
                0x000000000800fe8c                _isatty_r
 .text._lseek_r
                0x000000000800feac       0x24 c:/st/stm32cubeide_1.0.2/stm32cubeide/plugins/com.st.stm32cube.ide.mcu.externaltools.gnu-tools-for-stm32.7-2018-q2-update.win32_1.0.0.201904181610/tools/bin/../lib/gcc/arm-none-eabi/7.3.1/../../../../arm-none-eabi/lib/thumb/v7e-m/fpv4-sp/hard\libc_nano.a(lib_a-lseekr.o)
                0x000000000800feac                _lseek_r
 .text.memmove  0x000000000800fed0       0x32 c:/st/stm32cubeide_1.0.2/stm32cubeide/plugins/com.st.stm32cube.ide.mcu.externaltools.gnu-tools-for-stm32.7-2018-q2-update.win32_1.0.0.201904181610/tools/bin/../lib/gcc/arm-none-eabi/7.3.1/../../../../arm-none-eabi/lib/thumb/v7e-m/fpv4-sp/hard\libc_nano.a(lib_a-memmove.o)
                0x000000000800fed0                memmove
 .text.__malloc_lock
                0x000000000800ff02        0x2 c:/st/stm32cubeide_1.0.2/stm32cubeide/plugins/com.st.stm32cube.ide.mcu.externaltools.gnu-tools-for-stm32.7-2018-q2-update.win32_1.0.0.201904181610/tools/bin/../lib/gcc/arm-none-eabi/7.3.1/../../../../arm-none-eabi/lib/thumb/v7e-m/fpv4-sp/hard\libc_nano.a(lib_a-mlock.o)
                0x000000000800ff02                __malloc_lock
 .text.__malloc_unlock
                0x000000000800ff04        0x2 c:/st/stm32cubeide_1.0.2/stm32cubeide/plugins/com.st.stm32cube.ide.mcu.externaltools.gnu-tools-for-stm32.7-2018-q2-update.win32_1.0.0.201904181610/tools/bin/../lib/gcc/arm-none-eabi/7.3.1/../../../../arm-none-eabi/lib/thumb/v7e-m/fpv4-sp/hard\libc_nano.a(lib_a-mlock.o)
                0x000000000800ff04                __malloc_unlock
 .text._realloc_r
                0x000000000800ff06       0x4c c:/st/stm32cubeide_1.0.2/stm32cubeide/plugins/com.st.stm32cube.ide.mcu.externaltools.gnu-tools-for-stm32.7-2018-q2-update.win32_1.0.0.201904181610/tools/bin/../lib/gcc/arm-none-eabi/7.3.1/../../../../arm-none-eabi/lib/thumb/v7e-m/fpv4-sp/hard\libc_nano.a(lib_a-nano-reallocr.o)
                0x000000000800ff06                _realloc_r
 *fill*         0x000000000800ff52        0x2 
 .text._read_r  0x000000000800ff54       0x24 c:/st/stm32cubeide_1.0.2/stm32cubeide/plugins/com.st.stm32cube.ide.mcu.externaltools.gnu-tools-for-stm32.7-2018-q2-update.win32_1.0.0.201904181610/tools/bin/../lib/gcc/arm-none-eabi/7.3.1/../../../../arm-none-eabi/lib/thumb/v7e-m/fpv4-sp/hard\libc_nano.a(lib_a-readr.o)
                0x000000000800ff54                _read_r
 .text._malloc_usable_size_r
                0x000000000800ff78       0x10 c:/st/stm32cubeide_1.0.2/stm32cubeide/plugins/com.st.stm32cube.ide.mcu.externaltools.gnu-tools-for-stm32.7-2018-q2-update.win32_1.0.0.201904181610/tools/bin/../lib/gcc/arm-none-eabi/7.3.1/../../../../arm-none-eabi/lib/thumb/v7e-m/fpv4-sp/hard\libc_nano.a(lib_a-nano-msizer.o)
                0x000000000800ff78                _malloc_usable_size_r
 .text.tanhf    0x000000000800ff88       0xa4 c:/st/stm32cubeide_1.0.2/stm32cubeide/plugins/com.st.stm32cube.ide.mcu.externaltools.gnu-tools-for-stm32.7-2018-q2-update.win32_1.0.0.201904181610/tools/bin/../lib/gcc/arm-none-eabi/7.3.1/../../../../arm-none-eabi/lib/thumb/v7e-m/fpv4-sp/hard\libm.a(lib_a-sf_tanh.o)
                0x000000000800ff88                tanhf
 .text.expf     0x000000000801002c       0xf4 c:/st/stm32cubeide_1.0.2/stm32cubeide/plugins/com.st.stm32cube.ide.mcu.externaltools.gnu-tools-for-stm32.7-2018-q2-update.win32_1.0.0.201904181610/tools/bin/../lib/gcc/arm-none-eabi/7.3.1/../../../../arm-none-eabi/lib/thumb/v7e-m/fpv4-sp/hard\libm.a(lib_a-wf_exp.o)
                0x000000000801002c                expf
 .text.logf     0x0000000008010120       0xec c:/st/stm32cubeide_1.0.2/stm32cubeide/plugins/com.st.stm32cube.ide.mcu.externaltools.gnu-tools-for-stm32.7-2018-q2-update.win32_1.0.0.201904181610/tools/bin/../lib/gcc/arm-none-eabi/7.3.1/../../../../arm-none-eabi/lib/thumb/v7e-m/fpv4-sp/hard\libm.a(lib_a-wf_log.o)
                0x0000000008010120                logf
 .text.powf     0x000000000801020c      0x2c8 c:/st/stm32cubeide_1.0.2/stm32cubeide/plugins/com.st.stm32cube.ide.mcu.externaltools.gnu-tools-for-stm32.7-2018-q2-update.win32_1.0.0.201904181610/tools/bin/../lib/gcc/arm-none-eabi/7.3.1/../../../../arm-none-eabi/lib/thumb/v7e-m/fpv4-sp/hard\libm.a(lib_a-wf_pow.o)
                0x000000000801020c                powf
 .text.__ieee754_expf
                0x00000000080104d4      0x1a8 c:/st/stm32cubeide_1.0.2/stm32cubeide/plugins/com.st.stm32cube.ide.mcu.externaltools.gnu-tools-for-stm32.7-2018-q2-update.win32_1.0.0.201904181610/tools/bin/../lib/gcc/arm-none-eabi/7.3.1/../../../../arm-none-eabi/lib/thumb/v7e-m/fpv4-sp/hard\libm.a(lib_a-ef_exp.o)
                0x00000000080104d4                __ieee754_expf
 .text.__ieee754_logf
                0x000000000801067c      0x1dc c:/st/stm32cubeide_1.0.2/stm32cubeide/plugins/com.st.stm32cube.ide.mcu.externaltools.gnu-tools-for-stm32.7-2018-q2-update.win32_1.0.0.201904181610/tools/bin/../lib/gcc/arm-none-eabi/7.3.1/../../../../arm-none-eabi/lib/thumb/v7e-m/fpv4-sp/hard\libm.a(lib_a-ef_log.o)
                0x000000000801067c                __ieee754_logf
 .text.__ieee754_powf
                0x0000000008010858      0x580 c:/st/stm32cubeide_1.0.2/stm32cubeide/plugins/com.st.stm32cube.ide.mcu.externaltools.gnu-tools-for-stm32.7-2018-q2-update.win32_1.0.0.201904181610/tools/bin/../lib/gcc/arm-none-eabi/7.3.1/../../../../arm-none-eabi/lib/thumb/v7e-m/fpv4-sp/hard\libm.a(lib_a-ef_pow.o)
                0x0000000008010858                __ieee754_powf
 .text.__ieee754_sqrtf
                0x0000000008010dd8        0x6 c:/st/stm32cubeide_1.0.2/stm32cubeide/plugins/com.st.stm32cube.ide.mcu.externaltools.gnu-tools-for-stm32.7-2018-q2-update.win32_1.0.0.201904181610/tools/bin/../lib/gcc/arm-none-eabi/7.3.1/../../../../arm-none-eabi/lib/thumb/v7e-m/fpv4-sp/hard\libm.a(lib_a-ef_sqrt.o)
                0x0000000008010dd8                __ieee754_sqrtf
 .text.matherr  0x0000000008010dde        0x4 c:/st/stm32cubeide_1.0.2/stm32cubeide/plugins/com.st.stm32cube.ide.mcu.externaltools.gnu-tools-for-stm32.7-2018-q2-update.win32_1.0.0.201904181610/tools/bin/../lib/gcc/arm-none-eabi/7.3.1/../../../../arm-none-eabi/lib/thumb/v7e-m/fpv4-sp/hard\libm.a(lib_a-s_matherr.o)
                0x0000000008010dde                matherr
 *fill*         0x0000000008010de2        0x6 
 .text.nan      0x0000000008010de8       0x10 c:/st/stm32cubeide_1.0.2/stm32cubeide/plugins/com.st.stm32cube.ide.mcu.externaltools.gnu-tools-for-stm32.7-2018-q2-update.win32_1.0.0.201904181610/tools/bin/../lib/gcc/arm-none-eabi/7.3.1/../../../../arm-none-eabi/lib/thumb/v7e-m/fpv4-sp/hard\libm.a(lib_a-s_nan.o)
                0x0000000008010de8                nan
 .text.expm1f   0x0000000008010df8      0x258 c:/st/stm32cubeide_1.0.2/stm32cubeide/plugins/com.st.stm32cube.ide.mcu.externaltools.gnu-tools-for-stm32.7-2018-q2-update.win32_1.0.0.201904181610/tools/bin/../lib/gcc/arm-none-eabi/7.3.1/../../../../arm-none-eabi/lib/thumb/v7e-m/fpv4-sp/hard\libm.a(lib_a-sf_expm1.o)
                0x0000000008010df8                expm1f
 .text.fabsf    0x0000000008011050        0xe c:/st/stm32cubeide_1.0.2/stm32cubeide/plugins/com.st.stm32cube.ide.mcu.externaltools.gnu-tools-for-stm32.7-2018-q2-update.win32_1.0.0.201904181610/tools/bin/../lib/gcc/arm-none-eabi/7.3.1/../../../../arm-none-eabi/lib/thumb/v7e-m/fpv4-sp/hard\libm.a(lib_a-sf_fabs.o)
                0x0000000008011050                fabsf
 .text.finitef  0x000000000801105e       0x14 c:/st/stm32cubeide_1.0.2/stm32cubeide/plugins/com.st.stm32cube.ide.mcu.externaltools.gnu-tools-for-stm32.7-2018-q2-update.win32_1.0.0.201904181610/tools/bin/../lib/gcc/arm-none-eabi/7.3.1/../../../../arm-none-eabi/lib/thumb/v7e-m/fpv4-sp/hard\libm.a(lib_a-sf_finite.o)
                0x000000000801105e                finitef
 *fill*         0x0000000008011072        0x2 