Archive member included to satisfy reference by file (symbol)

../Middlewares/ST/AI/Lib\NetworkRuntime400_CM4_GCC.a(ai_platform_interface.o)
                              Src/imageclassify.o (ai_platform_api_get_network_report)
../Middlewares/ST/AI/Lib\NetworkRuntime400_CM4_GCC.a(core_common.o)
                              ../Middlewares/ST/AI/Lib\NetworkRuntime400_CM4_GCC.a(ai_platform_interface.o) (core_get_error)
../Middlewares/ST/AI/Lib\NetworkRuntime400_CM4_GCC.a(layers.o)
                              ../Middlewares/ST/AI/Lib\NetworkRuntime400_CM4_GCC.a(ai_platform_interface.o) (ai_check_custom_types)
../Middlewares/ST/AI/Lib\NetworkRuntime400_CM4_GCC.a(layers_conv2d_generic_float.o)
                              Src/imageclassify.o (forward_dense)
../Middlewares/ST/AI/Lib\NetworkRuntime400_CM4_GCC.a(layers_nl_generic_float.o)
                              Src/imageclassify.o (forward_relu)
../Middlewares/ST/AI/Lib\NetworkRuntime400_CM4_GCC.a(ai_datatypes_format.o)
                              ../Middlewares/ST/AI/Lib\NetworkRuntime400_CM4_GCC.a(ai_platform_interface.o) (ai_array_get_byte_size)
../Middlewares/ST/AI/Lib\NetworkRuntime400_CM4_GCC.a(ai_math_helpers.o)
                              ../Middlewares/ST/AI/Lib\NetworkRuntime400_CM4_GCC.a(layers_nl_generic_float.o) (ai_math_sqrt)
c:/st/stm32cubeide_1.0.2/stm32cubeide/plugins/com.st.stm32cube.ide.mcu.externaltools.gnu-tools-for-stm32.7-2018-q2-update.win32_1.0.0.201904181610/tools/bin/../lib/gcc/arm-none-eabi/7.3.1/../../../../arm-none-eabi/lib/thumb/v7e-m/fpv4-sp/hard\libc_nano.a(lib_a-aeabi_memclr.o)
                              ../Middlewares/ST/AI/Lib\NetworkRuntime400_CM4_GCC.a(layers_conv2d_generic_float.o) (__aeabi_memclr)
c:/st/stm32cubeide_1.0.2/stm32cubeide/plugins/com.st.stm32cube.ide.mcu.externaltools.gnu-tools-for-stm32.7-2018-q2-update.win32_1.0.0.201904181610/tools/bin/../lib/gcc/arm-none-eabi/7.3.1/../../../../arm-none-eabi/lib/thumb/v7e-m/fpv4-sp/hard\libc_nano.a(lib_a-aeabi_memcpy.o)
                              ../Middlewares/ST/AI/Lib\NetworkRuntime400_CM4_GCC.a(ai_platform_interface.o) (__aeabi_memcpy)
c:/st/stm32cubeide_1.0.2/stm32cubeide/plugins/com.st.stm32cube.ide.mcu.externaltools.gnu-tools-for-stm32.7-2018-q2-update.win32_1.0.0.201904181610/tools/bin/../lib/gcc/arm-none-eabi/7.3.1/../../../../arm-none-eabi/lib/thumb/v7e-m/fpv4-sp/hard\libc_nano.a(lib_a-aeabi_memset-soft.o)
                              c:/st/stm32cubeide_1.0.2/stm32cubeide/plugins/com.st.stm32cube.ide.mcu.externaltools.gnu-tools-for-stm32.7-2018-q2-update.win32_1.0.0.201904181610/tools/bin/../lib/gcc/arm-none-eabi/7.3.1/../../../../arm-none-eabi/lib/thumb/v7e-m/fpv4-sp/hard\libc_nano.a(lib_a-aeabi_memclr.o) (__aeabi_memset)
c:/st/stm32cubeide_1.0.2/stm32cubeide/plugins/com.st.stm32cube.ide.mcu.externaltools.gnu-tools-for-stm32.7-2018-q2-update.win32_1.0.0.201904181610/tools/bin/../lib/gcc/arm-none-eabi/7.3.1/../../../../arm-none-eabi/lib/thumb/v7e-m/fpv4-sp/hard\libc_nano.a(lib_a-errno.o)
                              Src/syscalls.o (__errno)
c:/st/stm32cubeide_1.0.2/stm32cubeide/plugins/com.st.stm32cube.ide.mcu.externaltools.gnu-tools-for-stm32.7-2018-q2-update.win32_1.0.0.201904181610/tools/bin/../lib/gcc/arm-none-eabi/7.3.1/../../../../arm-none-eabi/lib/thumb/v7e-m/fpv4-sp/hard\libc_nano.a(lib_a-exit.o)
                              c:/st/stm32cubeide_1.0.2/stm32cubeide/plugins/com.st.stm32cube.ide.mcu.externaltools.gnu-tools-for-stm32.7-2018-q2-update.win32_1.0.0.201904181610/tools/bin/../lib/gcc/arm-none-eabi/7.3.1/../../../../arm-none-eabi/lib/thumb/v7e-m/fpv4-sp/hard/crt0.o (exit)
c:/st/stm32cubeide_1.0.2/stm32cubeide/plugins/com.st.stm32cube.ide.mcu.externaltools.gnu-tools-for-stm32.7-2018-q2-update.win32_1.0.0.201904181610/tools/bin/../lib/gcc/arm-none-eabi/7.3.1/../../../../arm-none-eabi/lib/thumb/v7e-m/fpv4-sp/hard\libc_nano.a(lib_a-impure.o)
                              c:/st/stm32cubeide_1.0.2/stm32cubeide/plugins/com.st.stm32cube.ide.mcu.externaltools.gnu-tools-for-stm32.7-2018-q2-update.win32_1.0.0.201904181610/tools/bin/../lib/gcc/arm-none-eabi/7.3.1/../../../../arm-none-eabi/lib/thumb/v7e-m/fpv4-sp/hard\libc_nano.a(lib_a-exit.o) (_global_impure_ptr)
c:/st/stm32cubeide_1.0.2/stm32cubeide/plugins/com.st.stm32cube.ide.mcu.externaltools.gnu-tools-for-stm32.7-2018-q2-update.win32_1.0.0.201904181610/tools/bin/../lib/gcc/arm-none-eabi/7.3.1/../../../../arm-none-eabi/lib/thumb/v7e-m/fpv4-sp/hard\libc_nano.a(lib_a-init.o)
                              c:/st/stm32cubeide_1.0.2/stm32cubeide/plugins/com.st.stm32cube.ide.mcu.externaltools.gnu-tools-for-stm32.7-2018-q2-update.win32_1.0.0.201904181610/tools/bin/../lib/gcc/arm-none-eabi/7.3.1/../../../../arm-none-eabi/lib/thumb/v7e-m/fpv4-sp/hard/crt0.o (__libc_init_array)
[...]
Memory Configuration

Name             Origin             Length             Attributes
CCMRAM           0x0000000010000000 0x0000000000010000 xrw
RAM              0x0000000020000000 0x0000000000020000 xrw
FLASH            0x0000000008000000 0x0000000000100000 xr
*default*        0x0000000000000000 0xffffffffffffffff

Linker script and memory map

LOAD c:/st/stm32cubeide_1.0.2/stm32cubeide/plugins/com.st.stm32cube.ide.mcu.externaltools.gnu-tools-for-stm32.7-2018-q2-update.win32_1.0.0.201904181610/tools/bin/../lib/gcc/arm-none-eabi/7.3.1/thumb/v7e-m/fpv4-sp/hard/crti.o
LOAD c:/st/stm32cubeide_1.0.2/stm32cubeide/plugins/com.st.stm32cube.ide.mcu.externaltools.gnu-tools-for-stm32.7-2018-q2-update.win32_1.0.0.201904181610/tools/bin/../lib/gcc/arm-none-eabi/7.3.1/thumb/v7e-m/fpv4-sp/hard/crtbegin.o
LOAD c:/st/stm32cubeide_1.0.2/stm32cubeide/plugins/com.st.stm32cube.ide.mcu.externaltools.gnu-tools-for-stm32.7-2018-q2-update.win32_1.0.0.201904181610/tools/bin/../lib/gcc/arm-none-eabi/7.3.1/../../../../arm-none-eabi/lib/thumb/v7e-m/fpv4-sp/hard/crt0.o
LOAD Drivers/CMSIS/DSP/Source/BasicMathFunctions/arm_dot_prod_f32.o
LOAD Drivers/CMSIS/DSP/Source/BasicMathFunctions/arm_shift_q15.o
LOAD Drivers/CMSIS/DSP/Source/BasicMathFunctions/arm_shift_q7.o
LOAD Drivers/CMSIS/DSP/Source/MatrixFunctions/arm_mat_init_f32.o
LOAD Drivers/CMSIS/DSP/Source/SupportFunctions/arm_float_to_q15.o
LOAD Drivers/CMSIS/DSP/Source/SupportFunctions/arm_float_to_q7.o
LOAD Drivers/CMSIS/DSP/Source/SupportFunctions/arm_q15_to_float.o
LOAD Drivers/CMSIS/DSP/Source/SupportFunctions/arm_q15_to_q7.o
LOAD Drivers/CMSIS/DSP/Source/SupportFunctions/arm_q7_to_float.o
LOAD Drivers/CMSIS/DSP/Source/SupportFunctions/arm_q7_to_q15.o
LOAD Drivers/STM32F4xx_HAL_Driver/Src/stm32f4xx_hal.o
LOAD Drivers/STM32F4xx_HAL_Driver/Src/stm32f4xx_hal_cortex.o
LOAD Drivers/STM32F4xx_HAL_Driver/Src/stm32f4xx_hal_crc.o
LOAD Drivers/STM32F4xx_HAL_Driver/Src/stm32f4xx_hal_dcmi.o
LOAD Drivers/STM32F4xx_HAL_Driver/Src/stm32f4xx_hal_dcmi_ex.o
LOAD Drivers/STM32F4xx_HAL_Driver/Src/stm32f4xx_hal_dma.o
LOAD Drivers/STM32F4xx_HAL_Driver/Src/stm32f4xx_hal_dma_ex.o
LOAD Drivers/STM32F4xx_HAL_Driver/Src/stm32f4xx_hal_exti.o
LOAD Drivers/STM32F4xx_HAL_Driver/Src/stm32f4xx_hal_flash.o
LOAD Drivers/STM32F4xx_HAL_Driver/Src/stm32f4xx_hal_flash_ex.o
LOAD Drivers/STM32F4xx_HAL_Driver/Src/stm32f4xx_hal_flash_ramfunc.o
LOAD Drivers/STM32F4xx_HAL_Driver/Src/stm32f4xx_hal_gpio.o
LOAD Drivers/STM32F4xx_HAL_Driver/Src/stm32f4xx_hal_i2c.o
LOAD Drivers/STM32F4xx_HAL_Driver/Src/stm32f4xx_hal_i2c_ex.o
LOAD Drivers/STM32F4xx_HAL_Driver/Src/stm32f4xx_hal_pwr.o
LOAD Drivers/STM32F4xx_HAL_Driver/Src/stm32f4xx_hal_pwr_ex.o
LOAD Drivers/STM32F4xx_HAL_Driver/Src/stm32f4xx_hal_rcc.o
LOAD Drivers/STM32F4xx_HAL_Driver/Src/stm32f4xx_hal_rcc_ex.o
LOAD Drivers/STM32F4xx_HAL_Driver/Src/stm32f4xx_hal_sram.o
LOAD Drivers/STM32F4xx_HAL_Driver/Src/stm32f4xx_hal_tim.o
LOAD Drivers/STM32F4xx_HAL_Driver/Src/stm32f4xx_hal_tim_ex.o
LOAD Drivers/STM32F4xx_HAL_Driver/Src/stm32f4xx_hal_uart.o
LOAD Drivers/STM32F4xx_HAL_Driver/Src/stm32f4xx_ll_fsmc.o
LOAD Src/app_x-cube-ai.o
LOAD Src/dcmi_ov9655.o
LOAD Src/ili9325.o
LOAD Src/imageclassify.o
LOAD Src/imageclassify_data.o
LOAD Src/main.o
LOAD Src/sccb.o
LOAD Src/stm32_lcd_bsp.o
LOAD Src/stm32f4xx_hal_msp.o
LOAD Src/stm32f4xx_it.o
LOAD Src/syscalls.o
LOAD Src/sysmem.o
LOAD Src/system_stm32f4xx.o
LOAD Startup/startup_stm32f407igtx.o
LOAD ../Middlewares/ST/AI/Lib\NetworkRuntime400_CM4_GCC.a
START GROUP
LOAD c:/st/stm32cubeide_1.0.2/stm32cubeide/plugins/com.st.stm32cube.ide.mcu.externaltools.gnu-tools-for-stm32.7-2018-q2-update.win32_1.0.0.201904181610/tools/bin/../lib/gcc/arm-none-eabi/7.3.1/../../../../arm-none-eabi/lib/thumb/v7e-m/fpv4-sp/hard\libc_nano.a
LOAD c:/st/stm32cubeide_1.0.2/stm32cubeide/plugins/com.st.stm32cube.ide.mcu.externaltools.gnu-tools-for-stm32.7-2018-q2-update.win32_1.0.0.201904181610/tools/bin/../lib/gcc/arm-none-eabi/7.3.1/../../../../arm-none-eabi/lib/thumb/v7e-m/fpv4-sp/hard\libm.a
END GROUP
START GROUP
LOAD c:/st/stm32cubeide_1.0.2/stm32cubeide/plugins/com.st.stm32cube.ide.mcu.externaltools.gnu-tools-for-stm32.7-2018-q2-update.win32_1.0.0.201904181610/tools/bin/../lib/gcc/arm-none-eabi/7.3.1/thumb/v7e-m/fpv4-sp/hard\libgcc.a
LOAD c:/st/stm32cubeide_1.0.2/stm32cubeide/plugins/com.st.stm32cube.ide.mcu.externaltools.gnu-tools-for-stm32.7-2018-q2-update.win32_1.0.0.201904181610/tools/bin/../lib/gcc/arm-none-eabi/7.3.1/../../../../arm-none-eabi/lib/thumb/v7e-m/fpv4-sp/hard\libc_nano.a
END GROUP
START GROUP
LOAD c:/st/stm32cubeide_1.0.2/stm32cubeide/plugins/com.st.stm32cube.ide.mcu.externaltools.gnu-tools-for-stm32.7-2018-q2-update.win32_1.0.0.201904181610/tools/bin/../lib/gcc/arm-none-eabi/7.3.1/thumb/v7e-m/fpv4-sp/hard\libgcc.a
LOAD c:/st/stm32cubeide_1.0.2/stm32cubeide/plugins/com.st.stm32cube.ide.mcu.externaltools.gnu-tools-for-stm32.7-2018-q2-update.win32_1.0.0.201904181610/tools/bin/../lib/gcc/arm-none-eabi/7.3.1/../../../../arm-none-eabi/lib/thumb/v7e-m/fpv4-sp/hard\libc_nano.a
LOAD c:/st/stm32cubeide_1.0.2/stm32cubeide/plugins/com.st.stm32cube.ide.mcu.externaltools.gnu-tools-for-stm32.7-2018-q2-update.win32_1.0.0.201904181610/tools/bin/../lib/gcc/arm-none-eabi/7.3.1/../../../../arm-none-eabi/lib/thumb/v7e-m/fpv4-sp/hard\libnosys.a
END GROUP
START GROUP
LOAD c:/st/stm32cubeide_1.0.2/stm32cubeide/plugins/com.st.stm32cube.ide.mcu.externaltools.gnu-tools-for-stm32.7-2018-q2-update.win32_1.0.0.201904181610/tools/bin/../lib/gcc/arm-none-eabi/7.3.1/thumb/v7e-m/fpv4-sp/hard\libgcc.a
LOAD c:/st/stm32cubeide_1.0.2/stm32cubeide/plugins/com.st.stm32cube.ide.mcu.externaltools.gnu-tools-for-stm32.7-2018-q2-update.win32_1.0.0.201904181610/tools/bin/../lib/gcc/arm-none-eabi/7.3.1/../../../../arm-none-eabi/lib/thumb/v7e-m/fpv4-sp/hard\libc_nano.a
LOAD c:/st/stm32cubeide_1.0.2/stm32cubeide/plugins/com.st.stm32cube.ide.mcu.externaltools.gnu-tools-for-stm32.7-2018-q2-update.win32_1.0.0.201904181610/tools/bin/../lib/gcc/arm-none-eabi/7.3.1/../../../../arm-none-eabi/lib/thumb/v7e-m/fpv4-sp/hard\libnosys.a
END GROUP
LOAD c:/st/stm32cubeide_1.0.2/stm32cubeide/plugins/com.st.stm32cube.ide.mcu.externaltools.gnu-tools-for-stm32.7-2018-q2-update.win32_1.0.0.201904181610/tools/bin/../lib/gcc/arm-none-eabi/7.3.1/thumb/v7e-m/fpv4-sp/hard/crtend.o
LOAD c:/st/stm32cubeide_1.0.2/stm32cubeide/plugins/com.st.stm32cube.ide.mcu.externaltools.gnu-tools-for-stm32.7-2018-q2-update.win32_1.0.0.201904181610/tools/bin/../lib/gcc/arm-none-eabi/7.3.1/thumb/v7e-m/fpv4-sp/hard/crtn.o
                0x0000000020020000                _estack = 0x20020000
                0x0000000000002000                _Min_Heap_Size = 0x2000
                0x0000000000006000                _Min_Stack_Size = 0x6000

.isr_vector     0x0000000008000000      0x188
                0x0000000008000000                . = ALIGN (0x4)
 *(.isr_vector)
 .isr_vector    0x0000000008000000      0x188 Startup/startup_stm32f407igtx.o
                0x0000000008000000                g_pfnVectors
                0x0000000008000188                . = ALIGN (0x4)

.text           0x0000000008000190     0xd96c
                0x0000000008000190                . = ALIGN (0x4)
 *(.text)
 .text          0x0000000008000190       0x40 c:/st/stm32cubeide_1.0.2/stm32cubeide/plugins/com.st.stm32cube.ide.mcu.externaltools.gnu-tools-for-stm32.7-2018-q2-update.win32_1.0.0.201904181610/tools/bin/../lib/gcc/arm-none-eabi/7.3.1/thumb/v7e-m/fpv4-sp/hard/crtbegin.o
 .text          0x00000000080001d0      0x86c ../Middlewares/ST/AI/Lib\NetworkRuntime400_CM4_GCC.a(ai_platform_interface.o)
                0x0000000008000550                ai_platform_runtime_get_revision
                0x0000000008000580                ai_platform_runtime_get_version
                0x00000000080005b4                ai_platform_api_get_version
                0x00000000080005e8                ai_platform_interface_api_get_version
                0x000000000800061c                ai_platform_context_acquire
                0x0000000008000658                ai_platform_context_release
                0x0000000008000660                ai_platform_network_get_error
                0x00000000080006ac                ai_platform_network_set_error
                0x00000000080006b8                ai_platform_api_get_network_report
                0x000000000800082c                ai_platform_network_create
                0x00000000080008a4                ai_platform_network_destroy
                0x00000000080008e2                ai_platform_network_init
                0x000000000800098e                ai_platform_network_process
 .text          0x0000000008000a3c       0x24 ../Middlewares/ST/AI/Lib\NetworkRuntime400_CM4_GCC.a(core_common.o)
                0x0000000008000a3c                core_init
                0x0000000008000a40                core_get_error
                0x0000000008000a4a                core_set_error
 .text          0x0000000008000a60      0x25c ../Middlewares/ST/AI/Lib\NetworkRuntime400_CM4_GCC.a(layers.o)
                0x0000000008000a60                ai_layers_forward_layer
                0x0000000008000a74                ai_check_custom_types
                0x0000000008000a9c                ai_layer_type_name
                0x0000000008000bac                ai_layer_type_is_valid
                0x0000000008000bc8                ai_layers_forward_all
 .text          0x0000000008000cbc     0x1734 ../Middlewares/ST/AI/Lib\NetworkRuntime400_CM4_GCC.a(layers_conv2d_generic_float.o)
                0x0000000008001350                ai_dict8_dot_array_f32
                0x0000000008001628                ai_dict4_dot_array_f32
                0x00000000080016c8                ai_dict_decompress_f32
                0x000000000800179c                forward_conv2d
                0x00000000080019b4                forward_conv2d_nl_pool
                0x0000000008001d98                forward_dense
                0x00000000080021e8                forward_gemm
                0x0000000008002294                forward_matmul
 .text          0x00000000080023f0      0xca6 ../Middlewares/ST/AI/Lib\NetworkRuntime400_CM4_GCC.a(layers_nl_generic_float.o)
                0x00000000080023f0                nl_func_sm_channel_f32
                0x0000000008002514                nl_func_sm_array_f32
                0x0000000008002558                nl_func_tanh_array_f32
                0x0000000008002584                nl_func_sigmoid_array_f32
                0x00000000080025c4                nl_func_hard_sigmoid_array_f32
                0x000000000800261c                nl_func_exp_array_f32
                0x0000000008002648                nl_func_sqrt_array_f32
                0x0000000008002674                nl_func_soft_plus_array_f32
                0x00000000080026ac                nl_func_soft_sign_array_f32
                0x00000000080026e0                nl_func_sign_array_f32
                0x0000000008002720                nl_func_clip_array_f32
                0x0000000008002768                nl_func_hardmax_array_f32
                0x0000000008002844                nl_func_relu_array_f32
                0x000000000800287c                nl_func_relu_generic_array_f32
                0x0000000008002930                nl_func_relu_thresholded_array_f32
                0x0000000008002964                nl_func_elu_array_f32
                0x00000000080029ec                nl_func_selu_array_f32
                0x0000000008002a78                nl_func_prelu_array_f32
                0x0000000008002ad4                forward_relu
                0x0000000008002b4c                forward_relu_thresholded
                0x0000000008002bac                forward_elu
                0x0000000008002c52                forward_selu
                0x0000000008002c7e                forward_prelu
                0x0000000008002cec                forward_sign
                0x0000000008002d50                forward_clip
                0x0000000008002dc0                forward_sigmoid
                0x0000000008002e20                forward_hard_sigmoid
                0x0000000008002eac                forward_exp
                0x0000000008002ef8                forward_sqrt
                0x0000000008002f44                forward_soft_plus
                0x0000000008002f9c                forward_soft_sign
                0x0000000008002ff4                forward_tanh
                0x000000000800303e                forward_sm
                0x0000000008003074                forward_hardmax
 *fill*         0x0000000008003096        0x2 
 .text          0x0000000008003098      0x8f0 ../Middlewares/ST/AI/Lib\NetworkRuntime400_CM4_GCC.a(ai_datatypes_format.o)
                0x0000000008003098                ai_array_fmt_name
                0x0000000008003242                ai_array_fmt_exported
                0x0000000008003326                ai_array_fmt_valid
                0x000000000800340c                ai_array_fmt_get_formats
                0x000000000800341c                ai_buffer_fmt_name
                0x00000000080034e2                ai_buffer_fmt_valid
                0x0000000008003550                ai_buffer_fmt_get_formats
                0x0000000008003558                ai_array_to_buffer_fmt
                0x0000000008003604                ai_buffer_to_array_fmt
                0x0000000008003708                ai_array_get_byte_size
                0x000000000800375e                ai_array_get_data_byte_size
                0x0000000008003786                ai_array_get_elems_from_size
 .text          0x0000000008003988      0x128 ../Middlewares/ST/AI/Lib\NetworkRuntime400_CM4_GCC.a(ai_math_helpers.o)
                0x0000000008003988                ai_math_dot_array
                0x00000000080039b4                ai_math_sqrt
                0x00000000080039cc                ai_math_exp
                0x00000000080039d0                ai_math_pow
                0x00000000080039d4                ai_math_tanh
                0x00000000080039d8                ai_math_relu
                0x00000000080039e8                ai_math_prelu
                0x00000000080039f8                ai_math_sigmoid
                0x0000000008003a18                ai_math_hard_sigmoid
                0x0000000008003a4c                ai_math_sign
                0x0000000008003a78                ai_sum
                0x0000000008003a7e                ai_sub
                0x0000000008003a84                ai_mul
                0x0000000008003a8a                ai_div
                0x0000000008003a90                ai_max
                0x0000000008003aa0                ai_min
 .text          0x0000000008003ab0       0x9a c:/st/stm32cubeide_1.0.2/stm32cubeide/plugins/com.st.stm32cube.ide.mcu.externaltools.gnu-tools-for-stm32.7-2018-q2-update.win32_1.0.0.201904181610/tools/bin/../lib/gcc/arm-none-eabi/7.3.1/../../../../arm-none-eabi/lib/thumb/v7e-m/fpv4-sp/hard\libc_nano.a(lib_a-aeabi_memset-soft.o)
                0x0000000008003ab0                __aeabi_memset8
                0x0000000008003ab0                __aeabi_memset4
                0x0000000008003ab0                __aeabi_memset
 *fill*         0x0000000008003b4a        0x6 
 .text          0x0000000008003b50       0xa0 c:/st/stm32cubeide_1.0.2/stm32cubeide/plugins/com.st.stm32cube.ide.mcu.externaltools.gnu-tools-for-stm32.7-2018-q2-update.win32_1.0.0.201904181610/tools/bin/../lib/gcc/arm-none-eabi/7.3.1/../../../../arm-none-eabi/lib/thumb/v7e-m/fpv4-sp/hard\libc_nano.a(lib_a-memchr.o)
                0x0000000008003b50                memchr
 .text          0x0000000008003bf0      0x378 c:/st/stm32cubeide_1.0.2/stm32cubeide/plugins/com.st.stm32cube.ide.mcu.externaltools.gnu-tools-for-stm32.7-2018-q2-update.win32_1.0.0.201904181610/tools/bin/../lib/gcc/arm-none-eabi/7.3.1/thumb/v7e-m/fpv4-sp/hard\libgcc.a(_arm_addsubdf3.o)
                0x0000000008003bf0                __aeabi_drsub
                0x0000000008003bf8                __aeabi_dsub
                0x0000000008003bf8                __subdf3
                0x0000000008003bfc                __aeabi_dadd
                0x0000000008003bfc                __adddf3
                0x0000000008003e74                __floatunsidf
                0x0000000008003e74                __aeabi_ui2d
                0x0000000008003e94                __floatsidf
                0x0000000008003e94                __aeabi_i2d
                0x0000000008003eb8                __aeabi_f2d
                0x0000000008003eb8                __extendsfdf2
                0x0000000008003efc                __floatundidf
                0x0000000008003efc                __aeabi_ul2d
                0x0000000008003f0c                __floatdidf
                0x0000000008003f0c                __aeabi_l2d
 .text          0x0000000008003f68      0x424 c:/st/stm32cubeide_1.0.2/stm32cubeide/plugins/com.st.stm32cube.ide.mcu.externaltools.gnu-tools-for-stm32.7-2018-q2-update.win32_1.0.0.201904181610/tools/bin/../lib/gcc/arm-none-eabi/7.3.1/thumb/v7e-m/fpv4-sp/hard\libgcc.a(_arm_muldivdf3.o)
                0x0000000008003f68                __aeabi_dmul
                0x0000000008003f68                __muldf3
                0x00000000080041bc                __divdf3
                0x00000000080041bc                __aeabi_ddiv
 .text          0x000000000800438c       0x40 c:/st/stm32cubeide_1.0.2/stm32cubeide/plugins/com.st.stm32cube.ide.mcu.externaltools.gnu-tools-for-stm32.7-2018-q2-update.win32_1.0.0.201904181610/tools/bin/../lib/gcc/arm-none-eabi/7.3.1/thumb/v7e-m/fpv4-sp/hard\libgcc.a(_arm_fixunsdfsi.o)
                0x000000000800438c                __aeabi_d2uiz
                0x000000000800438c                __fixunsdfsi
 .text          0x00000000080043cc       0xa0 c:/st/stm32cubeide_1.0.2/stm32cubeide/plugins/com.st.stm32cube.ide.mcu.externaltools.gnu-tools-for-stm32.7-2018-q2-update.win32_1.0.0.201904181610/tools/bin/../lib/gcc/arm-none-eabi/7.3.1/thumb/v7e-m/fpv4-sp/hard\libgcc.a(_arm_truncdfsf2.o)
                0x00000000080043cc                __truncdfsf2
                0x00000000080043cc                __aeabi_d2f
 .text          0x000000000800446c       0x30 c:/st/stm32cubeide_1.0.2/stm32cubeide/plugins/com.st.stm32cube.ide.mcu.externaltools.gnu-tools-for-stm32.7-2018-q2-update.win32_1.0.0.201904181610/tools/bin/../lib/gcc/arm-none-eabi/7.3.1/thumb/v7e-m/fpv4-sp/hard\libgcc.a(_aeabi_uldivmod.o)
                0x000000000800446c                __aeabi_uldivmod
 .text          0x000000000800449c      0x2cc c:/st/stm32cubeide_1.0.2/stm32cubeide/plugins/com.st.stm32cube.ide.mcu.externaltools.gnu-tools-for-stm32.7-2018-q2-update.win32_1.0.0.201904181610/tools/bin/../lib/gcc/arm-none-eabi/7.3.1/thumb/v7e-m/fpv4-sp/hard\libgcc.a(_udivmoddi4.o)
                0x000000000800449c                __udivmoddi4
 .text          0x0000000008004768        0x4 c:/st/stm32cubeide_1.0.2/stm32cubeide/plugins/com.st.stm32cube.ide.mcu.externaltools.gnu-tools-for-stm32.7-2018-q2-update.win32_1.0.0.201904181610/tools/bin/../lib/gcc/arm-none-eabi/7.3.1/thumb/v7e-m/fpv4-sp/hard\libgcc.a(_dvmd_tls.o)
                0x0000000008004768                __aeabi_idiv0
                0x0000000008004768                __aeabi_ldiv0
 *(.text*)
 .text.arm_dot_prod_f32
                0x000000000800476c      0x104 Drivers/CMSIS/DSP/Source/BasicMathFunctions/arm_dot_prod_f32.o
                0x000000000800476c                arm_dot_prod_f32
 .text.arm_mat_init_f32
                0x0000000008004870       0x30 Drivers/CMSIS/DSP/Source/MatrixFunctions/arm_mat_init_f32.o
                0x0000000008004870                arm_mat_init_f32
 .text.HAL_Init
                0x00000000080048a0       0x44 Drivers/STM32F4xx_HAL_Driver/Src/stm32f4xx_hal.o
                0x00000000080048a0                HAL_Init
 .text.HAL_InitTick
                0x00000000080048e4       0x60 Drivers/STM32F4xx_HAL_Driver/Src/stm32f4xx_hal.o
                0x00000000080048e4                HAL_InitTick
 .text.HAL_IncTick
                0x0000000008004944       0x28 Drivers/STM32F4xx_HAL_Driver/Src/stm32f4xx_hal.o
                0x0000000008004944                HAL_IncTick
 .text.HAL_GetTick
                0x000000000800496c       0x18 Drivers/STM32F4xx_HAL_Driver/Src/stm32f4xx_hal.o
                0x000000000800496c                HAL_GetTick
 .text.HAL_Delay
                0x0000000008004984       0x44 Drivers/STM32F4xx_HAL_Driver/Src/stm32f4xx_hal.o
                0x0000000008004984                HAL_Delay
 .text.__NVIC_SetPriorityGrouping
                0x00000000080049c8       0x48 Drivers/STM32F4xx_HAL_Driver/Src/stm32f4xx_hal_cortex.o
 .text.__NVIC_GetPriorityGrouping
                0x0000000008004a10       0x1c Drivers/STM32F4xx_HAL_Driver/Src/stm32f4xx_hal_cortex.o
 .text.__NVIC_EnableIRQ
                0x0000000008004a2c       0x3c Drivers/STM32F4xx_HAL_Driver/Src/stm32f4xx_hal_cortex.o
 .text.__NVIC_SetPriority
                0x0000000008004a68       0x54 Drivers/STM32F4xx_HAL_Driver/Src/stm32f4xx_hal_cortex.o
 .text.NVIC_EncodePriority
                0x0000000008004abc       0x66 Drivers/STM32F4xx_HAL_Driver/Src/stm32f4xx_hal_cortex.o
 *fill*         0x0000000008004b22        0x2 
 .text.SysTick_Config
                0x0000000008004b24       0x44 Drivers/STM32F4xx_HAL_Driver/Src/stm32f4xx_hal_cortex.o
 .text.HAL_NVIC_SetPriorityGrouping
                0x0000000008004b68       0x16 Drivers/STM32F4xx_HAL_Driver/Src/stm32f4xx_hal_cortex.o
                0x0000000008004b68                HAL_NVIC_SetPriorityGrouping
 .text.HAL_NVIC_SetPriority
                0x0000000008004b7e       0x38 Drivers/STM32F4xx_HAL_Driver/Src/stm32f4xx_hal_cortex.o
                0x0000000008004b7e                HAL_NVIC_SetPriority
 .text.HAL_NVIC_EnableIRQ
                0x0000000008004bb6       0x1c Drivers/STM32F4xx_HAL_Driver/Src/stm32f4xx_hal_cortex.o
                0x0000000008004bb6                HAL_NVIC_EnableIRQ
 .text.HAL_SYSTICK_Config
                0x0000000008004bd2       0x18 Drivers/STM32F4xx_HAL_Driver/Src/stm32f4xx_hal_cortex.o
                0x0000000008004bd2                HAL_SYSTICK_Config
 *fill*         0x0000000008004bea        0x2 
 .text.HAL_SYSTICK_CLKSourceConfig
                0x0000000008004bec       0x38 Drivers/STM32F4xx_HAL_Driver/Src/stm32f4xx_hal_cortex.o
                0x0000000008004bec                HAL_SYSTICK_CLKSourceConfig
 .text.HAL_CRC_Init
                0x0000000008004c24       0x3e Drivers/STM32F4xx_HAL_Driver/Src/stm32f4xx_hal_crc.o
                0x0000000008004c24                HAL_CRC_Init
 *fill*         0x0000000008004c62        0x2 
 .text.HAL_DCMI_Start_DMA
                0x0000000008004c64      0x140 Drivers/STM32F4xx_HAL_Driver/Src/stm32f4xx_hal_dcmi.o
                0x0000000008004c64                HAL_DCMI_Start_DMA
 .text.HAL_DCMI_IRQHandler
                0x0000000008004da4       0xfc Drivers/STM32F4xx_HAL_Driver/Src/stm32f4xx_hal_dcmi.o
                0x0000000008004da4                HAL_DCMI_IRQHandler
 .text.HAL_DCMI_ErrorCallback
                0x0000000008004ea0       0x14 Drivers/STM32F4xx_HAL_Driver/Src/stm32f4xx_hal_dcmi.o
                0x0000000008004ea0                HAL_DCMI_ErrorCallback
 .text.HAL_DCMI_LineEventCallback
                0x0000000008004eb4       0x14 Drivers/STM32F4xx_HAL_Driver/Src/stm32f4xx_hal_dcmi.o
                0x0000000008004eb4                HAL_DCMI_LineEventCallback
 .text.HAL_DCMI_VsyncEventCallback
                0x0000000008004ec8       0x14 Drivers/STM32F4xx_HAL_Driver/Src/stm32f4xx_hal_dcmi.o
                0x0000000008004ec8                HAL_DCMI_VsyncEventCallback
 .text.HAL_DCMI_FrameEventCallback
                0x0000000008004edc       0x14 Drivers/STM32F4xx_HAL_Driver/Src/stm32f4xx_hal_dcmi.o
                0x0000000008004edc                HAL_DCMI_FrameEventCallback
 .text.DCMI_DMAXferCplt
                0x0000000008004ef0      0x12a Drivers/STM32F4xx_HAL_Driver/Src/stm32f4xx_hal_dcmi.o
 .text.DCMI_DMAError
                0x000000000800501a       0x2e Drivers/STM32F4xx_HAL_Driver/Src/stm32f4xx_hal_dcmi.o
 .text.HAL_DCMI_Init
                0x0000000008005048       0xcc Drivers/STM32F4xx_HAL_Driver/Src/stm32f4xx_hal_dcmi_ex.o
                0x0000000008005048                HAL_DCMI_Init
 .text.HAL_DMA_Init
                0x0000000008005114      0x15c Drivers/STM32F4xx_HAL_Driver/Src/stm32f4xx_hal_dma.o
                0x0000000008005114                HAL_DMA_Init
 .text.HAL_DMA_Start_IT
                0x0000000008005270       0xc0 Drivers/STM32F4xx_HAL_Driver/Src/stm32f4xx_hal_dma.o
                0x0000000008005270                HAL_DMA_Start_IT
 .text.HAL_DMA_Abort_IT
                0x0000000008005330       0x44 Drivers/STM32F4xx_HAL_Driver/Src/stm32f4xx_hal_dma.o
                0x0000000008005330                HAL_DMA_Abort_IT
 .text.HAL_DMA_IRQHandler
                0x0000000008005374      0x314 Drivers/STM32F4xx_HAL_Driver/Src/stm32f4xx_hal_dma.o
                0x0000000008005374                HAL_DMA_IRQHandler
 .text.DMA_SetConfig
                0x0000000008005688       0x5c Drivers/STM32F4xx_HAL_Driver/Src/stm32f4xx_hal_dma.o
 .text.DMA_CalcBaseAndBitshift
                0x00000000080056e4       0x6c Drivers/STM32F4xx_HAL_Driver/Src/stm32f4xx_hal_dma.o
 .text.DMA_CheckFifoParam
                0x0000000008005750       0xf4 Drivers/STM32F4xx_HAL_Driver/Src/stm32f4xx_hal_dma.o
 .text.HAL_DMAEx_MultiBufferStart_IT
                0x0000000008005844     0x1290 Drivers/STM32F4xx_HAL_Driver/Src/stm32f4xx_hal_dma_ex.o
                0x0000000008005844                HAL_DMAEx_MultiBufferStart_IT
 .text.HAL_DMAEx_ChangeMemory
                0x0000000008006ad4       0x34 Drivers/STM32F4xx_HAL_Driver/Src/stm32f4xx_hal_dma_ex.o
                0x0000000008006ad4                HAL_DMAEx_ChangeMemory
 .text.DMA_MultiBufferSetConfig
                0x0000000008006b08       0x4c Drivers/STM32F4xx_HAL_Driver/Src/stm32f4xx_hal_dma_ex.o
 .text.HAL_GPIO_Init
                0x0000000008006b54      0x334 Drivers/STM32F4xx_HAL_Driver/Src/stm32f4xx_hal_gpio.o
                0x0000000008006b54                HAL_GPIO_Init
 .text.HAL_GPIO_ReadPin
                0x0000000008006e88       0x30 Drivers/STM32F4xx_HAL_Driver/Src/stm32f4xx_hal_gpio.o
                0x0000000008006e88                HAL_GPIO_ReadPin
 .text.HAL_GPIO_WritePin
                0x0000000008006eb8       0x32 Drivers/STM32F4xx_HAL_Driver/Src/stm32f4xx_hal_gpio.o
                0x0000000008006eb8                HAL_GPIO_WritePin
 *fill*         0x0000000008006eea        0x2 
 .text.HAL_I2C_Init
                0x0000000008006eec      0x250 Drivers/STM32F4xx_HAL_Driver/Src/stm32f4xx_hal_i2c.o
                0x0000000008006eec                HAL_I2C_Init
 .text.HAL_I2C_Mem_Write
                0x000000000800713c      0x1f4 Drivers/STM32F4xx_HAL_Driver/Src/stm32f4xx_hal_i2c.o
                0x000000000800713c                HAL_I2C_Mem_Write
 .text.I2C_RequestMemoryWrite
                0x0000000008007330      0x114 Drivers/STM32F4xx_HAL_Driver/Src/stm32f4xx_hal_i2c.o
 .text.I2C_WaitOnFlagUntilTimeout
                0x0000000008007444       0xae Drivers/STM32F4xx_HAL_Driver/Src/stm32f4xx_hal_i2c.o
 .text.I2C_WaitOnMasterAddressFlagUntilTimeout
                0x00000000080074f2       0xfe Drivers/STM32F4xx_HAL_Driver/Src/stm32f4xx_hal_i2c.o
 .text.I2C_WaitOnTXEFlagUntilTimeout
                0x00000000080075f0       0x82 Drivers/STM32F4xx_HAL_Driver/Src/stm32f4xx_hal_i2c.o
 .text.I2C_WaitOnBTFFlagUntilTimeout
                0x0000000008007672       0x82 Drivers/STM32F4xx_HAL_Driver/Src/stm32f4xx_hal_i2c.o
 .text.I2C_IsAcknowledgeFailed
                0x00000000080076f4       0x5e Drivers/STM32F4xx_HAL_Driver/Src/stm32f4xx_hal_i2c.o
 *fill*         0x0000000008007752        0x2 
 .text.HAL_RCC_OscConfig
                0x0000000008007754      0x484 Drivers/STM32F4xx_HAL_Driver/Src/stm32f4xx_hal_rcc.o
                0x0000000008007754                HAL_RCC_OscConfig
 .text.HAL_RCC_ClockConfig
                0x0000000008007bd8      0x1c4 Drivers/STM32F4xx_HAL_Driver/Src/stm32f4xx_hal_rcc.o
                0x0000000008007bd8                HAL_RCC_ClockConfig
 .text.HAL_RCC_MCOConfig
                0x0000000008007d9c       0xd0 Drivers/STM32F4xx_HAL_Driver/Src/stm32f4xx_hal_rcc.o
                0x0000000008007d9c                HAL_RCC_MCOConfig
 .text.HAL_RCC_GetSysClockFreq
                0x0000000008007e6c      0x1b0 Drivers/STM32F4xx_HAL_Driver/Src/stm32f4xx_hal_rcc.o
                0x0000000008007e6c                HAL_RCC_GetSysClockFreq
 .text.HAL_RCC_GetHCLKFreq
                0x000000000800801c       0x18 Drivers/STM32F4xx_HAL_Driver/Src/stm32f4xx_hal_rcc.o
                0x000000000800801c                HAL_RCC_GetHCLKFreq
 .text.HAL_RCC_GetPCLK1Freq
                0x0000000008008034       0x28 Drivers/STM32F4xx_HAL_Driver/Src/stm32f4xx_hal_rcc.o
                0x0000000008008034                HAL_RCC_GetPCLK1Freq
 .text.HAL_RCC_GetPCLK2Freq
                0x000000000800805c       0x28 Drivers/STM32F4xx_HAL_Driver/Src/stm32f4xx_hal_rcc.o
                0x000000000800805c                HAL_RCC_GetPCLK2Freq
 .text.HAL_SRAM_Init
                0x0000000008008084       0x88 Drivers/STM32F4xx_HAL_Driver/Src/stm32f4xx_hal_sram.o
                0x0000000008008084                HAL_SRAM_Init
 .text.HAL_UART_Init
                0x000000000800810c       0x9a Drivers/STM32F4xx_HAL_Driver/Src/stm32f4xx_hal_uart.o
                0x000000000800810c                HAL_UART_Init
 .text.HAL_UART_Transmit
                0x00000000080081a6      0x132 Drivers/STM32F4xx_HAL_Driver/Src/stm32f4xx_hal_uart.o
                0x00000000080081a6                HAL_UART_Transmit
 .text.UART_WaitOnFlagUntilTimeout
                0x00000000080082d8       0x94 Drivers/STM32F4xx_HAL_Driver/Src/stm32f4xx_hal_uart.o
 .text.UART_SetConfig
                0x000000000800836c      0x414 Drivers/STM32F4xx_HAL_Driver/Src/stm32f4xx_hal_uart.o
 .text.FSMC_NORSRAM_Init
                0x0000000008008780       0xa4 Drivers/STM32F4xx_HAL_Driver/Src/stm32f4xx_ll_fsmc.o
                0x0000000008008780                FSMC_NORSRAM_Init
 .text.FSMC_NORSRAM_Timing_Init
                0x0000000008008824       0x7a Drivers/STM32F4xx_HAL_Driver/Src/stm32f4xx_ll_fsmc.o
                0x0000000008008824                FSMC_NORSRAM_Timing_Init
 *fill*         0x000000000800889e        0x2 
 .text.FSMC_NORSRAM_Extended_Timing_Init
                0x00000000080088a0       0x80 Drivers/STM32F4xx_HAL_Driver/Src/stm32f4xx_ll_fsmc.o
                0x00000000080088a0                FSMC_NORSRAM_Extended_Timing_Init
 .text.aiInit   0x0000000008008920       0xb4 Src/app_x-cube-ai.o
                0x0000000008008920                aiInit
 .text.aiRun    0x00000000080089d4       0x80 Src/app_x-cube-ai.o
                0x00000000080089d4                aiRun
 .text.MX_X_CUBE_AI_Init
                0x0000000008008a54       0x14 Src/app_x-cube-ai.o
                0x0000000008008a54                MX_X_CUBE_AI_Init
 .text.MX_X_CUBE_AI_Process
                0x0000000008008a68      0x148 Src/app_x-cube-ai.o
                0x0000000008008a68                MX_X_CUBE_AI_Process
 .text.bubblesort
                0x0000000008008bb0       0xca Src/app_x-cube-ai.o
 .text.DCMI_OV9655Config
                0x0000000008008c7a       0x58 Src/dcmi_ov9655.o
                0x0000000008008c7a                DCMI_OV9655Config
 .text.DCMI_Config
                0x0000000008008cd2        0xe Src/dcmi_ov9655.o
                0x0000000008008cd2                DCMI_Config
 .text.MCO1_Init
                0x0000000008008ce0        0xe Src/dcmi_ov9655.o
                0x0000000008008ce0                MCO1_Init
 .text.DCMI_OV9655_QVGASizeSetup
                0x0000000008008cee      0x97a Src/dcmi_ov9655.o
                0x0000000008008cee                DCMI_OV9655_QVGASizeSetup
 .text.Delay    0x0000000008009668       0x20 Src/dcmi_ov9655.o
 .text.Delay_ms
                0x0000000008009688       0x24 Src/dcmi_ov9655.o
 .text.LCD_IO_Init
                0x00000000080096ac        0xe Src/ili9325.o
                0x00000000080096ac                LCD_IO_Init
 *fill*         0x00000000080096ba        0x2 
 .text.LCD_IO_WriteMultipleData
                0x00000000080096bc       0x44 Src/ili9325.o
                0x00000000080096bc                LCD_IO_WriteMultipleData
 .text.LCD_IO_WriteReg
                0x0000000008009700       0x20 Src/ili9325.o
                0x0000000008009700                LCD_IO_WriteReg
 .text.LCD_IO_ReadData
                0x0000000008009720       0x18 Src/ili9325.o
                0x0000000008009720                LCD_IO_ReadData
 .text.ili9325_Init
                0x0000000008009738      0x1f0 Src/ili9325.o
                0x0000000008009738                ili9325_Init
 .text.ili9325_DisplayOn
                0x0000000008009928       0x62 Src/ili9325.o
                0x0000000008009928                ili9325_DisplayOn
 .text.ili9325_DisplayOff
                0x000000000800998a       0x38 Src/ili9325.o
                0x000000000800998a                ili9325_DisplayOff
 .text.ili9325_GetLcdPixelWidth
                0x00000000080099c2       0x12 Src/ili9325.o
                0x00000000080099c2                ili9325_GetLcdPixelWidth
 .text.ili9325_GetLcdPixelHeight
                0x00000000080099d4       0x10 Src/ili9325.o
                0x00000000080099d4                ili9325_GetLcdPixelHeight
 .text.ili9325_ReadID
                0x00000000080099e4       0x14 Src/ili9325.o
                0x00000000080099e4                ili9325_ReadID
 .text.ili9325_SetCursor
                0x00000000080099f8       0x32 Src/ili9325.o
                0x00000000080099f8                ili9325_SetCursor
 .text.ili9325_WritePixel
                0x0000000008009a2a       0x36 Src/ili9325.o
                0x0000000008009a2a                ili9325_WritePixel
 .text.ili9325_ReadPixel
                0x0000000008009a60       0x34 Src/ili9325.o
                0x0000000008009a60                ili9325_ReadPixel
 .text.ili9325_WriteReg
                0x0000000008009a94       0x2a Src/ili9325.o
                0x0000000008009a94                ili9325_WriteReg
 .text.ili9325_ReadReg
                0x0000000008009abe       0x20 Src/ili9325.o
                0x0000000008009abe                ili9325_ReadReg
 .text.ili9325_SetDisplayWindow
                0x0000000008009ade       0x6c Src/ili9325.o
                0x0000000008009ade                ili9325_SetDisplayWindow
 *fill*         0x0000000008009b4a        0x2 
 .text.ili9325_DrawHLine
                0x0000000008009b4c       0x6c Src/ili9325.o
                0x0000000008009b4c                ili9325_DrawHLine
 .text.ili9325_DrawVLine
                0x0000000008009bb8       0x80 Src/ili9325.o
                0x0000000008009bb8                ili9325_DrawVLine
 .text.ili9325_DrawBitmap
                0x0000000008009c38       0x9c Src/ili9325.o
                0x0000000008009c38                ili9325_DrawBitmap
 .text.ili9325_DrawRGBImage
                0x0000000008009cd4       0x52 Src/ili9325.o
                0x0000000008009cd4                ili9325_DrawRGBImage
 *fill*         0x0000000008009d26        0x2 
 .text.ili9325_Clear
                0x0000000008009d28       0x3c Src/ili9325.o
                0x0000000008009d28                ili9325_Clear
 .text.imageclassify_configure_activations
                0x0000000008009d64       0x7c Src/imageclassify.o
 .text.imageclassify_configure_weights
                0x0000000008009de0       0xb8 Src/imageclassify.o
 .text.ai_imageclassify_get_error
                0x0000000008009e98       0x18 Src/imageclassify.o
                0x0000000008009e98                ai_imageclassify_get_error
 .text.ai_imageclassify_create
                0x0000000008009eb0       0x2c Src/imageclassify.o
                0x0000000008009eb0                ai_imageclassify_create
 .text.ai_imageclassify_destroy
                0x0000000008009edc       0x18 Src/imageclassify.o
                0x0000000008009edc                ai_imageclassify_destroy
 .text.ai_imageclassify_init
                0x0000000008009ef4       0x66 Src/imageclassify.o
                0x0000000008009ef4                ai_imageclassify_init
 .text.ai_imageclassify_run
                0x0000000008009f5a       0x20 Src/imageclassify.o
                0x0000000008009f5a                ai_imageclassify_run
 *fill*         0x0000000008009f7a        0x2 
 .text.ai_imageclassify_data_weights_get
                0x0000000008009f7c       0x14 Src/imageclassify_data.o
                0x0000000008009f7c                ai_imageclassify_data_weights_get
 .text.main     0x0000000008009f90      0x204 Src/main.o
                0x0000000008009f90                main
 .text.SystemClock_Config
                0x000000000800a194       0xe8 Src/main.o
                0x000000000800a194                SystemClock_Config
 .text.MX_CRC_Init
                0x000000000800a27c       0x28 Src/main.o
 .text.MX_DCMI_Init
                0x000000000800a2a4       0x50 Src/main.o
 .text.MX_I2C2_Init
                0x000000000800a2f4       0x5c Src/main.o
 .text.MX_USART1_UART_Init
                0x000000000800a350       0x54 Src/main.o
 .text.MX_DMA_Init
                0x000000000800a3a4       0x40 Src/main.o
 .text.MX_GPIO_Init
                0x000000000800a3e4      0x27c Src/main.o
 .text.MX_FSMC_Init
                0x000000000800a660      0x158 Src/main.o
 .text.ImageResize
                0x000000000800a7b8      0x2c8 Src/main.o
                0x000000000800a7b8                ImageResize
 .text.convert_8Bit_Grayscale
                0x000000000800aa80      0x104 Src/main.o
                0x000000000800aa80                convert_8Bit_Grayscale
 .text.__io_putchar
                0x000000000800ab84       0x24 Src/main.o
                0x000000000800ab84                __io_putchar
 .text.Error_Handler
                0x000000000800aba8        0xe Src/main.o
                0x000000000800aba8                Error_Handler
 *fill*         0x000000000800abb6        0x2 
 .text.DCMI_SingleRandomWrite
                0x000000000800abb8       0x44 Src/sccb.o
                0x000000000800abb8                DCMI_SingleRandomWrite
 .text.BSP_LCD_Init
                0x000000000800abfc       0x74 Src/stm32_lcd_bsp.o
                0x000000000800abfc                BSP_LCD_Init
 .text.BSP_LCD_GetXSize
                0x000000000800ac70       0x18 Src/stm32_lcd_bsp.o
                0x000000000800ac70                BSP_LCD_GetXSize
 .text.BSP_LCD_GetYSize
                0x000000000800ac88       0x18 Src/stm32_lcd_bsp.o
                0x000000000800ac88                BSP_LCD_GetYSize
 .text.BSP_LCD_SetTextColor
                0x000000000800aca0       0x20 Src/stm32_lcd_bsp.o
                0x000000000800aca0                BSP_LCD_SetTextColor
 .text.BSP_LCD_SetFont
                0x000000000800acc0       0x20 Src/stm32_lcd_bsp.o
                0x000000000800acc0                BSP_LCD_SetFont
 .text.BSP_LCD_Clear
                0x000000000800ace0       0x68 Src/stm32_lcd_bsp.o
                0x000000000800ace0                BSP_LCD_Clear
 .text.BSP_LCD_DisplayChar
                0x000000000800ad48       0x54 Src/stm32_lcd_bsp.o
                0x000000000800ad48                BSP_LCD_DisplayChar
 .text.BSP_LCD_DisplayStringAt
                0x000000000800ad9c      0x114 Src/stm32_lcd_bsp.o
                0x000000000800ad9c                BSP_LCD_DisplayStringAt
 .text.BSP_LCD_DrawHLine
                0x000000000800aeb0       0x74 Src/stm32_lcd_bsp.o
                0x000000000800aeb0                BSP_LCD_DrawHLine
 .text.BSP_LCD_DrawBitmap
                0x000000000800af24       0x98 Src/stm32_lcd_bsp.o
                0x000000000800af24                BSP_LCD_DrawBitmap
 .text.LCD_DrawPixel
                0x000000000800afbc       0x38 Src/stm32_lcd_bsp.o
 .text.LCD_DrawChar
                0x000000000800aff4      0x1e4 Src/stm32_lcd_bsp.o
 .text.LCD_SetDisplayWindow
                0x000000000800b1d8       0x44 Src/stm32_lcd_bsp.o
 .text.HAL_MspInit
                0x000000000800b21c       0x50 Src/stm32f4xx_hal_msp.o
                0x000000000800b21c                HAL_MspInit
 .text.HAL_CRC_MspInit
                0x000000000800b26c       0x44 Src/stm32f4xx_hal_msp.o
                0x000000000800b26c                HAL_CRC_MspInit
 .text.HAL_DCMI_MspInit
                0x000000000800b2b0      0x188 Src/stm32f4xx_hal_msp.o
                0x000000000800b2b0                HAL_DCMI_MspInit
 .text.HAL_I2C_MspInit
                0x000000000800b438       0x64 Src/stm32f4xx_hal_msp.o
                0x000000000800b438                HAL_I2C_MspInit
 .text.HAL_UART_MspInit
                0x000000000800b49c       0x90 Src/stm32f4xx_hal_msp.o
                0x000000000800b49c                HAL_UART_MspInit
 .text.HAL_FSMC_MspInit
                0x000000000800b52c       0xe0 Src/stm32f4xx_hal_msp.o
 .text.HAL_SRAM_MspInit
                0x000000000800b60c       0x14 Src/stm32f4xx_hal_msp.o
                0x000000000800b60c                HAL_SRAM_MspInit
 .text.NMI_Handler
                0x000000000800b620        0xe Src/stm32f4xx_it.o
                0x000000000800b620                NMI_Handler
 .text.HardFault_Handler
                0x000000000800b62e        0x6 Src/stm32f4xx_it.o
                0x000000000800b62e                HardFault_Handler
 .text.MemManage_Handler
                0x000000000800b634        0x6 Src/stm32f4xx_it.o
                0x000000000800b634                MemManage_Handler
 .text.BusFault_Handler
                0x000000000800b63a        0x6 Src/stm32f4xx_it.o
                0x000000000800b63a                BusFault_Handler
 .text.UsageFault_Handler
                0x000000000800b640        0x6 Src/stm32f4xx_it.o
                0x000000000800b640                UsageFault_Handler
 .text.SVC_Handler
                0x000000000800b646        0xe Src/stm32f4xx_it.o
                0x000000000800b646                SVC_Handler
 .text.DebugMon_Handler
                0x000000000800b654        0xe Src/stm32f4xx_it.o
                0x000000000800b654                DebugMon_Handler
 .text.PendSV_Handler
                0x000000000800b662        0xe Src/stm32f4xx_it.o
                0x000000000800b662                PendSV_Handler
 .text.SysTick_Handler
                0x000000000800b670        0xc Src/stm32f4xx_it.o
                0x000000000800b670                SysTick_Handler
 .text.DMA2_Stream1_IRQHandler
                0x000000000800b67c       0x14 Src/stm32f4xx_it.o
                0x000000000800b67c                DMA2_Stream1_IRQHandler
 .text.DCMI_IRQHandler
                0x000000000800b690       0x14 Src/stm32f4xx_it.o
                0x000000000800b690                DCMI_IRQHandler
 .text._read    0x000000000800b6a4       0x3a Src/syscalls.o
                0x000000000800b6a4                _read
 .text._write   0x000000000800b6de       0x38 Src/syscalls.o
                0x000000000800b6de                _write
 .text._close   0x000000000800b716       0x18 Src/syscalls.o
                0x000000000800b716                _close
 .text._fstat   0x000000000800b72e       0x20 Src/syscalls.o
                0x000000000800b72e                _fstat
 .text._isatty  0x000000000800b74e       0x16 Src/syscalls.o
                0x000000000800b74e                _isatty
 .text._lseek   0x000000000800b764       0x1a Src/syscalls.o
                0x000000000800b764                _lseek
 *fill*         0x000000000800b77e        0x2 
 .text._sbrk    0x000000000800b780       0x58 Src/sysmem.o
                0x000000000800b780                _sbrk
 .text.SystemInit
                0x000000000800b7d8       0x74 Src/system_stm32f4xx.o
                0x000000000800b7d8                SystemInit
 .text.Reset_Handler
                0x000000000800b84c       0x50 Startup/startup_stm32f407igtx.o
                0x000000000800b84c                Reset_Handler
 .text.Default_Handler
                0x000000000800b89c        0x2 Startup/startup_stm32f407igtx.o
                0x000000000800b89c                RTC_Alarm_IRQHandler
                0x000000000800b89c                HASH_RNG_IRQHandler
                0x000000000800b89c                EXTI2_IRQHandler
                0x000000000800b89c                TIM8_CC_IRQHandler
                0x000000000800b89c                TIM1_CC_IRQHandler
                0x000000000800b89c                DMA2_Stream5_IRQHandler
                0x000000000800b89c                DMA1_Stream5_IRQHandler
                0x000000000800b89c                PVD_IRQHandler
                0x000000000800b89c                SDIO_IRQHandler
                0x000000000800b89c                TAMP_STAMP_IRQHandler
                0x000000000800b89c                CAN2_RX1_IRQHandler
                0x000000000800b89c                EXTI3_IRQHandler
                0x000000000800b89c                TIM8_TRG_COM_TIM14_IRQHandler
                0x000000000800b89c                TIM1_UP_TIM10_IRQHandler
                0x000000000800b89c                TIM8_UP_TIM13_IRQHandler
                0x000000000800b89c                I2C3_ER_IRQHandler
                0x000000000800b89c                EXTI0_IRQHandler
                0x000000000800b89c                I2C2_EV_IRQHandler
                0x000000000800b89c                DMA1_Stream2_IRQHandler
                0x000000000800b89c                CAN1_RX0_IRQHandler
                0x000000000800b89c                FPU_IRQHandler
                0x000000000800b89c                OTG_HS_WKUP_IRQHandler
                0x000000000800b89c                CAN2_SCE_IRQHandler
                0x000000000800b89c                DMA2_Stream2_IRQHandler
                0x000000000800b89c                SPI1_IRQHandler
                0x000000000800b89c                TIM6_DAC_IRQHandler
                0x000000000800b89c                TIM1_BRK_TIM9_IRQHandler
                0x000000000800b89c                CAN2_RX0_IRQHandler
                0x000000000800b89c                DMA2_Stream3_IRQHandler
                0x000000000800b89c                USART6_IRQHandler
                0x000000000800b89c                USART3_IRQHandler
                0x000000000800b89c                CAN1_RX1_IRQHandler
                0x000000000800b89c                UART5_IRQHandler
                0x000000000800b89c                DMA2_Stream0_IRQHandler
                0x000000000800b89c                TIM4_IRQHandler
                0x000000000800b89c                I2C1_EV_IRQHandler
                0x000000000800b89c                DMA1_Stream6_IRQHandler
                0x000000000800b89c                DMA1_Stream1_IRQHandler
                0x000000000800b89c                UART4_IRQHandler
                0x000000000800b89c                TIM3_IRQHandler
                0x000000000800b89c                RCC_IRQHandler
                0x000000000800b89c                TIM8_BRK_TIM12_IRQHandler
                0x000000000800b89c                Default_Handler
                0x000000000800b89c                EXTI15_10_IRQHandler
                0x000000000800b89c                ADC_IRQHandler
                0x000000000800b89c                DMA1_Stream7_IRQHandler
                0x000000000800b89c                TIM7_IRQHandler
                0x000000000800b89c                CAN2_TX_IRQHandler
                0x000000000800b89c                TIM5_IRQHandler
                0x000000000800b89c                DMA2_Stream7_IRQHandler
                0x000000000800b89c                I2C3_EV_IRQHandler
                0x000000000800b89c                EXTI9_5_IRQHandler
                0x000000000800b89c                RTC_WKUP_IRQHandler
                0x000000000800b89c                ETH_WKUP_IRQHandler
                0x000000000800b89c                SPI2_IRQHandler
                0x000000000800b89c                OTG_HS_EP1_IN_IRQHandler
                0x000000000800b89c                DMA1_Stream0_IRQHandler
                0x000000000800b89c                CAN1_TX_IRQHandler
                0x000000000800b89c                EXTI4_IRQHandler
                0x000000000800b89c                FSMC_IRQHandler
                0x000000000800b89c                ETH_IRQHandler
                0x000000000800b89c                OTG_HS_EP1_OUT_IRQHandler
                0x000000000800b89c                WWDG_IRQHandler
                0x000000000800b89c                TIM2_IRQHandler
                0x000000000800b89c                OTG_FS_WKUP_IRQHandler
                0x000000000800b89c                TIM1_TRG_COM_TIM11_IRQHandler
                0x000000000800b89c                OTG_HS_IRQHandler
                0x000000000800b89c                EXTI1_IRQHandler
                0x000000000800b89c                USART2_IRQHandler
                0x000000000800b89c                I2C2_ER_IRQHandler
                0x000000000800b89c                CAN1_SCE_IRQHandler
                0x000000000800b89c                FLASH_IRQHandler
                0x000000000800b89c                DMA2_Stream4_IRQHandler
                0x000000000800b89c                USART1_IRQHandler
                0x000000000800b89c                OTG_FS_IRQHandler
                0x000000000800b89c                SPI3_IRQHandler
                0x000000000800b89c                DMA1_Stream4_IRQHandler
                0x000000000800b89c                I2C1_ER_IRQHandler
                0x000000000800b89c                DMA2_Stream6_IRQHandler
                0x000000000800b89c                DMA1_Stream3_IRQHandler
 .text.__aeabi_memclr
                0x000000000800b89e        0x6 c:/st/stm32cubeide_1.0.2/stm32cubeide/plugins/com.st.stm32cube.ide.mcu.externaltools.gnu-tools-for-stm32.7-2018-q2-update.win32_1.0.0.201904181610/tools/bin/../lib/gcc/arm-none-eabi/7.3.1/../../../../arm-none-eabi/lib/thumb/v7e-m/fpv4-sp/hard\libc_nano.a(lib_a-aeabi_memclr.o)
                0x000000000800b89e                __aeabi_memclr
                0x000000000800b89e                __aeabi_memclr4
                0x000000000800b89e                __aeabi_memclr8
 .text.__aeabi_memcpy
                0x000000000800b8a4        0x4 c:/st/stm32cubeide_1.0.2/stm32cubeide/plugins/com.st.stm32cube.ide.mcu.externaltools.gnu-tools-for-stm32.7-2018-q2-update.win32_1.0.0.201904181610/tools/bin/../lib/gcc/arm-none-eabi/7.3.1/../../../../arm-none-eabi/lib/thumb/v7e-m/fpv4-sp/hard\libc_nano.a(lib_a-aeabi_memcpy.o)
                0x000000000800b8a4                __aeabi_memcpy4
                0x000000000800b8a4                __aeabi_memcpy8
                0x000000000800b8a4                __aeabi_memcpy
 .text.__errno  0x000000000800b8a8        0xc c:/st/stm32cubeide_1.0.2/stm32cubeide/plugins/com.st.stm32cube.ide.mcu.externaltools.gnu-tools-for-stm32.7-2018-q2-update.win32_1.0.0.201904181610/tools/bin/../lib/gcc/arm-none-eabi/7.3.1/../../../../arm-none-eabi/lib/thumb/v7e-m/fpv4-sp/hard\libc_nano.a(lib_a-errno.o)
                0x000000000800b8a8                __errno
 .text.__libc_init_array
                0x000000000800b8b4       0x48 c:/st/stm32cubeide_1.0.2/stm32cubeide/plugins/com.st.stm32cube.ide.mcu.externaltools.gnu-tools-for-stm32.7-2018-q2-update.win32_1.0.0.201904181610/tools/bin/../lib/gcc/arm-none-eabi/7.3.1/../../../../arm-none-eabi/lib/thumb/v7e-m/fpv4-sp/hard\libc_nano.a(lib_a-init.o)
                0x000000000800b8b4                __libc_init_array
 .text.memcmp   0x000000000800b8fc       0x1e c:/st/stm32cubeide_1.0.2/stm32cubeide/plugins/com.st.stm32cube.ide.mcu.externaltools.gnu-tools-for-stm32.7-2018-q2-update.win32_1.0.0.201904181610/tools/bin/../lib/gcc/arm-none-eabi/7.3.1/../../../../arm-none-eabi/lib/thumb/v7e-m/fpv4-sp/hard\libc_nano.a(lib_a-memcmp.o)
                0x000000000800b8fc                memcmp
 .text.memcpy   0x000000000800b91a       0x16 c:/st/stm32cubeide_1.0.2/stm32cubeide/plugins/com.st.stm32cube.ide.mcu.externaltools.gnu-tools-for-stm32.7-2018-q2-update.win32_1.0.0.201904181610/tools/bin/../lib/gcc/arm-none-eabi/7.3.1/../../../../arm-none-eabi/lib/thumb/v7e-m/fpv4-sp/hard\libc_nano.a(lib_a-memcpy-stub.o)
                0x000000000800b91a                memcpy
 .text.memset   0x000000000800b930       0x10 c:/st/stm32cubeide_1.0.2/stm32cubeide/plugins/com.st.stm32cube.ide.mcu.externaltools.gnu-tools-for-stm32.7-2018-q2-update.win32_1.0.0.201904181610/tools/bin/../lib/gcc/arm-none-eabi/7.3.1/../../../../arm-none-eabi/lib/thumb/v7e-m/fpv4-sp/hard\libc_nano.a(lib_a-memset.o)
                0x000000000800b930                memset
 .text.printf   0x000000000800b940       0x30 c:/st/stm32cubeide_1.0.2/stm32cubeide/plugins/com.st.stm32cube.ide.mcu.externaltools.gnu-tools-for-stm32.7-2018-q2-update.win32_1.0.0.201904181610/tools/bin/../lib/gcc/arm-none-eabi/7.3.1/../../../../arm-none-eabi/lib/thumb/v7e-m/fpv4-sp/hard\libc_nano.a(lib_a-printf.o)
                0x000000000800b940                iprintf
                0x000000000800b940                printf
 .text.putchar  0x000000000800b970       0x28 c:/st/stm32cubeide_1.0.2/stm32cubeide/plugins/com.st.stm32cube.ide.mcu.externaltools.gnu-tools-for-stm32.7-2018-q2-update.win32_1.0.0.201904181610/tools/bin/../lib/gcc/arm-none-eabi/7.3.1/../../../../arm-none-eabi/lib/thumb/v7e-m/fpv4-sp/hard\libc_nano.a(lib_a-putchar.o)
                0x000000000800b970                putchar
 .text._puts_r  0x000000000800b998       0xb8 c:/st/stm32cubeide_1.0.2/stm32cubeide/plugins/com.st.stm32cube.ide.mcu.externaltools.gnu-tools-for-stm32.7-2018-q2-update.win32_1.0.0.201904181610/tools/bin/../lib/gcc/arm-none-eabi/7.3.1/../../../../arm-none-eabi/lib/thumb/v7e-m/fpv4-sp/hard\libc_nano.a(lib_a-puts.o)
                0x000000000800b998                _puts_r
 .text.puts     0x000000000800ba50       0x10 c:/st/stm32cubeide_1.0.2/stm32cubeide/plugins/com.st.stm32cube.ide.mcu.externaltools.gnu-tools-for-stm32.7-2018-q2-update.win32_1.0.0.201904181610/tools/bin/../lib/gcc/arm-none-eabi/7.3.1/../../../../arm-none-eabi/lib/thumb/v7e-m/fpv4-sp/hard\libc_nano.a(lib_a-puts.o)
                0x000000000800ba50                puts
 .text.__swbuf_r
                0x000000000800ba60       0xa4 c:/st/stm32cubeide_1.0.2/stm32cubeide/plugins/com.st.stm32cube.ide.mcu.externaltools.gnu-tools-for-stm32.7-2018-q2-update.win32_1.0.0.201904181610/tools/bin/../lib/gcc/arm-none-eabi/7.3.1/../../../../arm-none-eabi/lib/thumb/v7e-m/fpv4-sp/hard\libc_nano.a(lib_a-wbuf.o)
                0x000000000800ba60                __swbuf_r
 .text.__swsetup_r
                0x000000000800bb04       0xdc c:/st/stm32cubeide_1.0.2/stm32cubeide/plugins/com.st.stm32cube.ide.mcu.externaltools.gnu-tools-for-stm32.7-2018-q2-update.win32_1.0.0.201904181610/tools/bin/../lib/gcc/arm-none-eabi/7.3.1/../../../../arm-none-eabi/lib/thumb/v7e-m/fpv4-sp/hard\libc_nano.a(lib_a-wsetup.o)
                0x000000000800bb04                __swsetup_r
 .text.__sflush_r
                0x000000000800bbe0      0x10c c:/st/stm32cubeide_1.0.2/stm32cubeide/plugins/com.st.stm32cube.ide.mcu.externaltools.gnu-tools-for-stm32.7-2018-q2-update.win32_1.0.0.201904181610/tools/bin/../lib/gcc/arm-none-eabi/7.3.1/../../../../arm-none-eabi/lib/thumb/v7e-m/fpv4-sp/hard\libc_nano.a(lib_a-fflush.o)
                0x000000000800bbe0                __sflush_r
 .text._fflush_r
                0x000000000800bcec       0x54 c:/st/stm32cubeide_1.0.2/stm32cubeide/plugins/com.st.stm32cube.ide.mcu.externaltools.gnu-tools-for-stm32.7-2018-q2-update.win32_1.0.0.201904181610/tools/bin/../lib/gcc/arm-none-eabi/7.3.1/../../../../arm-none-eabi/lib/thumb/v7e-m/fpv4-sp/hard\libc_nano.a(lib_a-fflush.o)
                0x000000000800bcec                _fflush_r
 .text.std      0x000000000800bd40       0x48 c:/st/stm32cubeide_1.0.2/stm32cubeide/plugins/com.st.stm32cube.ide.mcu.externaltools.gnu-tools-for-stm32.7-2018-q2-update.win32_1.0.0.201904181610/tools/bin/../lib/gcc/arm-none-eabi/7.3.1/../../../../arm-none-eabi/lib/thumb/v7e-m/fpv4-sp/hard\libc_nano.a(lib_a-findfp.o)
 .text._cleanup_r
                0x000000000800bd88        0xc c:/st/stm32cubeide_1.0.2/stm32cubeide/plugins/com.st.stm32cube.ide.mcu.externaltools.gnu-tools-for-stm32.7-2018-q2-update.win32_1.0.0.201904181610/tools/bin/../lib/gcc/arm-none-eabi/7.3.1/../../../../arm-none-eabi/lib/thumb/v7e-m/fpv4-sp/hard\libc_nano.a(lib_a-findfp.o)
                0x000000000800bd88                _cleanup_r
 .text.__sfmoreglue
                0x000000000800bd94       0x2c c:/st/stm32cubeide_1.0.2/stm32cubeide/plugins/com.st.stm32cube.ide.mcu.externaltools.gnu-tools-for-stm32.7-2018-q2-update.win32_1.0.0.201904181610/tools/bin/../lib/gcc/arm-none-eabi/7.3.1/../../../../arm-none-eabi/lib/thumb/v7e-m/fpv4-sp/hard\libc_nano.a(lib_a-findfp.o)
                0x000000000800bd94                __sfmoreglue
 .text.__sinit  0x000000000800bdc0       0x60 c:/st/stm32cubeide_1.0.2/stm32cubeide/plugins/com.st.stm32cube.ide.mcu.externaltools.gnu-tools-for-stm32.7-2018-q2-update.win32_1.0.0.201904181610/tools/bin/../lib/gcc/arm-none-eabi/7.3.1/../../../../arm-none-eabi/lib/thumb/v7e-m/fpv4-sp/hard\libc_nano.a(lib_a-findfp.o)
                0x000000000800bdc0                __sinit
 .text.__sfp    0x000000000800be20       0x78 c:/st/stm32cubeide_1.0.2/stm32cubeide/plugins/com.st.stm32cube.ide.mcu.externaltools.gnu-tools-for-stm32.7-2018-q2-update.win32_1.0.0.201904181610/tools/bin/../lib/gcc/arm-none-eabi/7.3.1/../../../../arm-none-eabi/lib/thumb/v7e-m/fpv4-sp/hard\libc_nano.a(lib_a-findfp.o)
                0x000000000800be20                __sfp
 .text._fwalk_reent
                0x000000000800be98       0x3c c:/st/stm32cubeide_1.0.2/stm32cubeide/plugins/com.st.stm32cube.ide.mcu.externaltools.gnu-tools-for-stm32.7-2018-q2-update.win32_1.0.0.201904181610/tools/bin/../lib/gcc/arm-none-eabi/7.3.1/../../../../arm-none-eabi/lib/thumb/v7e-m/fpv4-sp/hard\libc_nano.a(lib_a-fwalk.o)
                0x000000000800be98                _fwalk_reent
 .text.__swhatbuf_r
                0x000000000800bed4       0x48 c:/st/stm32cubeide_1.0.2/stm32cubeide/plugins/com.st.stm32cube.ide.mcu.externaltools.gnu-tools-for-stm32.7-2018-q2-update.win32_1.0.0.201904181610/tools/bin/../lib/gcc/arm-none-eabi/7.3.1/../../../../arm-none-eabi/lib/thumb/v7e-m/fpv4-sp/hard\libc_nano.a(lib_a-makebuf.o)
                0x000000000800bed4                __swhatbuf_r
 .text.__smakebuf_r
                0x000000000800bf1c       0x80 c:/st/stm32cubeide_1.0.2/stm32cubeide/plugins/com.st.stm32cube.ide.mcu.externaltools.gnu-tools-for-stm32.7-2018-q2-update.win32_1.0.0.201904181610/tools/bin/../lib/gcc/arm-none-eabi/7.3.1/../../../../arm-none-eabi/lib/thumb/v7e-m/fpv4-sp/hard\libc_nano.a(lib_a-makebuf.o)
                0x000000000800bf1c                __smakebuf_r
 .text._free_r  0x000000000800bf9c       0x9c c:/st/stm32cubeide_1.0.2/stm32cubeide/plugins/com.st.stm32cube.ide.mcu.externaltools.gnu-tools-for-stm32.7-2018-q2-update.win32_1.0.0.201904181610/tools/bin/../lib/gcc/arm-none-eabi/7.3.1/../../../../arm-none-eabi/lib/thumb/v7e-m/fpv4-sp/hard\libc_nano.a(lib_a-nano-freer.o)
                0x000000000800bf9c                _free_r
 .text._malloc_r
                0x000000000800c038       0xb4 c:/st/stm32cubeide_1.0.2/stm32cubeide/plugins/com.st.stm32cube.ide.mcu.externaltools.gnu-tools-for-stm32.7-2018-q2-update.win32_1.0.0.201904181610/tools/bin/../lib/gcc/arm-none-eabi/7.3.1/../../../../arm-none-eabi/lib/thumb/v7e-m/fpv4-sp/hard\libc_nano.a(lib_a-nano-mallocr.o)
                0x000000000800c038                _malloc_r
 .text.__sfputc_r
                0x000000000800c0ec       0x2e c:/st/stm32cubeide_1.0.2/stm32cubeide/plugins/com.st.stm32cube.ide.mcu.externaltools.gnu-tools-for-stm32.7-2018-q2-update.win32_1.0.0.201904181610/tools/bin/../lib/gcc/arm-none-eabi/7.3.1/../../../../arm-none-eabi/lib/thumb/v7e-m/fpv4-sp/hard\libc_nano.a(lib_a-nano-vfprintf.o)
 .text.__sfputs_r
                0x000000000800c11a       0x24 c:/st/stm32cubeide_1.0.2/stm32cubeide/plugins/com.st.stm32cube.ide.mcu.externaltools.gnu-tools-for-stm32.7-2018-q2-update.win32_1.0.0.201904181610/tools/bin/../lib/gcc/arm-none-eabi/7.3.1/../../../../arm-none-eabi/lib/thumb/v7e-m/fpv4-sp/hard\libc_nano.a(lib_a-nano-vfprintf.o)
                0x000000000800c11a                __sfputs_r
 *fill*         0x000000000800c13e        0x2 
 .text._vfprintf_r
                0x000000000800c140      0x22c c:/st/stm32cubeide_1.0.2/stm32cubeide/plugins/com.st.stm32cube.ide.mcu.externaltools.gnu-tools-for-stm32.7-2018-q2-update.win32_1.0.0.201904181610/tools/bin/../lib/gcc/arm-none-eabi/7.3.1/../../../../arm-none-eabi/lib/thumb/v7e-m/fpv4-sp/hard\libc_nano.a(lib_a-nano-vfprintf.o)
                0x000000000800c140                _vfprintf_r
                0x000000000800c140                _vfiprintf_r
 .text._printf_common
                0x000000000800c36c       0xea c:/st/stm32cubeide_1.0.2/stm32cubeide/plugins/com.st.stm32cube.ide.mcu.externaltools.gnu-tools-for-stm32.7-2018-q2-update.win32_1.0.0.201904181610/tools/bin/../lib/gcc/arm-none-eabi/7.3.1/../../../../arm-none-eabi/lib/thumb/v7e-m/fpv4-sp/hard\libc_nano.a(lib_a-nano-vfprintf_i.o)
                0x000000000800c36c                _printf_common
 *fill*         0x000000000800c456        0x2 
 .text._printf_i
                0x000000000800c458      0x224 c:/st/stm32cubeide_1.0.2/stm32cubeide/plugins/com.st.stm32cube.ide.mcu.externaltools.gnu-tools-for-stm32.7-2018-q2-update.win32_1.0.0.201904181610/tools/bin/../lib/gcc/arm-none-eabi/7.3.1/../../../../arm-none-eabi/lib/thumb/v7e-m/fpv4-sp/hard\libc_nano.a(lib_a-nano-vfprintf_i.o)
                0x000000000800c458                _printf_i
 .text._putc_r  0x000000000800c67c       0x6c c:/st/stm32cubeide_1.0.2/stm32cubeide/plugins/com.st.stm32cube.ide.mcu.externaltools.gnu-tools-for-stm32.7-2018-q2-update.win32_1.0.0.201904181610/tools/bin/../lib/gcc/arm-none-eabi/7.3.1/../../../../arm-none-eabi/lib/thumb/v7e-m/fpv4-sp/hard\libc_nano.a(lib_a-putc.o)
                0x000000000800c67c                _putc_r
 .text._sbrk_r  0x000000000800c6e8       0x20 c:/st/stm32cubeide_1.0.2/stm32cubeide/plugins/com.st.stm32cube.ide.mcu.externaltools.gnu-tools-for-stm32.7-2018-q2-update.win32_1.0.0.201904181610/tools/bin/../lib/gcc/arm-none-eabi/7.3.1/../../../../arm-none-eabi/lib/thumb/v7e-m/fpv4-sp/hard\libc_nano.a(lib_a-sbrkr.o)
                0x000000000800c6e8                _sbrk_r
 .text.__sread  0x000000000800c708       0x22 c:/st/stm32cubeide_1.0.2/stm32cubeide/plugins/com.st.stm32cube.ide.mcu.externaltools.gnu-tools-for-stm32.7-2018-q2-update.win32_1.0.0.201904181610/tools/bin/../lib/gcc/arm-none-eabi/7.3.1/../../../../arm-none-eabi/lib/thumb/v7e-m/fpv4-sp/hard\libc_nano.a(lib_a-stdio.o)
                0x000000000800c708                __sread
 .text.__swrite
                0x000000000800c72a       0x38 c:/st/stm32cubeide_1.0.2/stm32cubeide/plugins/com.st.stm32cube.ide.mcu.externaltools.gnu-tools-for-stm32.7-2018-q2-update.win32_1.0.0.201904181610/tools/bin/../lib/gcc/arm-none-eabi/7.3.1/../../../../arm-none-eabi/lib/thumb/v7e-m/fpv4-sp/hard\libc_nano.a(lib_a-stdio.o)
                0x000000000800c72a                __swrite
 .text.__sseek  0x000000000800c762       0x24 c:/st/stm32cubeide_1.0.2/stm32cubeide/plugins/com.st.stm32cube.ide.mcu.externaltools.gnu-tools-for-stm32.7-2018-q2-update.win32_1.0.0.201904181610/tools/bin/../lib/gcc/arm-none-eabi/7.3.1/../../../../arm-none-eabi/lib/thumb/v7e-m/fpv4-sp/hard\libc_nano.a(lib_a-stdio.o)
                0x000000000800c762                __sseek
 .text.__sclose
                0x000000000800c786        0x8 c:/st/stm32cubeide_1.0.2/stm32cubeide/plugins/com.st.stm32cube.ide.mcu.externaltools.gnu-tools-for-stm32.7-2018-q2-update.win32_1.0.0.201904181610/tools/bin/../lib/gcc/arm-none-eabi/7.3.1/../../../../arm-none-eabi/lib/thumb/v7e-m/fpv4-sp/hard\libc_nano.a(lib_a-stdio.o)
                0x000000000800c786                __sclose
 *fill*         0x000000000800c78e        0x2 
 .text._write_r
                0x000000000800c790       0x24 c:/st/stm32cubeide_1.0.2/stm32cubeide/plugins/com.st.stm32cube.ide.mcu.externaltools.gnu-tools-for-stm32.7-2018-q2-update.win32_1.0.0.201904181610/tools/bin/../lib/gcc/arm-none-eabi/7.3.1/../../../../arm-none-eabi/lib/thumb/v7e-m/fpv4-sp/hard\libc_nano.a(lib_a-writer.o)
                0x000000000800c790                _write_r
 .text._close_r
                0x000000000800c7b4       0x20 c:/st/stm32cubeide_1.0.2/stm32cubeide/plugins/com.st.stm32cube.ide.mcu.externaltools.gnu-tools-for-stm32.7-2018-q2-update.win32_1.0.0.201904181610/tools/bin/../lib/gcc/arm-none-eabi/7.3.1/../../../../arm-none-eabi/lib/thumb/v7e-m/fpv4-sp/hard\libc_nano.a(lib_a-closer.o)
                0x000000000800c7b4                _close_r
 .text._fstat_r
                0x000000000800c7d4       0x24 c:/st/stm32cubeide_1.0.2/stm32cubeide/plugins/com.st.stm32cube.ide.mcu.externaltools.gnu-tools-for-stm32.7-2018-q2-update.win32_1.0.0.201904181610/tools/bin/../lib/gcc/arm-none-eabi/7.3.1/../../../../arm-none-eabi/lib/thumb/v7e-m/fpv4-sp/hard\libc_nano.a(lib_a-fstatr.o)
                0x000000000800c7d4                _fstat_r
 .text._isatty_r
                0x000000000800c7f8       0x20 c:/st/stm32cubeide_1.0.2/stm32cubeide/plugins/com.st.stm32cube.ide.mcu.externaltools.gnu-tools-for-stm32.7-2018-q2-update.win32_1.0.0.201904181610/tools/bin/../lib/gcc/arm-none-eabi/7.3.1/../../../../arm-none-eabi/lib/thumb/v7e-m/fpv4-sp/hard\libc_nano.a(lib_a-isattyr.o)
                0x000000000800c7f8                _isatty_r
 .text._lseek_r
                0x000000000800c818       0x24 c:/st/stm32cubeide_1.0.2/stm32cubeide/plugins/com.st.stm32cube.ide.mcu.externaltools.gnu-tools-for-stm32.7-2018-q2-update.win32_1.0.0.201904181610/tools/bin/../lib/gcc/arm-none-eabi/7.3.1/../../../../arm-none-eabi/lib/thumb/v7e-m/fpv4-sp/hard\libc_nano.a(lib_a-lseekr.o)
                0x000000000800c818                _lseek_r
 .text.__malloc_lock
                0x000000000800c83c        0x2 c:/st/stm32cubeide_1.0.2/stm32cubeide/plugins/com.st.stm32cube.ide.mcu.externaltools.gnu-tools-for-stm32.7-2018-q2-update.win32_1.0.0.201904181610/tools/bin/../lib/gcc/arm-none-eabi/7.3.1/../../../../arm-none-eabi/lib/thumb/v7e-m/fpv4-sp/hard\libc_nano.a(lib_a-mlock.o)
                0x000000000800c83c                __malloc_lock
 .text.__malloc_unlock
                0x000000000800c83e        0x2 c:/st/stm32cubeide_1.0.2/stm32cubeide/plugins/com.st.stm32cube.ide.mcu.externaltools.gnu-tools-for-stm32.7-2018-q2-update.win32_1.0.0.201904181610/tools/bin/../lib/gcc/arm-none-eabi/7.3.1/../../../../arm-none-eabi/lib/thumb/v7e-m/fpv4-sp/hard\libc_nano.a(lib_a-mlock.o)
                0x000000000800c83e                __malloc_unlock
 .text._read_r  0x000000000800c840       0x24 c:/st/stm32cubeide_1.0.2/stm32cubeide/plugins/com.st.stm32cube.ide.mcu.externaltools.gnu-tools-for-stm32.7-2018-q2-update.win32_1.0.0.201904181610/tools/bin/../lib/gcc/arm-none-eabi/7.3.1/../../../../arm-none-eabi/lib/thumb/v7e-m/fpv4-sp/hard\libc_nano.a(lib_a-readr.o)
                0x000000000800c840                _read_r
 .text.tanhf    0x000000000800c864       0xa4 c:/st/stm32cubeide_1.0.2/stm32cubeide/plugins/com.st.stm32cube.ide.mcu.externaltools.gnu-tools-for-stm32.7-2018-q2-update.win32_1.0.0.201904181610/tools/bin/../lib/gcc/arm-none-eabi/7.3.1/../../../../arm-none-eabi/lib/thumb/v7e-m/fpv4-sp/hard\libm.a(lib_a-sf_tanh.o)
                0x000000000800c864                tanhf
 .text.expf     0x000000000800c908       0xf4 c:/st/stm32cubeide_1.0.2/stm32cubeide/plugins/com.st.stm32cube.ide.mcu.externaltools.gnu-tools-for-stm32.7-2018-q2-update.win32_1.0.0.201904181610/tools/bin/../lib/gcc/arm-none-eabi/7.3.1/../../../../arm-none-eabi/lib/thumb/v7e-m/fpv4-sp/hard\libm.a(lib_a-wf_exp.o)
                0x000000000800c908                expf
 .text.logf     0x000000000800c9fc       0xec c:/st/stm32cubeide_1.0.2/stm32cubeide/plugins/com.st.stm32cube.ide.mcu.externaltools.gnu-tools-for-stm32.7-2018-q2-update.win32_1.0.0.201904181610/tools/bin/../lib/gcc/arm-none-eabi/7.3.1/../../../../arm-none-eabi/lib/thumb/v7e-m/fpv4-sp/hard\libm.a(lib_a-wf_log.o)
                0x000000000800c9fc                logf
 .text.powf     0x000000000800cae8      0x2c8 c:/st/stm32cubeide_1.0.2/stm32cubeide/plugins/com.st.stm32cube.ide.mcu.externaltools.gnu-tools-for-stm32.7-2018-q2-update.win32_1.0.0.201904181610/tools/bin/../lib/gcc/arm-none-eabi/7.3.1/../../../../arm-none-eabi/lib/thumb/v7e-m/fpv4-sp/hard\libm.a(lib_a-wf_pow.o)
                0x000000000800cae8                powf
 .text.__ieee754_expf
                0x000000000800cdb0      0x1a8 c:/st/stm32cubeide_1.0.2/stm32cubeide/plugins/com.st.stm32cube.ide.mcu.externaltools.gnu-tools-for-stm32.7-2018-q2-update.win32_1.0.0.201904181610/tools/bin/../lib/gcc/arm-none-eabi/7.3.1/../../../../arm-none-eabi/lib/thumb/v7e-m/fpv4-sp/hard\libm.a(lib_a-ef_exp.o)
                0x000000000800cdb0                __ieee754_expf
 .text.__ieee754_logf
                0x000000000800cf58      0x1dc c:/st/stm32cubeide_1.0.2/stm32cubeide/plugins/com.st.stm32cube.ide.mcu.externaltools.gnu-tools-for-stm32.7-2018-q2-update.win32_1.0.0.201904181610/tools/bin/../lib/gcc/arm-none-eabi/7.3.1/../../../../arm-none-eabi/lib/thumb/v7e-m/fpv4-sp/hard\libm.a(lib_a-ef_log.o)
                0x000000000800cf58                __ieee754_logf
 .text.__ieee754_powf
                0x000000000800d134      0x580 c:/st/stm32cubeide_1.0.2/stm32cubeide/plugins/com.st.stm32cube.ide.mcu.externaltools.gnu-tools-for-stm32.7-2018-q2-update.win32_1.0.0.201904181610/tools/bin/../lib/gcc/arm-none-eabi/7.3.1/../../../../arm-none-eabi/lib/thumb/v7e-m/fpv4-sp/hard\libm.a(lib_a-ef_pow.o)
                0x000000000800d134                __ieee754_powf
 .text.__ieee754_sqrtf
                0x000000000800d6b4        0x6 c:/st/stm32cubeide_1.0.2/stm32cubeide/plugins/com.st.stm32cube.ide.mcu.externaltools.gnu-tools-for-stm32.7-2018-q2-update.win32_1.0.0.201904181610/tools/bin/../lib/gcc/arm-none-eabi/7.3.1/../../../../arm-none-eabi/lib/thumb/v7e-m/fpv4-sp/hard\libm.a(lib_a-ef_sqrt.o)
                0x000000000800d6b4                __ieee754_sqrtf
 .text.matherr  0x000000000800d6ba        0x4 c:/st/stm32cubeide_1.0.2/stm32cubeide/plugins/com.st.stm32cube.ide.mcu.externaltools.gnu-tools-for-stm32.7-2018-q2-update.win32_1.0.0.201904181610/tools/bin/../lib/gcc/arm-none-eabi/7.3.1/../../../../arm-none-eabi/lib/thumb/v7e-m/fpv4-sp/hard\libm.a(lib_a-s_matherr.o)
                0x000000000800d6ba                matherr
 *fill*         0x000000000800d6be        0x2 
 .text.nan      0x000000000800d6c0       0x10 c:/st/stm32cubeide_1.0.2/stm32cubeide/plugins/com.st.stm32cube.ide.mcu.externaltools.gnu-tools-for-stm32.7-2018-q2-update.win32_1.0.0.201904181610/tools/bin/../lib/gcc/arm-none-eabi/7.3.1/../../../../arm-none-eabi/lib/thumb/v7e-m/fpv4-sp/hard\libm.a(lib_a-s_nan.o)
                0x000000000800d6c0                nan
 .text.expm1f   0x000000000800d6d0      0x258 c:/st/stm32cubeide_1.0.2/stm32cubeide/plugins/com.st.stm32cube.ide.mcu.externaltools.gnu-tools-for-stm32.7-2018-q2-update.win32_1.0.0.201904181610/tools/bin/../lib/gcc/arm-none-eabi/7.3.1/../../../../arm-none-eabi/lib/thumb/v7e-m/fpv4-sp/hard\libm.a(lib_a-sf_expm1.o)
                0x000000000800d6d0                expm1f
 .text.fabsf    0x000000000800d928        0xe c:/st/stm32cubeide_1.0.2/stm32cubeide/plugins/com.st.stm32cube.ide.mcu.externaltools.gnu-tools-for-stm32.7-2018-q2-update.win32_1.0.0.201904181610/tools/bin/../lib/gcc/arm-none-eabi/7.3.1/../../../../arm-none-eabi/lib/thumb/v7e-m/fpv4-sp/hard\libm.a(lib_a-sf_fabs.o)
                0x000000000800d928                fabsf
 .text.finitef  0x000000000800d936       0x14 c:/st/stm32cubeide_1.0.2/stm32cubeide/plugins/com.st.stm32cube.ide.mcu.externaltools.gnu-tools-for-stm32.7-2018-q2-update.win32_1.0.0.201904181610/tools/bin/../lib/gcc/arm-none-eabi/7.3.1/../../../../arm-none-eabi/lib/thumb/v7e-m/fpv4-sp/hard\libm.a(lib_a-sf_finite.o)
                0x000000000800d936                finitef
 *fill*         0x000000000800d94a        0x2 
 .text.nanf     0x000000000800d94c        0xc c:/st/stm32cubeide_1.0.2/stm32cubeide/plugins/com.st.stm32cube.ide.mcu.externaltools.gnu-tools-for-stm32.7-2018-q2-update.win32_1.0.0.201904181610/tools/bin/../lib/gcc/arm-none-eabi/7.3.1/../../../../arm-none-eabi/lib/thumb/v7e-m/fpv4-sp/hard\libm.a(lib_a-sf_nan.o)
                0x000000000800d94c                nanf
 .text.rintf    0x000000000800d958       0xb4 c:/st/stm32cubeide_1.0.2/stm32cubeide/plugins/com.st.stm32cube.ide.mcu.externaltools.gnu-tools-for-stm32.7-2018-q2-update.win32_1.0.0.201904181610/tools/bin/../lib/gcc/arm-none-eabi/7.3.1/../../../../arm-none-eabi/lib/thumb/v7e-m/fpv4-sp/hard\libm.a(lib_a-sf_rint.o)
                0x000000000800d958                rintf
 .text.scalbnf  0x000000000800da0c       0xc0 c:/st/stm32cubeide_1.0.2/stm32cubeide/plugins/com.st.stm32cube.ide.mcu.externaltools.gnu-tools-for-stm32.7-2018-q2-update.win32_1.0.0.201904181610/tools/bin/../lib/gcc/arm-none-eabi/7.3.1/../../../../arm-none-eabi/lib/thumb/v7e-m/fpv4-sp/hard\libm.a(lib_a-sf_scalbn.o)
                0x000000000800da0c                scalbnf
 .text.copysignf
                0x000000000800dacc       0x18 c:/st/stm32cubeide_1.0.2/stm32cubeide/plugins/com.st.stm32cube.ide.mcu.externaltools.gnu-tools-for-stm32.7-2018-q2-update.win32_1.0.0.201904181610/tools/bin/../lib/gcc/arm-none-eabi/7.3.1/../../../../arm-none-eabi/lib/thumb/v7e-m/fpv4-sp/hard\libm.a(lib_a-sf_copysign.o)
                0x000000000800dacc                copysignf
 *(.glue_7)
 .glue_7        0x000000000800dae4        0x0 linker stubs
 *(.glue_7t)
 .glue_7t       0x000000000800dae4        0x0 linker stubs
 *(.eh_frame)
 .eh_frame      0x000000000800dae4        0x0 c:/st/stm32cubeide_1.0.2/stm32cubeide/plugins/com.st.stm32cube.ide.mcu.externaltools.gnu-tools-for-stm32.7-2018-q2-update.win32_1.0.0.201904181610/tools/bin/../lib/gcc/arm-none-eabi/7.3.1/thumb/v7e-m/fpv4-sp/hard/crtbegin.o
 *(.init)
 .init          0x000000000800dae4        0x4 c:/st/stm32cubeide_1.0.2/stm32cubeide/plugins/com.st.stm32cube.ide.mcu.externaltools.gnu-tools-for-stm32.7-2018-q2-update.win32_1.0.0.201904181610/tools/bin/../lib/gcc/arm-none-eabi/7.3.1/thumb/v7e-m/fpv4-sp/hard/crti.o
                0x000000000800dae4                _init
 .init          0x000000000800dae8        0x8 c:/st/stm32cubeide_1.0.2/stm32cubeide/plugins/com.st.stm32cube.ide.mcu.externaltools.gnu-tools-for-stm32.7-2018-q2-update.win32_1.0.0.201904181610/tools/bin/../lib/gcc/arm-none-eabi/7.3.1/thumb/v7e-m/fpv4-sp/hard/crtn.o
 *(.fini)
 .fini          0x000000000800daf0        0x4 c:/st/stm32cubeide_1.0.2/stm32cubeide/plugins/com.st.stm32cube.ide.mcu.externaltools.gnu-tools-for-stm32.7-2018-q2-update.win32_1.0.0.201904181610/tools/bin/../lib/gcc/arm-none-eabi/7.3.1/thumb/v7e-m/fpv4-sp/hard/crti.o
                0x000000000800daf0                _fini
 .fini          0x000000000800daf4        0x8 c:/st/stm32cubeide_1.0.2/stm32cubeide/plugins/com.st.stm32cube.ide.mcu.externaltools.gnu-tools-for-stm32.7-2018-q2-update.win32_1.0.0.201904181610/tools/bin/../lib/gcc/arm-none-eabi/7.3.1/thumb/v7e-m/fpv4-sp/hard/crtn.o
                0x000000000800dafc                . = ALIGN (0x4)
                0x000000000800dafc                _etext = .

.vfp11_veneer   0x000000000800dafc        0x0
 .vfp11_veneer  0x000000000800dafc        0x0 linker stubs

.v4_bx          0x000000000800dafc        0x0
 .v4_bx         0x000000000800dafc        0x0 linker stubs

.iplt           0x000000000800dafc        0x0
 .iplt          0x000000000800dafc        0x0 c:/st/stm32cubeide_1.0.2/stm32cubeide/plugins/com.st.stm32cube.ide.mcu.externaltools.gnu-tools-for-stm32.7-2018-q2-update.win32_1.0.0.201904181610/tools/bin/../lib/gcc/arm-none-eabi/7.3.1/thumb/v7e-m/fpv4-sp/hard/crtbegin.o

.rodata         0x000000000800dafc    0x65350
                0x000000000800dafc                . = ALIGN (0x4)
 *(.rodata)
 .rodata        0x000000000800dafc       0x86 Src/app_x-cube-ai.o
 *fill*         0x000000000800db82        0x2 
 .rodata        0x000000000800db84       0x28 Src/main.o
 .rodata        0x000000000800dbac       0x70 ../Middlewares/ST/AI/Lib\NetworkRuntime400_CM4_GCC.a(ai_datatypes_format.o)
 .rodata        0x000000000800dc1c       0x30 ../Middlewares/ST/AI/Lib\NetworkRuntime400_CM4_GCC.a(ai_datatypes_format.o)
 *(.rodata*)
 .rodata.flagBitshiftOffset.8168
                0x000000000800dc4c        0x8 Drivers/STM32F4xx_HAL_Driver/Src/stm32f4xx_hal_dma.o
 .rodata.dense_1_chain
                0x000000000800dc54        0x8 Src/imageclassify.o
 .rodata.dense_1_nl_chain
                0x000000000800dc5c        0x8 Src/imageclassify.o
 .rodata.dense_2_chain
                0x000000000800dc64        0x8 Src/imageclassify.o
 .rodata.dense_2_nl_chain
                0x000000000800dc6c        0x8 Src/imageclassify.o
 .rodata.s_imageclassify_weights.5546
                0x000000000800dc74    0x63628 Src/imageclassify_data.o
 .rodata.Font24_Table
                0x000000000807129c     0x1ab8 Src/stm32_lcd_bsp.o
                0x000000000807129c                Font24_Table
 .rodata.AHBPrescTable
                0x0000000008072d54       0x10 Src/system_stm32f4xx.o
                0x0000000008072d54                AHBPrescTable
 .rodata.APBPrescTable
                0x0000000008072d64        0x8 Src/system_stm32f4xx.o
                0x0000000008072d64                APBPrescTable
 .rodata._global_impure_ptr
                0x0000000008072d6c        0x4 c:/st/stm32cubeide_1.0.2/stm32cubeide/plugins/com.st.stm32cube.ide.mcu.externaltools.gnu-tools-for-stm32.7-2018-q2-update.win32_1.0.0.201904181610/tools/bin/../lib/gcc/arm-none-eabi/7.3.1/../../../../arm-none-eabi/lib/thumb/v7e-m/fpv4-sp/hard\libc_nano.a(lib_a-impure.o)
                0x0000000008072d6c                _global_impure_ptr
 .rodata.__sf_fake_stderr
                0x0000000008072d70       0x20 c:/st/stm32cubeide_1.0.2/stm32cubeide/plugins/com.st.stm32cube.ide.mcu.externaltools.gnu-tools-for-stm32.7-2018-q2-update.win32_1.0.0.201904181610/tools/bin/../lib/gcc/arm-none-eabi/7.3.1/../../../../arm-none-eabi/lib/thumb/v7e-m/fpv4-sp/hard\libc_nano.a(lib_a-findfp.o)
                0x0000000008072d70                __sf_fake_stderr
 .rodata.__sf_fake_stdin
                0x0000000008072d90       0x20 c:/st/stm32cubeide_1.0.2/stm32cubeide/plugins/com.st.stm32cube.ide.mcu.externaltools.gnu-tools-for-stm32.7-2018-q2-update.win32_1.0.0.201904181610/tools/bin/../lib/gcc/arm-none-eabi/7.3.1/../../../../arm-none-eabi/lib/thumb/v7e-m/fpv4-sp/hard\libc_nano.a(lib_a-findfp.o)
                0x0000000008072d90                __sf_fake_stdin
 .rodata.__sf_fake_stdout
                0x0000000008072db0       0x20 c:/st/stm32cubeide_1.0.2/stm32cubeide/plugins/com.st.stm32cube.ide.mcu.externaltools.gnu-tools-for-stm32.7-2018-q2-update.win32_1.0.0.201904181610/tools/bin/../lib/gcc/arm-none-eabi/7.3.1/../../../../arm-none-eabi/lib/thumb/v7e-m/fpv4-sp/hard\libc_nano.a(lib_a-findfp.o)
                0x0000000008072db0                __sf_fake_stdout
 .rodata._vfprintf_r.str1.1
                0x0000000008072dd0       0x11 c:/st/stm32cubeide_1.0.2/stm32cubeide/plugins/com.st.stm32cube.ide.mcu.externaltools.gnu-tools-for-stm32.7-2018-q2-update.win32_1.0.0.201904181610/tools/bin/../lib/gcc/arm-none-eabi/7.3.1/../../../../arm-none-eabi/lib/thumb/v7e-m/fpv4-sp/hard\libc_nano.a(lib_a-nano-vfprintf.o)
 .rodata._printf_i.str1.1
                0x0000000008072de1       0x22 c:/st/stm32cubeide_1.0.2/stm32cubeide/plugins/com.st.stm32cube.ide.mcu.externaltools.gnu-tools-for-stm32.7-2018-q2-update.win32_1.0.0.201904181610/tools/bin/../lib/gcc/arm-none-eabi/7.3.1/../../../../arm-none-eabi/lib/thumb/v7e-m/fpv4-sp/hard\libc_nano.a(lib_a-nano-vfprintf_i.o)
 .rodata.expf.str1.1
                0x0000000008072e03        0x5 c:/st/stm32cubeide_1.0.2/stm32cubeide/plugins/com.st.stm32cube.ide.mcu.externaltools.gnu-tools-for-stm32.7-2018-q2-update.win32_1.0.0.201904181610/tools/bin/../lib/gcc/arm-none-eabi/7.3.1/../../../../arm-none-eabi/lib/thumb/v7e-m/fpv4-sp/hard\libm.a(lib_a-wf_exp.o)
 .rodata.logf.str1.1
                0x0000000008072e08        0x5 c:/st/stm32cubeide_1.0.2/stm32cubeide/plugins/com.st.stm32cube.ide.mcu.externaltools.gnu-tools-for-stm32.7-2018-q2-update.win32_1.0.0.201904181610/tools/bin/../lib/gcc/arm-none-eabi/7.3.1/../../../../arm-none-eabi/lib/thumb/v7e-m/fpv4-sp/hard\libm.a(lib_a-wf_log.o)
                                          0x6 (size before relaxing)
 .rodata.powf.str1.1
                0x0000000008072e0d        0x5 c:/st/stm32cubeide_1.0.2/stm32cubeide/plugins/com.st.stm32cube.ide.mcu.externaltools.gnu-tools-for-stm32.7-2018-q2-update.win32_1.0.0.201904181610/tools/bin/../lib/gcc/arm-none-eabi/7.3.1/../../../../arm-none-eabi/lib/thumb/v7e-m/fpv4-sp/hard\libm.a(lib_a-wf_pow.o)
 *fill*         0x0000000008072e12        0x2 
 .rodata.halF   0x0000000008072e14        0x8 c:/st/stm32cubeide_1.0.2/stm32cubeide/plugins/com.st.stm32cube.ide.mcu.externaltools.gnu-tools-for-stm32.7-2018-q2-update.win32_1.0.0.201904181610/tools/bin/../lib/gcc/arm-none-eabi/7.3.1/../../../../arm-none-eabi/lib/thumb/v7e-m/fpv4-sp/hard\libm.a(lib_a-ef_exp.o)
 .rodata.ln2HI  0x0000000008072e1c        0x8 c:/st/stm32cubeide_1.0.2/stm32cubeide/plugins/com.st.stm32cube.ide.mcu.externaltools.gnu-tools-for-stm32.7-2018-q2-update.win32_1.0.0.201904181610/tools/bin/../lib/gcc/arm-none-eabi/7.3.1/../../../../arm-none-eabi/lib/thumb/v7e-m/fpv4-sp/hard\libm.a(lib_a-ef_exp.o)
 .rodata.ln2LO  0x0000000008072e24        0x8 c:/st/stm32cubeide_1.0.2/stm32cubeide/plugins/com.st.stm32cube.ide.mcu.externaltools.gnu-tools-for-stm32.7-2018-q2-update.win32_1.0.0.201904181610/tools/bin/../lib/gcc/arm-none-eabi/7.3.1/../../../../arm-none-eabi/lib/thumb/v7e-m/fpv4-sp/hard\libm.a(lib_a-ef_exp.o)
 .rodata.__ieee754_powf.str1.1
                0x0000000008072e2c        0x1 c:/st/stm32cubeide_1.0.2/stm32cubeide/plugins/com.st.stm32cube.ide.mcu.externaltools.gnu-tools-for-stm32.7-2018-q2-update.win32_1.0.0.201904181610/tools/bin/../lib/gcc/arm-none-eabi/7.3.1/../../../../arm-none-eabi/lib/thumb/v7e-m/fpv4-sp/hard\libm.a(lib_a-ef_pow.o)
 .rodata.bp     0x0000000008072e2c        0x8 c:/st/stm32cubeide_1.0.2/stm32cubeide/plugins/com.st.stm32cube.ide.mcu.externaltools.gnu-tools-for-stm32.7-2018-q2-update.win32_1.0.0.201904181610/tools/bin/../lib/gcc/arm-none-eabi/7.3.1/../../../../arm-none-eabi/lib/thumb/v7e-m/fpv4-sp/hard\libm.a(lib_a-ef_pow.o)
 .rodata.dp_h   0x0000000008072e34        0x8 c:/st/stm32cubeide_1.0.2/stm32cubeide/plugins/com.st.stm32cube.ide.mcu.externaltools.gnu-tools-for-stm32.7-2018-q2-update.win32_1.0.0.201904181610/tools/bin/../lib/gcc/arm-none-eabi/7.3.1/../../../../arm-none-eabi/lib/thumb/v7e-m/fpv4-sp/hard\libm.a(lib_a-ef_pow.o)
 .rodata.dp_l   0x0000000008072e3c        0x8 c:/st/stm32cubeide_1.0.2/stm32cubeide/plugins/com.st.stm32cube.ide.mcu.externaltools.gnu-tools-for-stm32.7-2018-q2-update.win32_1.0.0.201904181610/tools/bin/../lib/gcc/arm-none-eabi/7.3.1/../../../../arm-none-eabi/lib/thumb/v7e-m/fpv4-sp/hard\libm.a(lib_a-ef_pow.o)
 .rodata.TWO23  0x0000000008072e44        0x8 c:/st/stm32cubeide_1.0.2/stm32cubeide/plugins/com.st.stm32cube.ide.mcu.externaltools.gnu-tools-for-stm32.7-2018-q2-update.win32_1.0.0.201904181610/tools/bin/../lib/gcc/arm-none-eabi/7.3.1/../../../../arm-none-eabi/lib/thumb/v7e-m/fpv4-sp/hard\libm.a(lib_a-sf_rint.o)
                0x0000000008072e4c                . = ALIGN (0x4)

.ARM.extab      0x0000000008072e4c        0x0
                0x0000000008072e4c                . = ALIGN (0x4)
 *(.ARM.extab* .gnu.linkonce.armextab.*)
                0x0000000008072e4c                . = ALIGN (0x4)

.ARM            0x0000000008072e4c        0x8
                0x0000000008072e4c                . = ALIGN (0x4)
                0x0000000008072e4c                __exidx_start = .
 *(.ARM.exidx*)
 .ARM.exidx     0x0000000008072e4c        0x8 c:/st/stm32cubeide_1.0.2/stm32cubeide/plugins/com.st.stm32cube.ide.mcu.externaltools.gnu-tools-for-stm32.7-2018-q2-update.win32_1.0.0.201904181610/tools/bin/../lib/gcc/arm-none-eabi/7.3.1/thumb/v7e-m/fpv4-sp/hard\libgcc.a(_udivmoddi4.o)
                0x0000000008072e54                __exidx_end = .
                0x0000000008072e54                . = ALIGN (0x4)

.rel.dyn        0x0000000008072e54        0x0
 .rel.iplt      0x0000000008072e54        0x0 c:/st/stm32cubeide_1.0.2/stm32cubeide/plugins/com.st.stm32cube.ide.mcu.externaltools.gnu-tools-for-stm32.7-2018-q2-update.win32_1.0.0.201904181610/tools/bin/../lib/gcc/arm-none-eabi/7.3.1/thumb/v7e-m/fpv4-sp/hard/crtbegin.o

.preinit_array  0x0000000008072e54        0x0
                0x0000000008072e54                . = ALIGN (0x4)
                0x0000000008072e54                PROVIDE (__preinit_array_start = .)
 *(.preinit_array*)
                0x0000000008072e54                PROVIDE (__preinit_array_end = .)
                0x0000000008072e54                . = ALIGN (0x4)

.init_array     0x0000000008072e54        0x4
                0x0000000008072e54                . = ALIGN (0x4)
                0x0000000008072e54                PROVIDE (__init_array_start = .)
 *(SORT_BY_NAME(.init_array.*))
 *(.init_array*)
 .init_array    0x0000000008072e54        0x4 c:/st/stm32cubeide_1.0.2/stm32cubeide/plugins/com.st.stm32cube.ide.mcu.externaltools.gnu-tools-for-stm32.7-2018-q2-update.win32_1.0.0.201904181610/tools/bin/../lib/gcc/arm-none-eabi/7.3.1/thumb/v7e-m/fpv4-sp/hard/crtbegin.o
                0x0000000008072e58                PROVIDE (__init_array_end = .)
                0x0000000008072e58                . = ALIGN (0x4)

.fini_array     0x0000000008072e58        0x4
                0x0000000008072e58                . = ALIGN (0x4)
                [!provide]                        PROVIDE (__fini_array_start = .)
 *(SORT_BY_NAME(.fini_array.*))
 *(.fini_array*)
 .fini_array    0x0000000008072e58        0x4 c:/st/stm32cubeide_1.0.2/stm32cubeide/plugins/com.st.stm32cube.ide.mcu.externaltools.gnu-tools-for-stm32.7-2018-q2-update.win32_1.0.0.201904181610/tools/bin/../lib/gcc/arm-none-eabi/7.3.1/thumb/v7e-m/fpv4-sp/hard/crtbegin.o
                [!provide]                        PROVIDE (__fini_array_end = .)
                0x0000000008072e5c                . = ALIGN (0x4)
                0x0000000008072e5c                _sidata = LOADADDR (.data)

.data           0x0000000020000000      0x4f4 load address 0x0000000008072e5c
                0x0000000020000000                . = ALIGN (0x4)
                0x0000000020000000                _sdata = .
 *(.data)
 *(.data*)
 .data.uwTickPrio
                0x0000000020000000        0x4 Drivers/STM32F4xx_HAL_Driver/Src/stm32f4xx_hal.o
                0x0000000020000000                uwTickPrio
 .data.uwTickFreq
                0x0000000020000004        0x1 Drivers/STM32F4xx_HAL_Driver/Src/stm32f4xx_hal.o
                0x0000000020000004                uwTickFreq
 *fill*         0x0000000020000005        0x3 
 .data.ai_input
                0x0000000020000008       0x14 Src/app_x-cube-ai.o
 .data.ai_output
                0x000000002000001c       0x14 Src/app_x-cube-ai.o
 .data.g_classes
                0x0000000020000030       0x28 Src/app_x-cube-ai.o
                0x0000000020000030                g_classes
 .data.ili9325_drv
                0x0000000020000058       0x3c Src/ili9325.o
                0x0000000020000058                ili9325_drv
 .data.g_imageclassify
                0x0000000020000094       0x50 Src/imageclassify.o
 .data.dense_2_bias_array
                0x00000000200000e4       0x10 Src/imageclassify.o
 .data.dense_2_weights_array
                0x00000000200000f4       0x10 Src/imageclassify.o
 .data.dense_1_bias_array
                0x0000000020000104       0x10 Src/imageclassify.o
 .data.dense_1_weights_array
                0x0000000020000114       0x10 Src/imageclassify.o
 .data.input_0_output_array
                0x0000000020000124       0x10 Src/imageclassify.o
 .data.dense_1_output_array
                0x0000000020000134       0x10 Src/imageclassify.o
 .data.dense_1_nl_output_array
                0x0000000020000144       0x10 Src/imageclassify.o
 .data.dense_2_output_array
                0x0000000020000154       0x10 Src/imageclassify.o
 .data.dense_2_nl_output_array
                0x0000000020000164       0x10 Src/imageclassify.o
 .data.dense_2_bias
                0x0000000020000174       0x24 Src/imageclassify.o
 .data.dense_2_weights
                0x0000000020000198       0x24 Src/imageclassify.o
 .data.dense_1_bias
                0x00000000200001bc       0x24 Src/imageclassify.o
 .data.dense_1_weights
                0x00000000200001e0       0x24 Src/imageclassify.o
 .data.input_0_output
                0x0000000020000204       0x24 Src/imageclassify.o
 .data.input_0_output0
                0x0000000020000228       0x24 Src/imageclassify.o
 .data.dense_1_output
                0x000000002000024c       0x24 Src/imageclassify.o
 .data.dense_1_nl_output
                0x0000000020000270       0x24 Src/imageclassify.o
 .data.dense_2_output
                0x0000000020000294       0x24 Src/imageclassify.o
 .data.dense_2_nl_output
                0x00000000200002b8       0x24 Src/imageclassify.o
 .data.dense_1_layer
                0x00000000200002dc       0x18 Src/imageclassify.o
 .data.dense_1_nl_layer
                0x00000000200002f4       0x1c Src/imageclassify.o
 .data.dense_2_layer
                0x0000000020000310       0x18 Src/imageclassify.o
 .data.dense_2_nl_layer
                0x0000000020000328       0x1c Src/imageclassify.o
 .data.__compound_literal.0
                0x0000000020000344        0x4 Src/imageclassify.o
 .data.__compound_literal.1
                0x0000000020000348        0x4 Src/imageclassify.o
 .data.__compound_literal.2
                0x000000002000034c        0x8 Src/imageclassify.o
 .data.__compound_literal.4
                0x0000000020000354       0x30 Src/imageclassify.o
 .data.__compound_literal.5
                0x0000000020000384        0x4 Src/imageclassify.o
 .data.__compound_literal.6
                0x0000000020000388        0x4 Src/imageclassify.o
 .data.__compound_literal.9
                0x000000002000038c       0x30 Src/imageclassify.o
 .data.__compound_literal.10
                0x00000000200003bc        0x4 Src/imageclassify.o
 .data.__compound_literal.11
                0x00000000200003c0        0x4 Src/imageclassify.o
 .data.__compound_literal.12
                0x00000000200003c4        0x8 Src/imageclassify.o
 .data.__compound_literal.14
                0x00000000200003cc       0x30 Src/imageclassify.o
 .data.__compound_literal.15
                0x00000000200003fc        0x4 Src/imageclassify.o
 .data.__compound_literal.16
                0x0000000020000400        0x4 Src/imageclassify.o
 .data.__compound_literal.19
                0x0000000020000404       0x30 Src/imageclassify.o
 .data.__compound_literal.20
                0x0000000020000434        0x4 Src/imageclassify.o
 .data.__compound_literal.23
                0x0000000020000438        0x8 Src/imageclassify.o
 .data.__compound_literal.24
                0x0000000020000440        0x4 Src/imageclassify.o
 .data.__compound_literal.27
                0x0000000020000444        0x8 Src/imageclassify.o
 .data.__compound_literal.28
                0x000000002000044c       0x18 Src/imageclassify.o
 .data.SRAM_Addr
                0x0000000020000464        0x4 Src/main.o
                0x0000000020000464                SRAM_Addr
 .data.msg      0x0000000020000468       0x14 Src/main.o
                0x0000000020000468                msg
 .data.ptr      0x000000002000047c        0x4 Src/main.o
                0x000000002000047c                ptr
 .data.Font24   0x0000000020000480        0x8 Src/stm32_lcd_bsp.o
                0x0000000020000480                Font24
 .data.SystemCoreClock
                0x0000000020000488        0x4 Src/system_stm32f4xx.o
                0x0000000020000488                SystemCoreClock
 .data._impure_ptr
                0x000000002000048c        0x4 c:/st/stm32cubeide_1.0.2/stm32cubeide/plugins/com.st.stm32cube.ide.mcu.externaltools.gnu-tools-for-stm32.7-2018-q2-update.win32_1.0.0.201904181610/tools/bin/../lib/gcc/arm-none-eabi/7.3.1/../../../../arm-none-eabi/lib/thumb/v7e-m/fpv4-sp/hard\libc_nano.a(lib_a-impure.o)
                0x000000002000048c                _impure_ptr
 .data.impure_data
                0x0000000020000490       0x60 c:/st/stm32cubeide_1.0.2/stm32cubeide/plugins/com.st.stm32cube.ide.mcu.externaltools.gnu-tools-for-stm32.7-2018-q2-update.win32_1.0.0.201904181610/tools/bin/../lib/gcc/arm-none-eabi/7.3.1/../../../../arm-none-eabi/lib/thumb/v7e-m/fpv4-sp/hard\libc_nano.a(lib_a-impure.o)
 .data.__fdlib_version
                0x00000000200004f0        0x1 c:/st/stm32cubeide_1.0.2/stm32cubeide/plugins/com.st.stm32cube.ide.mcu.externaltools.gnu-tools-for-stm32.7-2018-q2-update.win32_1.0.0.201904181610/tools/bin/../lib/gcc/arm-none-eabi/7.3.1/../../../../arm-none-eabi/lib/thumb/v7e-m/fpv4-sp/hard\libm.a(lib_a-s_lib_ver.o)
                0x00000000200004f0                __fdlib_version
                0x00000000200004f4                . = ALIGN (0x4)
 *fill*         0x00000000200004f1        0x3 
                0x00000000200004f4                _edata = .

.igot.plt       0x00000000200004f4        0x0 load address 0x0000000008073350
 .igot.plt      0x00000000200004f4        0x0 c:/st/stm32cubeide_1.0.2/stm32cubeide/plugins/com.st.stm32cube.ide.mcu.externaltools.gnu-tools-for-stm32.7-2018-q2-update.win32_1.0.0.201904181610/tools/bin/../lib/gcc/arm-none-eabi/7.3.1/thumb/v7e-m/fpv4-sp/hard/crtbegin.o
                0x00000000200004f4                . = ALIGN (0x4)

.bss            0x00000000200004f4     0xfb1c load address 0x0000000008073350
                0x00000000200004f4                _sbss = .
                0x00000000200004f4                __bss_start__ = _sbss
 *(.bss)
 .bss           0x00000000200004f4       0x1c c:/st/stm32cubeide_1.0.2/stm32cubeide/plugins/com.st.stm32cube.ide.mcu.externaltools.gnu-tools-for-stm32.7-2018-q2-update.win32_1.0.0.201904181610/tools/bin/../lib/gcc/arm-none-eabi/7.3.1/thumb/v7e-m/fpv4-sp/hard/crtbegin.o
 *(.bss*)
 .bss.imageclassify
                0x0000000020000510        0x4 Src/app_x-cube-ai.o