stm32f4xx_hal_dcmi.c:178:26:HAL_DCMI_Init	16	static
stm32f4xx_hal_dcmi.c:263:19:HAL_DCMI_DeInit	16	static
stm32f4xx_hal_dcmi.c:295:13:HAL_DCMI_MspInit	16	static
stm32f4xx_hal_dcmi.c:310:13:HAL_DCMI_MspDeInit	16	static
stm32f4xx_hal_dcmi.c:348:19:HAL_DCMI_Start_DMA	40	static
stm32f4xx_hal_dcmi.c:431:19:HAL_DCMI_Stop	24	static
stm32f4xx_hal_dcmi.c:484:19:HAL_DCMI_Suspend	24	static
stm32f4xx_hal_dcmi.c:530:19:HAL_DCMI_Resume	16	static
stm32f4xx_hal_dcmi.c:556:6:HAL_DCMI_IRQHandler	24	static
stm32f4xx_hal_dcmi.c:653:13:HAL_DCMI_ErrorCallback	16	static
stm32f4xx_hal_dcmi.c:668:13:HAL_DCMI_LineEventCallback	16	static
stm32f4xx_hal_dcmi.c:683:13:HAL_DCMI_VsyncEventCallback	16	static
stm32f4xx_hal_dcmi.c:698:13:HAL_DCMI_FrameEventCallback	16	static
stm32f4xx_hal_dcmi.c:736:19:HAL_DCMI_ConfigCrop	24	static
stm32f4xx_hal_dcmi.c:769:19:HAL_DCMI_DisableCrop	16	static
stm32f4xx_hal_dcmi.c:795:19:HAL_DCMI_EnableCrop	16	static
stm32f4xx_hal_dcmi.c:841:23:HAL_DCMI_GetState	16	static
stm32f4xx_hal_dcmi.c:852:10:HAL_DCMI_GetError	16	static
stm32f4xx_hal_dcmi.c:1037:13:DCMI_DMAXferCplt	24	static
stm32f4xx_hal_dcmi.c:1094:13:DCMI_DMAError	24	static
