main.c:116:5:main	48	static
main.c:220:6:SystemClock_Config	88	static
main.c:280:13:MX_CRC_Init	8	static
main.c:306:13:MX_DCMI_Init	8	static
main.c:339:13:MX_I2C2_Init	8	static
main.c:373:13:MX_USART1_UART_Init	8	static
main.c:404:13:MX_DMA_Init	16	static
main.c:422:13:MX_GPIO_Init	64	static
main.c:529:13:MX_FSMC_Init	40	static
main.c:619:1:resizePixels	40	static
main.c:649:6:ImageResize	136	static
main.c:718:6:convert_Grayscale	40	static
main.c:734:6:convert_8Bit_Grayscale	32	static
main.c:752:1:__io_putchar	16	static
main.c:765:6:Error_Handler	4	static
