main.c:120:5:main	48	static
main.c:242:6:SystemClock_Config	88	static
main.c:302:13:MX_CRC_Init	8	static
main.c:328:13:MX_DCMI_Init	8	static
main.c:361:13:MX_I2C2_Init	8	static
main.c:395:13:MX_USART1_UART_Init	8	static
main.c:426:13:MX_DMA_Init	16	static
main.c:444:13:MX_GPIO_Init	64	static
main.c:551:13:MX_FSMC_Init	40	static
main.c:643:6:HAL_DCMI_FrameEventCallback	16	static
main.c:649:6:HAL_DCMI_LineEventCallback	16	static
main.c:655:6:HAL_DCMI_ErrorCallback	16	static
main.c:661:1:resizePixels	40	static
main.c:691:6:ImageResize	136	static
main.c:760:6:convert_Grayscale	40	static
main.c:776:6:convert_8Bit_Grayscale	32	static
main.c:794:1:__io_putchar	16	static
main.c:807:6:Error_Handler	4	static
