stm32_lcd_bsp.c:115:9:BSP_LCD_Init	16	static
stm32_lcd_bsp.c:143:10:BSP_LCD_GetXSize	8	static
stm32_lcd_bsp.c:152:10:BSP_LCD_GetYSize	8	static
stm32_lcd_bsp.c:161:10:BSP_LCD_GetTextColor	4	static
stm32_lcd_bsp.c:170:10:BSP_LCD_GetBackColor	4	static
stm32_lcd_bsp.c:180:6:BSP_LCD_SetTextColor	16	static
stm32_lcd_bsp.c:190:6:BSP_LCD_SetBackColor	16	static
stm32_lcd_bsp.c:200:6:BSP_LCD_SetFont	16	static
stm32_lcd_bsp.c:209:8:BSP_LCD_GetFont	4	static
stm32_lcd_bsp.c:219:6:BSP_LCD_Clear	32	static
stm32_lcd_bsp.c:244:6:BSP_LCD_ClearStringLine	32	static
stm32_lcd_bsp.c:264:6:BSP_LCD_DisplayChar	16	static
stm32_lcd_bsp.c:282:6:BSP_LCD_DisplayStringAt	48	static
stm32_lcd_bsp.c:341:6:BSP_LCD_DisplayStringAtLine	16	static
stm32_lcd_bsp.c:352:10:BSP_LCD_ReadPixel	24	static
stm32_lcd_bsp.c:371:6:BSP_LCD_DrawHLine	32	static
stm32_lcd_bsp.c:395:6:BSP_LCD_DrawVLine	32	static
stm32_lcd_bsp.c:420:6:BSP_LCD_DrawLine	56	static
stm32_lcd_bsp.c:495:6:BSP_LCD_DrawRect	24	static
stm32_lcd_bsp.c:513:6:BSP_LCD_DrawCircle	32	static
stm32_lcd_bsp.c:563:6:BSP_LCD_DrawPolygon	32	static
stm32_lcd_bsp.c:592:6:BSP_LCD_DrawEllipse	56	static
stm32_lcd_bsp.c:625:6:BSP_LCD_DrawBitmap	32	static
stm32_lcd_bsp.c:657:6:BSP_LCD_DrawRGBImage	32	static
stm32_lcd_bsp.c:677:6:BSP_LCD_FillRect	24	static
stm32_lcd_bsp.c:694:6:BSP_LCD_FillCircle	32	static
stm32_lcd_bsp.c:744:6:BSP_LCD_FillEllipse	56	static
stm32_lcd_bsp.c:774:6:BSP_LCD_DisplayOn	8	static
stm32_lcd_bsp.c:783:6:BSP_LCD_DisplayOff	8	static
stm32_lcd_bsp.c:806:13:LCD_DrawPixel	16	static
stm32_lcd_bsp.c:821:13:LCD_DrawChar	48	static
stm32_lcd_bsp.c:892:13:LCD_SetDisplayWindow	24	static
